<html>
<body>
<pre>
<h1>礦ision Build Log</h1>
<h2>Project:</h2>
D:\STM32工程文件\实验六图像采集\Project\图像采集.uvproj
Project File Date:  08/21/2014

<h2>Output:</h2>
Build target '图像采集'
compiling Application.c...
compiling main.c...
compiling stm32f10x_it.c...
compiling LED.c...
compiling KEY.c...
compiling EXIT.c...
compiling USART.c...
compiling misc.c...
compiling stm32f10x_adc.c...
compiling stm32f10x_bkp.c...
compiling stm32f10x_can.c...
compiling stm32f10x_cec.c...
compiling stm32f10x_crc.c...
compiling stm32f10x_dac.c...
compiling stm32f10x_dbgmcu.c...
compiling stm32f10x_dma.c...
compiling stm32f10x_exti.c...
compiling stm32f10x_flash.c...
compiling stm32f10x_fsmc.c...
compiling stm32f10x_gpio.c...
compiling stm32f10x_i2c.c...
compiling stm32f10x_iwdg.c...
compiling stm32f10x_pwr.c...
compiling stm32f10x_rcc.c...
compiling stm32f10x_rtc.c...
compiling stm32f10x_sdio.c...
compiling stm32f10x_spi.c...
compiling stm32f10x_tim.c...
compiling stm32f10x_usart.c...
compiling stm32f10x_wwdg.c...
compiling core_cm3.c...
compiling system_stm32f10x.c...
linking...
Program Size: Code=4932 RO-data=268 RW-data=44 ZI-data=1028  
FromELF: creating hex file...
".\Obj\图像采集.axf" - 0 Error(s), 0 Warning(s).
