<html>
<body>
<pre>
<h1>礦ision Build Log</h1>
<h2>Project:</h2>
E:\Git\Two-River-Cup\摄像头采集处理\实验6图像采集\Project\图像采集.uvproj
Project File Date:  04/29/2015

<h2>Output:</h2>
Load "E:\\Git\\Two-River-Cup\\摄像头采集处理\\实验6图像采集\\Project\\Obj\\图像采集.AXF" 
Set JLink Project File to "E:\Git\Two-River-Cup\摄像头采集处理\实验6图像采集\Project\JLinkSettings.ini"
 
JLink info:
------------
DLL: V4.20p, compiled Nov 19 2010 15:55:07
Firmware: J-Link ARM V8 compiled Sep 20 2013 15:09:45
Hardware: V8.00
S/N : 17935099 
Feature(s) : RDI,FlashDL,FlashBP,JFlash 
 
* JLink Info: Found SWD-DP with ID 0x1BA01477
* JLink Info: TPIU fitted.
* JLink Info:   FPUnit: 6 code (BP) slots and 2 literal slots
ROMTableAddr = 0xE00FF003
 
Target info:
------------
Device: STM32F103RB
VTarget = 3.267V
State of Pins: 
TCK: 0, TDI: 1, TDO: 1, TMS: 1, TRES: 1, TRST: 1
Hardware-Breakpoints: 6
Software-Breakpoints: 2048
Watchpoints:          4
JTAG speed: 2000 kHz
 
Erase Done.
Programming Done.
Verify OK.
* JLink Info: Found SWD-DP with ID 0x1BA01477
* JLink Info: TPIU fitted.
* JLink Info:   FPUnit: 6 code (BP) slots and 2 literal slots
Application running ...
Build target '图像采集'
compiling OV7670.c...
..\User\bsp\OV7670.c(309): warning:  #550-D: variable "t2" was set but never used
linking...
Program Size: Code=10176 RO-data=268 RW-data=100 ZI-data=7588  
FromELF: creating hex file...
".\Obj\图像采集.axf" - 0 Error(s), 1 Warning(s).
Build target '图像采集'
linking...
Program Size: Code=10176 RO-data=268 RW-data=100 ZI-data=7588  
FromELF: creating hex file...
".\Obj\图像采集.axf" - 0 Error(s), 0 Warning(s).
Load "E:\\Git\\Two-River-Cup\\摄像头采集处理\\实验6图像采集\\Project\\Obj\\图像采集.AXF" 
Set JLink Project File to "E:\Git\Two-River-Cup\摄像头采集处理\实验6图像采集\Project\JLinkSettings.ini"
 
JLink info:
------------
DLL: V4.20p, compiled Nov 19 2010 15:55:07
Firmware: J-Link ARM V8 compiled Sep 20 2013 15:09:45
Hardware: V8.00
S/N : 17935099 
Feature(s) : RDI,FlashDL,FlashBP,JFlash 
 
* JLink Info: Found SWD-DP with ID 0x1BA01477
* JLink Info: TPIU fitted.
* JLink Info:   FPUnit: 6 code (BP) slots and 2 literal slots
ROMTableAddr = 0xE00FF003
 
Target info:
------------
Device: STM32F103RB
VTarget = 3.267V
State of Pins: 
TCK: 0, TDI: 1, TDO: 1, TMS: 1, TRES: 1, TRST: 1
Hardware-Breakpoints: 6
Software-Breakpoints: 2048
Watchpoints:          0
JTAG speed: 2000 kHz
 
Erase Done.
Programming Done.
Verify OK.
* JLink Info: Found SWD-DP with ID 0x1BA01477
* JLink Info: TPIU fitted.
* JLink Info:   FPUnit: 6 code (BP) slots and 2 literal slots
Application running ...
Build target '图像采集'
compiling Application.c...
linking...
Program Size: Code=10196 RO-data=268 RW-data=100 ZI-data=7588  
FromELF: creating hex file...
".\Obj\图像采集.axf" - 0 Error(s), 0 Warning(s).
Build target '图像采集'
linking...
Program Size: Code=10196 RO-data=268 RW-data=100 ZI-data=7588  
FromELF: creating hex file...
".\Obj\图像采集.axf" - 0 Error(s), 0 Warning(s).
Load "E:\\Git\\Two-River-Cup\\摄像头采集处理\\实验6图像采集\\Project\\Obj\\图像采集.AXF" 
Set JLink Project File to "E:\Git\Two-River-Cup\摄像头采集处理\实验6图像采集\Project\JLinkSettings.ini"
 
JLink info:
------------
DLL: V4.20p, compiled Nov 19 2010 15:55:07
Firmware: J-Link ARM V8 compiled Sep 20 2013 15:09:45
Hardware: V8.00
S/N : 17935099 
Feature(s) : RDI,FlashDL,FlashBP,JFlash 
 
* JLink Info: Found SWD-DP with ID 0x1BA01477
* JLink Info: TPIU fitted.
* JLink Info:   FPUnit: 6 code (BP) slots and 2 literal slots
ROMTableAddr = 0xE00FF003
 
Target info:
------------
Device: STM32F103RB
VTarget = 3.267V
State of Pins: 
TCK: 0, TDI: 1, TDO: 1, TMS: 1, TRES: 1, TRST: 1
Hardware-Breakpoints: 6
Software-Breakpoints: 2048
Watchpoints:          0
JTAG speed: 2000 kHz
 
Erase Done.
Programming Done.
Verify OK.
* JLink Info: Found SWD-DP with ID 0x1BA01477
* JLink Info: TPIU fitted.
* JLink Info:   FPUnit: 6 code (BP) slots and 2 literal slots
Application running ...
Build target '图像采集'
compiling OV7670.c...
..\User\bsp\OV7670.c(309): warning:  #550-D: variable "t2" was set but never used
linking...
Program Size: Code=10204 RO-data=268 RW-data=100 ZI-data=7588  
FromELF: creating hex file...
".\Obj\图像采集.axf" - 0 Error(s), 1 Warning(s).
Build target '图像采集'
linking...
Program Size: Code=10204 RO-data=268 RW-data=100 ZI-data=7588  
FromELF: creating hex file...
".\Obj\图像采集.axf" - 0 Error(s), 0 Warning(s).
Load "E:\\Git\\Two-River-Cup\\摄像头采集处理\\实验6图像采集\\Project\\Obj\\图像采集.AXF" 
Set JLink Project File to "E:\Git\Two-River-Cup\摄像头采集处理\实验6图像采集\Project\JLinkSettings.ini"
 
JLink info:
------------
DLL: V4.20p, compiled Nov 19 2010 15:55:07
Firmware: J-Link ARM V8 compiled Sep 20 2013 15:09:45
Hardware: V8.00
S/N : 17935099 
Feature(s) : RDI,FlashDL,FlashBP,JFlash 
 
* JLink Info: Found SWD-DP with ID 0x1BA01477
* JLink Info: TPIU fitted.
* JLink Info:   FPUnit: 6 code (BP) slots and 2 literal slots
ROMTableAddr = 0xE00FF003
 
Target info:
------------
Device: STM32F103RB
VTarget = 3.267V
State of Pins: 
TCK: 0, TDI: 1, TDO: 1, TMS: 1, TRES: 1, TRST: 1
Hardware-Breakpoints: 6
Software-Breakpoints: 2048
Watchpoints:          0
JTAG speed: 2000 kHz
 
Erase Done.
Programming Done.
Verify OK.
* JLink Info: Found SWD-DP with ID 0x1BA01477
* JLink Info: TPIU fitted.
* JLink Info:   FPUnit: 6 code (BP) slots and 2 literal slots
Application running ...
Build target '图像采集'
compiling Application.c...
linking...
Program Size: Code=10208 RO-data=268 RW-data=100 ZI-data=7588  
FromELF: creating hex file...
".\Obj\图像采集.axf" - 0 Error(s), 0 Warning(s).
Build target '图像采集'
compiling Application.c...
linking...
Program Size: Code=10184 RO-data=268 RW-data=100 ZI-data=7588  
FromELF: creating hex file...
".\Obj\图像采集.axf" - 0 Error(s), 0 Warning(s).
Load "E:\\Git\\Two-River-Cup\\摄像头采集处理\\实验6图像采集\\Project\\Obj\\图像采集.AXF" 
Set JLink Project File to "E:\Git\Two-River-Cup\摄像头采集处理\实验6图像采集\Project\JLinkSettings.ini"
 
JLink info:
------------
DLL: V4.20p, compiled Nov 19 2010 15:55:07
Firmware: J-Link ARM V8 compiled Sep 20 2013 15:09:45
Hardware: V8.00
S/N : 17935099 
Feature(s) : RDI,FlashDL,FlashBP,JFlash 
 
* JLink Info: Found SWD-DP with ID 0x1BA01477
* JLink Info: TPIU fitted.
* JLink Info:   FPUnit: 6 code (BP) slots and 2 literal slots
ROMTableAddr = 0xE00FF003
 
Target info:
------------
Device: STM32F103RB
VTarget = 3.267V
State of Pins: 
TCK: 0, TDI: 1, TDO: 1, TMS: 1, TRES: 1, TRST: 1
Hardware-Breakpoints: 6
Software-Breakpoints: 2048
Watchpoints:          0
JTAG speed: 2000 kHz
 
Erase Done.
Programming Done.
Verify OK.
* JLink Info: Found SWD-DP with ID 0x1BA01477
* JLink Info: TPIU fitted.
* JLink Info:   FPUnit: 6 code (BP) slots and 2 literal slots
Application running ...
Build target '图像采集'
compiling Application.c...
linking...
Program Size: Code=10204 RO-data=268 RW-data=100 ZI-data=7588  
FromELF: creating hex file...
".\Obj\图像采集.axf" - 0 Error(s), 0 Warning(s).
Build target '图像采集'
linking...
Program Size: Code=10204 RO-data=268 RW-data=100 ZI-data=7588  
FromELF: creating hex file...
".\Obj\图像采集.axf" - 0 Error(s), 0 Warning(s).
Load "E:\\Git\\Two-River-Cup\\摄像头采集处理\\实验6图像采集\\Project\\Obj\\图像采集.AXF" 
Set JLink Project File to "E:\Git\Two-River-Cup\摄像头采集处理\实验6图像采集\Project\JLinkSettings.ini"
 
JLink info:
------------
DLL: V4.20p, compiled Nov 19 2010 15:55:07
Firmware: J-Link ARM V8 compiled Sep 20 2013 15:09:45
Hardware: V8.00
S/N : 17935099 
Feature(s) : RDI,FlashDL,FlashBP,JFlash 
 
* JLink Info: Found SWD-DP with ID 0x1BA01477
* JLink Info: TPIU fitted.
* JLink Info:   FPUnit: 6 code (BP) slots and 2 literal slots
ROMTableAddr = 0xE00FF003
 
Target info:
------------
Device: STM32F103RB
VTarget = 3.267V
State of Pins: 
TCK: 0, TDI: 1, TDO: 1, TMS: 1, TRES: 1, TRST: 1
Hardware-Breakpoints: 6
Software-Breakpoints: 2048
Watchpoints:          0
JTAG speed: 2000 kHz
 
Erase Done.
Programming Done.
Verify OK.
* JLink Info: Found SWD-DP with ID 0x1BA01477
* JLink Info: TPIU fitted.
* JLink Info:   FPUnit: 6 code (BP) slots and 2 literal slots
Application running ...
Build target '图像采集'
compiling Application.c...
compiling OV7670.c...
..\User\bsp\OV7670.c(309): warning:  #550-D: variable "t2" was set but never used
linking...
Program Size: Code=10172 RO-data=268 RW-data=100 ZI-data=7588  
FromELF: creating hex file...
".\Obj\图像采集.axf" - 0 Error(s), 1 Warning(s).
Build target '图像采集'
compiling Application.c...
linking...
Program Size: Code=10196 RO-data=268 RW-data=100 ZI-data=7588  
FromELF: creating hex file...
".\Obj\图像采集.axf" - 0 Error(s), 0 Warning(s).
Build target '图像采集'
linking...
Program Size: Code=10196 RO-data=268 RW-data=100 ZI-data=7588  
FromELF: creating hex file...
".\Obj\图像采集.axf" - 0 Error(s), 0 Warning(s).
Load "E:\\Git\\Two-River-Cup\\摄像头采集处理\\实验6图像采集\\Project\\Obj\\图像采集.AXF" 
Set JLink Project File to "E:\Git\Two-River-Cup\摄像头采集处理\实验6图像采集\Project\JLinkSettings.ini"
 
JLink info:
------------
DLL: V4.20p, compiled Nov 19 2010 15:55:07
Firmware: J-Link ARM V8 compiled Sep 20 2013 15:09:45
Hardware: V8.00
S/N : 17935099 
Feature(s) : RDI,FlashDL,FlashBP,JFlash 
 
* JLink Info: Found SWD-DP with ID 0x1BA01477
* JLink Info: TPIU fitted.
* JLink Info:   FPUnit: 6 code (BP) slots and 2 literal slots
ROMTableAddr = 0xE00FF003
 
Target info:
------------
Device: STM32F103RB
VTarget = 3.267V
State of Pins: 
TCK: 0, TDI: 1, TDO: 1, TMS: 1, TRES: 1, TRST: 1
Hardware-Breakpoints: 6
Software-Breakpoints: 2048
Watchpoints:          0
JTAG speed: 2000 kHz
 
Erase Done.
Programming Done.
Verify OK.
* JLink Info: Found SWD-DP with ID 0x1BA01477
* JLink Info: TPIU fitted.
* JLink Info:   FPUnit: 6 code (BP) slots and 2 literal slots
Application running ...
Build target '图像采集'
compiling OV7670.c...
..\User\bsp\OV7670.c(309): warning:  #550-D: variable "t2" was set but never used
linking...
Program Size: Code=10196 RO-data=268 RW-data=100 ZI-data=7588  
FromELF: creating hex file...
".\Obj\图像采集.axf" - 0 Error(s), 1 Warning(s).
Build target '图像采集'
linking...
Program Size: Code=10196 RO-data=268 RW-data=100 ZI-data=7588  
FromELF: creating hex file...
".\Obj\图像采集.axf" - 0 Error(s), 0 Warning(s).
Load "E:\\Git\\Two-River-Cup\\摄像头采集处理\\实验6图像采集\\Project\\Obj\\图像采集.AXF" 
Set JLink Project File to "E:\Git\Two-River-Cup\摄像头采集处理\实验6图像采集\Project\JLinkSettings.ini"
 
JLink info:
------------
DLL: V4.20p, compiled Nov 19 2010 15:55:07
Firmware: J-Link ARM V8 compiled Sep 20 2013 15:09:45
Hardware: V8.00
S/N : 17935099 
Feature(s) : RDI,FlashDL,FlashBP,JFlash 
 
* JLink Info: Found SWD-DP with ID 0x1BA01477
* JLink Info: TPIU fitted.
* JLink Info:   FPUnit: 6 code (BP) slots and 2 literal slots
ROMTableAddr = 0xE00FF003
 
Target info:
------------
Device: STM32F103RB
VTarget = 3.267V
State of Pins: 
TCK: 0, TDI: 1, TDO: 1, TMS: 1, TRES: 1, TRST: 1
Hardware-Breakpoints: 6
Software-Breakpoints: 2048
Watchpoints:          0
JTAG speed: 2000 kHz
 
Erase Done.
Programming Done.
Verify OK.
* JLink Info: Found SWD-DP with ID 0x1BA01477
* JLink Info: TPIU fitted.
* JLink Info:   FPUnit: 6 code (BP) slots and 2 literal slots
Application running ...
Build target '图像采集'
linking...
Program Size: Code=10196 RO-data=268 RW-data=100 ZI-data=7588  
FromELF: creating hex file...
".\Obj\图像采集.axf" - 0 Error(s), 0 Warning(s).
Build target '图像采集'
linking...
Program Size: Code=10196 RO-data=268 RW-data=100 ZI-data=7588  
FromELF: creating hex file...
".\Obj\图像采集.axf" - 0 Error(s), 0 Warning(s).
Load "E:\\Git\\Two-River-Cup\\摄像头采集处理\\实验6图像采集\\Project\\Obj\\图像采集.AXF" 
Set JLink Project File to "E:\Git\Two-River-Cup\摄像头采集处理\实验6图像采集\Project\JLinkSettings.ini"
 
JLink info:
------------
DLL: V4.20p, compiled Nov 19 2010 15:55:07
Firmware: J-Link ARM V8 compiled Sep 20 2013 15:09:45
Hardware: V8.00
S/N : 17935099 
Feature(s) : RDI,FlashDL,FlashBP,JFlash 
 
* JLink Info: Found SWD-DP with ID 0x1BA01477
* JLink Info: TPIU fitted.
* JLink Info:   FPUnit: 6 code (BP) slots and 2 literal slots
ROMTableAddr = 0xE00FF003
 
Target info:
------------
Device: STM32F103RB
VTarget = 3.267V
State of Pins: 
TCK: 0, TDI: 1, TDO: 1, TMS: 1, TRES: 1, TRST: 1
Hardware-Breakpoints: 6
Software-Breakpoints: 2048
Watchpoints:          0
JTAG speed: 2000 kHz
 
Erase Done.
Programming Done.
Verify OK.
* JLink Info: Found SWD-DP with ID 0x1BA01477
* JLink Info: TPIU fitted.
* JLink Info:   FPUnit: 6 code (BP) slots and 2 literal slots
Application running ...
Build target '图像采集'
compiling OV7670.c...
..\User\bsp\OV7670.c(309): warning:  #550-D: variable "t2" was set but never used
linking...
Program Size: Code=10196 RO-data=268 RW-data=100 ZI-data=7588  
FromELF: creating hex file...
".\Obj\图像采集.axf" - 0 Error(s), 1 Warning(s).
Build target '图像采集'
linking...
Program Size: Code=10196 RO-data=268 RW-data=100 ZI-data=7588  
FromELF: creating hex file...
".\Obj\图像采集.axf" - 0 Error(s), 0 Warning(s).
Build target '图像采集'
compiling OV7670.c...
..\User\bsp\OV7670.c(309): warning:  #550-D: variable "t2" was set but never used
linking...
Program Size: Code=10196 RO-data=268 RW-data=100 ZI-data=7588  
FromELF: creating hex file...
".\Obj\图像采集.axf" - 0 Error(s), 1 Warning(s).
Load "E:\\Git\\Two-River-Cup\\摄像头采集处理\\实验6图像采集\\Project\\Obj\\图像采集.AXF" 
Set JLink Project File to "E:\Git\Two-River-Cup\摄像头采集处理\实验6图像采集\Project\JLinkSettings.ini"
 
JLink info:
------------
DLL: V4.20p, compiled Nov 19 2010 15:55:07
Firmware: J-Link ARM V8 compiled Sep 20 2013 15:09:45
Hardware: V8.00
S/N : 17935099 
Feature(s) : RDI,FlashDL,FlashBP,JFlash 
 
* JLink Info: Found SWD-DP with ID 0x1BA01477
* JLink Info: TPIU fitted.
* JLink Info:   FPUnit: 6 code (BP) slots and 2 literal slots
ROMTableAddr = 0xE00FF003
 
Target info:
------------
Device: STM32F103RB
VTarget = 3.267V
State of Pins: 
TCK: 0, TDI: 1, TDO: 1, TMS: 1, TRES: 1, TRST: 1
Hardware-Breakpoints: 6
Software-Breakpoints: 2048
Watchpoints:          0
JTAG speed: 2000 kHz
 
Erase Done.
Programming Done.
Verify OK.
* JLink Info: Found SWD-DP with ID 0x1BA01477
* JLink Info: TPIU fitted.
* JLink Info:   FPUnit: 6 code (BP) slots and 2 literal slots
Application running ...
Build target '图像采集'
compiling Application.c...
linking...
Program Size: Code=10176 RO-data=268 RW-data=100 ZI-data=7588  
FromELF: creating hex file...
".\Obj\图像采集.axf" - 0 Error(s), 0 Warning(s).
Load "E:\\Git\\Two-River-Cup\\摄像头采集处理\\实验6图像采集\\Project\\Obj\\图像采集.AXF" 
Set JLink Project File to "E:\Git\Two-River-Cup\摄像头采集处理\实验6图像采集\Project\JLinkSettings.ini"
 
JLink info:
------------
DLL: V4.20p, compiled Nov 19 2010 15:55:07
Firmware: J-Link ARM V8 compiled Sep 20 2013 15:09:45
Hardware: V8.00
S/N : 17935099 
Feature(s) : RDI,FlashDL,FlashBP,JFlash 
 
* JLink Info: Found SWD-DP with ID 0x1BA01477
* JLink Info: TPIU fitted.
* JLink Info:   FPUnit: 6 code (BP) slots and 2 literal slots
ROMTableAddr = 0xE00FF003
 
Target info:
------------
Device: STM32F103RB
VTarget = 3.267V
State of Pins: 
TCK: 0, TDI: 1, TDO: 1, TMS: 1, TRES: 1, TRST: 1
Hardware-Breakpoints: 6
Software-Breakpoints: 2048
Watchpoints:          0
JTAG speed: 2000 kHz
 
Erase Done.
Programming Done.
Verify OK.
* JLink Info: Found SWD-DP with ID 0x1BA01477
* JLink Info: TPIU fitted.
* JLink Info:   FPUnit: 6 code (BP) slots and 2 literal slots
Application running ...
Build target '图像采集'
compiling Application.c...
linking...
Program Size: Code=10196 RO-data=268 RW-data=100 ZI-data=7588  
FromELF: creating hex file...
".\Obj\图像采集.axf" - 0 Error(s), 0 Warning(s).
Load "E:\\Git\\Two-River-Cup\\摄像头采集处理\\实验6图像采集\\Project\\Obj\\图像采集.AXF" 
Set JLink Project File to "E:\Git\Two-River-Cup\摄像头采集处理\实验6图像采集\Project\JLinkSettings.ini"
 
JLink info:
------------
DLL: V4.20p, compiled Nov 19 2010 15:55:07
Firmware: J-Link ARM V8 compiled Sep 20 2013 15:09:45
Hardware: V8.00
S/N : 17935099 
Feature(s) : RDI,FlashDL,FlashBP,JFlash 
 
* JLink Info: Found SWD-DP with ID 0x1BA01477
* JLink Info: TPIU fitted.
* JLink Info:   FPUnit: 6 code (BP) slots and 2 literal slots
ROMTableAddr = 0xE00FF003
 
Target info:
------------
Device: STM32F103RB
VTarget = 3.267V
State of Pins: 
TCK: 0, TDI: 1, TDO: 1, TMS: 1, TRES: 1, TRST: 1
Hardware-Breakpoints: 6
Software-Breakpoints: 2048
Watchpoints:          0
JTAG speed: 2000 kHz
 
Erase Done.
Programming Done.
Verify OK.
* JLink Info: Found SWD-DP with ID 0x1BA01477
* JLink Info: TPIU fitted.
* JLink Info:   FPUnit: 6 code (BP) slots and 2 literal slots
Application running ...
Build target '图像采集'
compiling OV7670.c...
..\User\bsp\OV7670.c(309): warning:  #550-D: variable "t2" was set but never used
linking...
Program Size: Code=10196 RO-data=268 RW-data=100 ZI-data=7588  
FromELF: creating hex file...
".\Obj\图像采集.axf" - 0 Error(s), 1 Warning(s).
Build target '图像采集'
linking...
Program Size: Code=10196 RO-data=268 RW-data=100 ZI-data=7588  
FromELF: creating hex file...
".\Obj\图像采集.axf" - 0 Error(s), 0 Warning(s).
Load "E:\\Git\\Two-River-Cup\\摄像头采集处理\\实验6图像采集\\Project\\Obj\\图像采集.AXF" 
Set JLink Project File to "E:\Git\Two-River-Cup\摄像头采集处理\实验6图像采集\Project\JLinkSettings.ini"
 
JLink info:
------------
DLL: V4.20p, compiled Nov 19 2010 15:55:07
Firmware: J-Link ARM V8 compiled Sep 20 2013 15:09:45
Hardware: V8.00
S/N : 17935099 
Feature(s) : RDI,FlashDL,FlashBP,JFlash 
 
* JLink Info: Found SWD-DP with ID 0x1BA01477
* JLink Info: TPIU fitted.
* JLink Info:   FPUnit: 6 code (BP) slots and 2 literal slots
ROMTableAddr = 0xE00FF003
 
Target info:
------------
Device: STM32F103RB
VTarget = 3.261V
State of Pins: 
TCK: 0, TDI: 1, TDO: 1, TMS: 1, TRES: 1, TRST: 1
Hardware-Breakpoints: 6
Software-Breakpoints: 2048
Watchpoints:          0
JTAG speed: 2000 kHz
 
Erase Done.
Programming Done.
Verify OK.
* JLink Info: Found SWD-DP with ID 0x1BA01477
* JLink Info: TPIU fitted.
* JLink Info:   FPUnit: 6 code (BP) slots and 2 literal slots
Application running ...
Build target '图像采集'
compiling Application.c...
linking...
Program Size: Code=10176 RO-data=268 RW-data=100 ZI-data=7588  
FromELF: creating hex file...
".\Obj\图像采集.axf" - 0 Error(s), 0 Warning(s).
Load "E:\\Git\\Two-River-Cup\\摄像头采集处理\\实验6图像采集\\Project\\Obj\\图像采集.AXF" 
Set JLink Project File to "E:\Git\Two-River-Cup\摄像头采集处理\实验6图像采集\Project\JLinkSettings.ini"
 
JLink info:
------------
DLL: V4.20p, compiled Nov 19 2010 15:55:07
Firmware: J-Link ARM V8 compiled Sep 20 2013 15:09:45
Hardware: V8.00
S/N : 17935099 
Feature(s) : RDI,FlashDL,FlashBP,JFlash 
 
* JLink Info: Found SWD-DP with ID 0x1BA01477
* JLink Info: TPIU fitted.
* JLink Info:   FPUnit: 6 code (BP) slots and 2 literal slots
ROMTableAddr = 0xE00FF003
 
Target info:
------------
Device: STM32F103RB
VTarget = 3.261V
State of Pins: 
TCK: 0, TDI: 1, TDO: 1, TMS: 1, TRES: 1, TRST: 1
Hardware-Breakpoints: 6
Software-Breakpoints: 2048
Watchpoints:          4
JTAG speed: 2000 kHz
 
Erase Done.
Programming Done.
Verify OK.
* JLink Info: Found SWD-DP with ID 0x1BA01477
* JLink Info: TPIU fitted.
* JLink Info:   FPUnit: 6 code (BP) slots and 2 literal slots
Application running ...
Build target '图像采集'
compiling Application.c...
linking...
Program Size: Code=10196 RO-data=268 RW-data=100 ZI-data=7588  
FromELF: creating hex file...
".\Obj\图像采集.axf" - 0 Error(s), 0 Warning(s).
Load "E:\\Git\\Two-River-Cup\\摄像头采集处理\\实验6图像采集\\Project\\Obj\\图像采集.AXF" 
Set JLink Project File to "E:\Git\Two-River-Cup\摄像头采集处理\实验6图像采集\Project\JLinkSettings.ini"
 
JLink info:
------------
DLL: V4.20p, compiled Nov 19 2010 15:55:07
Firmware: J-Link ARM V8 compiled Sep 20 2013 15:09:45
Hardware: V8.00
S/N : 17935099 
Feature(s) : RDI,FlashDL,FlashBP,JFlash 
 
* JLink Info: Found SWD-DP with ID 0x1BA01477
* JLink Info: TPIU fitted.
* JLink Info:   FPUnit: 6 code (BP) slots and 2 literal slots
ROMTableAddr = 0xE00FF003
 
Target info:
------------
Device: STM32F103RB
VTarget = 3.267V
State of Pins: 
TCK: 0, TDI: 1, TDO: 1, TMS: 1, TRES: 1, TRST: 1
Hardware-Breakpoints: 6
Software-Breakpoints: 2048
Watchpoints:          0
JTAG speed: 2000 kHz
 
Erase Done.
Programming Done.
Verify OK.
* JLink Info: Found SWD-DP with ID 0x1BA01477
* JLink Info: TPIU fitted.
* JLink Info:   FPUnit: 6 code (BP) slots and 2 literal slots
Application running ...
Build target '图像采集'
linking...
Program Size: Code=10196 RO-data=268 RW-data=100 ZI-data=7588  
FromELF: creating hex file...
".\Obj\图像采集.axf" - 0 Error(s), 0 Warning(s).
Load "E:\\Git\\Two-River-Cup\\摄像头采集处理\\实验6图像采集\\Project\\Obj\\图像采集.AXF" 
Set JLink Project File to "E:\Git\Two-River-Cup\摄像头采集处理\实验6图像采集\Project\JLinkSettings.ini"
 
JLink info:
------------
DLL: V4.20p, compiled Nov 19 2010 15:55:07
Firmware: J-Link ARM V8 compiled Sep 20 2013 15:09:45
Hardware: V8.00
S/N : 17935099 
Feature(s) : RDI,FlashDL,FlashBP,JFlash 
 
* JLink Info: Found SWD-DP with ID 0x1BA01477
* JLink Info: TPIU fitted.
* JLink Info:   FPUnit: 6 code (BP) slots and 2 literal slots
ROMTableAddr = 0xE00FF003
 
Target info:
------------
Device: STM32F103RB
VTarget = 3.261V
State of Pins: 
TCK: 0, TDI: 1, TDO: 1, TMS: 1, TRES: 1, TRST: 1
Hardware-Breakpoints: 6
Software-Breakpoints: 2048
Watchpoints:          0
JTAG speed: 2000 kHz
 
Erase Done.
Programming Done.
Verify OK.
* JLink Info: Found SWD-DP with ID 0x1BA01477
* JLink Info: TPIU fitted.
* JLink Info:   FPUnit: 6 code (BP) slots and 2 literal slots
Application running ...
