<html>
<body>
<pre>
<h1>礦ision Build Log</h1>
<h2>Project:</h2>
E:\Git\Two-River-Cup\摄像头采集处理\实验6图像采集\Project\图像采集.uvproj
Project File Date:  04/29/2015

<h2>Output:</h2>
Build target '图像采集'
compiling OV7670.c...
..\User\bsp\OV7670.c(17): error:  #40: expected an identifier
..\User\bsp\OV7670.c(309): warning:  #550-D: variable "t2" was set but never used
Target not created
Build target '图像采集'
compiling OV7670.c...
..\User\bsp\OV7670.c(309): warning:  #550-D: variable "t2" was set but never used
..\User\bsp\OV7670.c(717): warning: C3017W: temp1 may be used before being set
..\User\bsp\OV7670.c(716): warning: C3017W: temp may be used before being set
linking...
Program Size: Code=9984 RO-data=268 RW-data=100 ZI-data=7588  
FromELF: creating hex file...
".\Obj\图像采集.axf" - 0 Error(s), 3 Warning(s).
Build target '图像采集'
compiling OV7670.c...
..\User\bsp\OV7670.c(309): warning:  #550-D: variable "t2" was set but never used
..\User\bsp\OV7670.c(717): warning: C3017W: temp1 may be used before being set
..\User\bsp\OV7670.c(716): warning: C3017W: temp may be used before being set
linking...
Program Size: Code=9984 RO-data=268 RW-data=100 ZI-data=7588  
FromELF: creating hex file...
".\Obj\图像采集.axf" - 0 Error(s), 3 Warning(s).
Build target '图像采集'
compiling Application.c...
compiling main.c...
compiling stm32f10x_it.c...
compiling OV7670.c...
..\User\bsp\OV7670.c(309): warning:  #550-D: variable "t2" was set but never used
..\User\bsp\OV7670.c(717): warning: C3017W: temp1 may be used before being set
..\User\bsp\OV7670.c(716): warning: C3017W: temp may be used before being set
compiling I2C.c...
compiling delay.c...
compiling USART.c...
compiling EXIT.c...
compiling KEY.c...
compiling LED.c...
linking...
.\Obj\图像采集.axf: Error: L6200E: Symbol Curve_Value multiply defined (by main.o and application.o).
.\Obj\图像采集.axf: Error: L6200E: Symbol Curve_Value multiply defined (by stm32f10x_it.o and application.o).
.\Obj\图像采集.axf: Error: L6200E: Symbol Curve_Value multiply defined (by ov7670.o and application.o).
.\Obj\图像采集.axf: Error: L6200E: Symbol Curve_Value multiply defined (by i2c.o and application.o).
.\Obj\图像采集.axf: Error: L6200E: Symbol Curve_Value multiply defined (by delay.o and application.o).
.\Obj\图像采集.axf: Error: L6200E: Symbol Curve_Value multiply defined (by usart.o and application.o).
.\Obj\图像采集.axf: Error: L6200E: Symbol Curve_Value multiply defined (by exit.o and application.o).
.\Obj\图像采集.axf: Error: L6200E: Symbol Curve_Value multiply defined (by key.o and application.o).
.\Obj\图像采集.axf: Error: L6200E: Symbol Curve_Value multiply defined (by led.o and application.o).
Target not created
Build target '图像采集'
compiling Application.c...
compiling main.c...
compiling stm32f10x_it.c...
compiling OV7670.c...
..\User\bsp\OV7670.c(309): warning:  #550-D: variable "t2" was set but never used
..\User\bsp\OV7670.c(717): warning: C3017W: temp1 may be used before being set
..\User\bsp\OV7670.c(716): warning: C3017W: temp may be used before being set
compiling I2C.c...
compiling delay.c...
compiling USART.c...
compiling EXIT.c...
compiling KEY.c...
compiling LED.c...
linking...
Program Size: Code=9984 RO-data=268 RW-data=100 ZI-data=7588  
FromELF: creating hex file...
".\Obj\图像采集.axf" - 0 Error(s), 3 Warning(s).
Build target '图像采集'
compiling OV7670.c...
..\User\bsp\OV7670.c(309): warning:  #550-D: variable "t2" was set but never used
..\User\bsp\OV7670.c(717): warning: C3017W: temp1 may be used before being set
..\User\bsp\OV7670.c(716): warning: C3017W: temp may be used before being set
linking...
Program Size: Code=9984 RO-data=268 RW-data=100 ZI-data=7588  
FromELF: creating hex file...
".\Obj\图像采集.axf" - 0 Error(s), 3 Warning(s).
Build target '图像采集'
compiling OV7670.c...
..\User\bsp\OV7670.c(309): warning:  #550-D: variable "t2" was set but never used
..\User\bsp\OV7670.c(717): warning: C3017W: temp1 may be used before being set
..\User\bsp\OV7670.c(716): warning: C3017W: temp may be used before being set
linking...
Program Size: Code=9996 RO-data=268 RW-data=100 ZI-data=7588  
FromELF: creating hex file...
".\Obj\图像采集.axf" - 0 Error(s), 3 Warning(s).
Build target '图像采集'
compiling OV7670.c...
..\User\bsp\OV7670.c(309): warning:  #550-D: variable "t2" was set but never used
linking...
Program Size: Code=9992 RO-data=268 RW-data=100 ZI-data=7588  
FromELF: creating hex file...
".\Obj\图像采集.axf" - 0 Error(s), 1 Warning(s).
Build target '图像采集'
compiling OV7670.c...
..\User\bsp\OV7670.c(309): warning:  #550-D: variable "t2" was set but never used
linking...
Program Size: Code=9992 RO-data=268 RW-data=100 ZI-data=7588  
FromELF: creating hex file...
".\Obj\图像采集.axf" - 0 Error(s), 1 Warning(s).
Build target '图像采集'
compiling OV7670.c...
..\User\bsp\OV7670.c(309): warning:  #550-D: variable "t2" was set but never used
linking...
Program Size: Code=9992 RO-data=268 RW-data=100 ZI-data=7588  
FromELF: creating hex file...
".\Obj\图像采集.axf" - 0 Error(s), 1 Warning(s).
Load "E:\\Git\\Two-River-Cup\\摄像头采集处理\\实验6图像采集\\Project\\Obj\\图像采集.AXF" 
Set JLink Project File to "E:\Git\Two-River-Cup\摄像头采集处理\实验6图像采集\Project\JLinkSettings.ini"
 
JLink info:
------------
DLL: V4.20p, compiled Nov 19 2010 15:55:07
Firmware: J-Link ARM V8 compiled Sep 20 2013 15:09:45
Hardware: V8.00
S/N : 17935099 
Feature(s) : RDI,FlashDL,FlashBP,JFlash 
 
* JLink Info: Found SWD-DP with ID 0x1BA01477
* JLink Info: TPIU fitted.
* JLink Info:   FPUnit: 6 code (BP) slots and 2 literal slots
ROMTableAddr = 0xE00FF003
 
Target info:
------------
Device: STM32F103RB
VTarget = 3.293V
State of Pins: 
TCK: 0, TDI: 1, TDO: 1, TMS: 1, TRES: 1, TRST: 1
Hardware-Breakpoints: 6
Software-Breakpoints: 2048
Watchpoints:          0
JTAG speed: 2000 kHz
 
Erase Done.
Programming Done.
Verify OK.
* JLink Info: Found SWD-DP with ID 0x1BA01477
* JLink Info: TPIU fitted.
* JLink Info:   FPUnit: 6 code (BP) slots and 2 literal slots
Application running ...
Load "E:\\Git\\Two-River-Cup\\摄像头采集处理\\实验6图像采集\\Project\\Obj\\图像采集.AXF" 
Set JLink Project File to "E:\Git\Two-River-Cup\摄像头采集处理\实验6图像采集\Project\JLinkSettings.ini"
 
JLink info:
------------
DLL: V4.20p, compiled Nov 19 2010 15:55:07
Firmware: J-Link ARM V8 compiled Sep 20 2013 15:09:45
Hardware: V8.00
S/N : 17935099 
Feature(s) : RDI,FlashDL,FlashBP,JFlash 
 
* JLink Info: Found SWD-DP with ID 0x1BA01477
* JLink Info: TPIU fitted.
* JLink Info:   FPUnit: 6 code (BP) slots and 2 literal slots
ROMTableAddr = 0xE00FF003
 
Target info:
------------
Device: STM32F103RB
VTarget = 3.287V
State of Pins: 
TCK: 0, TDI: 1, TDO: 1, TMS: 1, TRES: 1, TRST: 1
Hardware-Breakpoints: 6
Software-Breakpoints: 2048
Watchpoints:          4
JTAG speed: 2000 kHz
 
Erase Done.
Programming Done.
Verify OK.
* JLink Info: Found SWD-DP with ID 0x1BA01477
* JLink Info: TPIU fitted.
* JLink Info:   FPUnit: 6 code (BP) slots and 2 literal slots
Application running ...
Build target '图像采集'
compiling Application.c...
..\User\Application.c(32): error:  #20: identifier "Curve_Value" is undefined
Target not created
Build target '图像采集'
compiling Application.c...
compiling main.c...
compiling stm32f10x_it.c...
compiling OV7670.c...
..\User\bsp\OV7670.c(309): warning:  #550-D: variable "t2" was set but never used
compiling I2C.c...
compiling delay.c...
compiling USART.c...
compiling EXIT.c...
compiling KEY.c...
compiling LED.c...
linking...
Program Size: Code=10008 RO-data=268 RW-data=100 ZI-data=7588  
FromELF: creating hex file...
".\Obj\图像采集.axf" - 0 Error(s), 1 Warning(s).
Load "E:\\Git\\Two-River-Cup\\摄像头采集处理\\实验6图像采集\\Project\\Obj\\图像采集.AXF" 
Set JLink Project File to "E:\Git\Two-River-Cup\摄像头采集处理\实验6图像采集\Project\JLinkSettings.ini"
 
JLink info:
------------
DLL: V4.20p, compiled Nov 19 2010 15:55:07
Firmware: J-Link ARM V8 compiled Sep 20 2013 15:09:45
Hardware: V8.00
S/N : 17935099 
Feature(s) : RDI,FlashDL,FlashBP,JFlash 
 
* JLink Info: Found SWD-DP with ID 0x1BA01477
* JLink Info: TPIU fitted.
* JLink Info:   FPUnit: 6 code (BP) slots and 2 literal slots
ROMTableAddr = 0xE00FF003
 
Target info:
------------
Device: STM32F103RB
VTarget = 3.293V
State of Pins: 
TCK: 0, TDI: 1, TDO: 1, TMS: 1, TRES: 1, TRST: 1
Hardware-Breakpoints: 6
Software-Breakpoints: 2048
Watchpoints:          4
JTAG speed: 2000 kHz
 
Erase Done.
Programming Done.
Verify OK.
* JLink Info: Found SWD-DP with ID 0x1BA01477
* JLink Info: TPIU fitted.
* JLink Info:   FPUnit: 6 code (BP) slots and 2 literal slots
Application running ...
Build target '图像采集'
compiling Application.c...
linking...
Program Size: Code=9992 RO-data=268 RW-data=100 ZI-data=7588  
FromELF: creating hex file...
".\Obj\图像采集.axf" - 0 Error(s), 0 Warning(s).
Load "E:\\Git\\Two-River-Cup\\摄像头采集处理\\实验6图像采集\\Project\\Obj\\图像采集.AXF" 
Set JLink Project File to "E:\Git\Two-River-Cup\摄像头采集处理\实验6图像采集\Project\JLinkSettings.ini"
 
JLink info:
------------
DLL: V4.20p, compiled Nov 19 2010 15:55:07
Firmware: J-Link ARM V8 compiled Sep 20 2013 15:09:45
Hardware: V8.00
S/N : 17935099 
Feature(s) : RDI,FlashDL,FlashBP,JFlash 
 
* JLink Info: Found SWD-DP with ID 0x1BA01477
* JLink Info: TPIU fitted.
* JLink Info:   FPUnit: 6 code (BP) slots and 2 literal slots
ROMTableAddr = 0xE00FF003
 
Target info:
------------
Device: STM32F103RB
VTarget = 3.287V
State of Pins: 
TCK: 0, TDI: 1, TDO: 1, TMS: 1, TRES: 1, TRST: 1
Hardware-Breakpoints: 6
Software-Breakpoints: 2048
Watchpoints:          4
JTAG speed: 2000 kHz
 
Erase Done.
Programming Done.
Verify OK.
* JLink Info: Found SWD-DP with ID 0x1BA01477
* JLink Info: TPIU fitted.
* JLink Info:   FPUnit: 6 code (BP) slots and 2 literal slots
Application running ...
Build target '图像采集'
compiling Application.c...
linking...
Program Size: Code=10008 RO-data=268 RW-data=100 ZI-data=7588  
FromELF: creating hex file...
".\Obj\图像采集.axf" - 0 Error(s), 0 Warning(s).
Load "E:\\Git\\Two-River-Cup\\摄像头采集处理\\实验6图像采集\\Project\\Obj\\图像采集.AXF" 
Set JLink Project File to "E:\Git\Two-River-Cup\摄像头采集处理\实验6图像采集\Project\JLinkSettings.ini"
 
JLink info:
------------
DLL: V4.20p, compiled Nov 19 2010 15:55:07
Firmware: J-Link ARM V8 compiled Sep 20 2013 15:09:45
Hardware: V8.00
S/N : 17935099 
Feature(s) : RDI,FlashDL,FlashBP,JFlash 
 
* JLink Info: Found SWD-DP with ID 0x1BA01477
* JLink Info: TPIU fitted.
* JLink Info:   FPUnit: 6 code (BP) slots and 2 literal slots
ROMTableAddr = 0xE00FF003
 
Target info:
------------
Device: STM32F103RB
VTarget = 3.287V
State of Pins: 
TCK: 0, TDI: 1, TDO: 1, TMS: 1, TRES: 1, TRST: 1
Hardware-Breakpoints: 6
Software-Breakpoints: 2048
Watchpoints:          0
JTAG speed: 2000 kHz
 
Erase Done.
Programming Done.
Verify OK.
* JLink Info: Found SWD-DP with ID 0x1BA01477
* JLink Info: TPIU fitted.
* JLink Info:   FPUnit: 6 code (BP) slots and 2 literal slots
Application running ...
