<html>
<body>
<pre>
<h1>礦ision Build Log</h1>
<h2>Project:</h2>
D:\STM32工程文件\实验三按键输入中断方式\Project\按键检测中断方式.uvproj
Project File Date:  08/20/2014

<h2>Output:</h2>
Build target '按键中断'
compiling Application.c...
..\User\bsp\LED.h(26): warning:  #1-D: last line of file ends without a newline
..\User\bsp\LED.h:                                                                                                                        
..\User\bsp\LED.h:                                                                                                                        ^
..\User\Application.c(32): warning:  #1-D: last line of file ends without a newline
..\User\Application.c:   }
..\User\Application.c:    ^
..\User\Application.c: ..\User\Application.c: 2 warnings, 0 errors
compiling main.c...
..\User\bsp\LED.h(26): warning:  #1-D: last line of file ends without a newline
..\User\bsp\LED.h:                                                                                                                        
..\User\bsp\LED.h:                                                                                                                        ^
..\User\bsp\LED.h: ..\User\main.c: 1 warning, 0 errors
compiling stm32f10x_it.c...
..\User\bsp\LED.h(26): warning:  #1-D: last line of file ends without a newline
..\User\bsp\LED.h:                                                                                                                        
..\User\bsp\LED.h:                                                                                                                        ^
..\User\stm32f10x_it.c(190): warning:  #1-D: last line of file ends without a newline
..\User\stm32f10x_it.c:   }
..\User\stm32f10x_it.c:    ^
..\User\stm32f10x_it.c: ..\User\stm32f10x_it.c: 2 warnings, 0 errors
compiling LED.c...
..\User\bsp\LED.h(26): warning:  #1-D: last line of file ends without a newline
..\User\bsp\LED.h:                                                                                                                        
..\User\bsp\LED.h:                                                                                                                        ^
..\User\bsp\LED.h: ..\User\bsp\LED.c: 1 warning, 0 errors
compiling KEY.c...
..\User\bsp\LED.h(26): warning:  #1-D: last line of file ends without a newline
..\User\bsp\LED.h:                                                                                                                        
..\User\bsp\LED.h:                                                                                                                        ^
..\User\bsp\KEY.c(21): warning:  #1-D: last line of file ends without a newline
..\User\bsp\KEY.c:   }
..\User\bsp\KEY.c:    ^
..\User\bsp\KEY.c: ..\User\bsp\KEY.c: 2 warnings, 0 errors
compiling misc.c...
compiling stm32f10x_adc.c...
compiling stm32f10x_bkp.c...
compiling stm32f10x_can.c...
compiling stm32f10x_cec.c...
compiling stm32f10x_crc.c...
compiling stm32f10x_dac.c...
compiling stm32f10x_dbgmcu.c...
compiling stm32f10x_dma.c...
compiling stm32f10x_exti.c...
compiling stm32f10x_flash.c...
compiling stm32f10x_fsmc.c...
compiling stm32f10x_gpio.c...
compiling stm32f10x_i2c.c...
compiling stm32f10x_iwdg.c...
compiling stm32f10x_pwr.c...
compiling stm32f10x_rcc.c...
compiling stm32f10x_rtc.c...
compiling stm32f10x_sdio.c...
compiling stm32f10x_spi.c...
compiling stm32f10x_tim.c...
compiling stm32f10x_usart.c...
compiling stm32f10x_wwdg.c...
compiling core_cm3.c...
compiling system_stm32f10x.c...
linking...
.\Obj\按键中断.axf: Error: L6218E: Undefined symbol IRQ_Config (referred from application.o).
.\Obj\按键中断.axf: Not enough information to list image symbols.
.\Obj\按键中断.axf: Finished: 1 information, 0 warning and 1 error messages.
Target not created
Build target '按键中断'
compiling EXIT.c...
..\User\bsp\LED.h(26): warning:  #1-D: last line of file ends without a newline
..\User\bsp\LED.h:                                                                                                                        
..\User\bsp\LED.h:                                                                                                                        ^
..\User\bsp\EXIT.c(37): warning:  #1-D: last line of file ends without a newline
..\User\bsp\EXIT.c:   }
..\User\bsp\EXIT.c:    ^
..\User\bsp\EXIT.c: ..\User\bsp\EXIT.c: 2 warnings, 0 errors
linking...
Program Size: Code=3492 RO-data=268 RW-data=40 ZI-data=1632  
FromELF: creating hex file...
".\Obj\按键中断.axf" - 0 Error(s), 2 Warning(s).
Build target '按键中断'
compiling Application.c...
..\User\bsp\LED.h(23): warning:  #1-D: last line of file ends without a newline
..\User\bsp\LED.h:                                                                                                        
..\User\bsp\LED.h:                                                                                                        ^
..\User\Application.c(32): warning:  #1-D: last line of file ends without a newline
..\User\Application.c:   }
..\User\Application.c:    ^
..\User\Application.c: ..\User\Application.c: 2 warnings, 0 errors
compiling main.c...
..\User\bsp\LED.h(23): warning:  #1-D: last line of file ends without a newline
..\User\bsp\LED.h:                                                                                                        
..\User\bsp\LED.h:                                                                                                        ^
..\User\bsp\LED.h: ..\User\main.c: 1 warning, 0 errors
compiling stm32f10x_it.c...
..\User\bsp\LED.h(23): warning:  #1-D: last line of file ends without a newline
..\User\bsp\LED.h:                                                                                                        
..\User\bsp\LED.h:                                                                                                        ^
..\User\stm32f10x_it.c(190): warning:  #1-D: last line of file ends without a newline
..\User\stm32f10x_it.c:   }
..\User\stm32f10x_it.c:    ^
..\User\stm32f10x_it.c: ..\User\stm32f10x_it.c: 2 warnings, 0 errors
compiling LED.c...
..\User\bsp\LED.h(23): warning:  #1-D: last line of file ends without a newline
..\User\bsp\LED.h:                                                                                                        
..\User\bsp\LED.h:                                                                                                        ^
..\User\bsp\LED.h: ..\User\bsp\LED.c: 1 warning, 0 errors
compiling KEY.c...
..\User\bsp\LED.h(23): warning:  #1-D: last line of file ends without a newline
..\User\bsp\LED.h:                                                                                                        
..\User\bsp\LED.h:                                                                                                        ^
..\User\bsp\KEY.c(21): warning:  #1-D: last line of file ends without a newline
..\User\bsp\KEY.c:   }
..\User\bsp\KEY.c:    ^
..\User\bsp\KEY.c: ..\User\bsp\KEY.c: 2 warnings, 0 errors
compiling EXIT.c...
..\User\bsp\LED.h(23): warning:  #1-D: last line of file ends without a newline
..\User\bsp\LED.h:                                                                                                        
..\User\bsp\LED.h:                                                                                                        ^
..\User\bsp\LED.h: ..\User\bsp\EXIT.c: 1 warning, 0 errors
linking...
Program Size: Code=3492 RO-data=268 RW-data=40 ZI-data=1632  
FromELF: creating hex file...
".\Obj\按键中断.axf" - 0 Error(s), 9 Warning(s).
Build target '按键中断'
compiling Application.c...
..\User\bsp\LED.h(42): warning:  #1-D: last line of file ends without a newline
..\User\bsp\LED.h:                                                                                                        
..\User\bsp\LED.h:                                                                                                        ^
..\User\Application.c(32): warning:  #1-D: last line of file ends without a newline
..\User\Application.c:   }
..\User\Application.c:    ^
..\User\Application.c: ..\User\Application.c: 2 warnings, 0 errors
compiling main.c...
..\User\bsp\LED.h(42): warning:  #1-D: last line of file ends without a newline
..\User\bsp\LED.h:                                                                                                        
..\User\bsp\LED.h:                                                                                                        ^
..\User\bsp\LED.h: ..\User\main.c: 1 warning, 0 errors
compiling stm32f10x_it.c...
..\User\bsp\LED.h(42): warning:  #1-D: last line of file ends without a newline
..\User\bsp\LED.h:                                                                                                        
..\User\bsp\LED.h:                                                                                                        ^
..\User\stm32f10x_it.c(190): warning:  #1-D: last line of file ends without a newline
..\User\stm32f10x_it.c:   }
..\User\stm32f10x_it.c:    ^
..\User\stm32f10x_it.c: ..\User\stm32f10x_it.c: 2 warnings, 0 errors
compiling LED.c...
..\User\bsp\LED.h(42): warning:  #1-D: last line of file ends without a newline
..\User\bsp\LED.h:                                                                                                        
..\User\bsp\LED.h:                                                                                                        ^
..\User\bsp\LED.h: ..\User\bsp\LED.c: 1 warning, 0 errors
compiling KEY.c...
..\User\bsp\LED.h(42): warning:  #1-D: last line of file ends without a newline
..\User\bsp\LED.h:                                                                                                        
..\User\bsp\LED.h:                                                                                                        ^
..\User\bsp\KEY.c(21): warning:  #1-D: last line of file ends without a newline
..\User\bsp\KEY.c:   }
..\User\bsp\KEY.c:    ^
..\User\bsp\KEY.c: ..\User\bsp\KEY.c: 2 warnings, 0 errors
compiling EXIT.c...
..\User\bsp\LED.h(42): warning:  #1-D: last line of file ends without a newline
..\User\bsp\LED.h:                                                                                                        
..\User\bsp\LED.h:                                                                                                        ^
..\User\bsp\LED.h: ..\User\bsp\EXIT.c: 1 warning, 0 errors
linking...
Program Size: Code=3492 RO-data=268 RW-data=40 ZI-data=1632  
FromELF: creating hex file...
".\Obj\按键中断.axf" - 0 Error(s), 9 Warning(s).
Build target '按键中断'
linking...
Program Size: Code=3492 RO-data=268 RW-data=40 ZI-data=1632  
FromELF: creating hex file...
".\Obj\按键中断.axf" - 0 Error(s), 0 Warning(s).
Build target '按键中断'
linking...
Program Size: Code=3492 RO-data=268 RW-data=40 ZI-data=1632  
FromELF: creating hex file...
".\Obj\按键中断.axf" - 0 Error(s), 0 Warning(s).
Build target '按键中断'
linking...
Program Size: Code=3492 RO-data=268 RW-data=40 ZI-data=1632  
FromELF: creating hex file...
".\Obj\按键中断.axf" - 0 Error(s), 0 Warning(s).
Build target '按键中断'
compiling EXIT.c...
..\User\bsp\LED.h(42): warning:  #1-D: last line of file ends without a newline
..\User\bsp\LED.h:                                                                                                        
..\User\bsp\LED.h:                                                                                                        ^
..\User\bsp\LED.h: ..\User\bsp\EXIT.c: 1 warning, 0 errors
linking...
Program Size: Code=3508 RO-data=268 RW-data=40 ZI-data=1632  
FromELF: creating hex file...
".\Obj\按键中断.axf" - 0 Error(s), 1 Warning(s).
Build target '按键中断'
linking...
Program Size: Code=3508 RO-data=268 RW-data=40 ZI-data=1632  
FromELF: creating hex file...
".\Obj\按键中断.axf" - 0 Error(s), 0 Warning(s).
Load "D:\\STM32工程文件\\实验三按键输入中断方式\\Project\\Obj\\按键中断.AXF" 
Set JLink Project File to "D:\STM32工程文件\实验三按键输入中断方式\Project\JLinkSettings.ini"
 
JLink info:
------------
DLL: V4.15n, compiled Jun 18 2010 19:55:09
Firmware: J-Link ARM V8 compiled Sep  2 2011 17:54:36
Hardware: V8.00
S/N : 99991999 
Feature(s) : RDI,FlashDL,FlashBP,JFlash,GDBFULL 
 
* JLink Info: TotalIRLen = 9, IRPrint = 0x0011
* JLink Info: Found Cortex-M3 r1p1, Little endian.
* JLink Info: TPIU fitted.
* JLink Info:   FPUnit: 6 code (BP) slots and 2 literal slots
ROMTableAddr = 0xE00FF003
 
Target info:
------------
Device: STM32F100RB
VTarget = 3.293V
State of Pins: 
TCK: 1, TDI: 0, TDO: 1, TMS: 0, TRES: 1, TRST: 1
* JLink Info: TotalIRLen = 9, IRPrint = 0x0011
* JLink Info: Found Cortex-M3 r1p1, Little endian.
* JLink Info: TPIU fitted.
* JLink Info:   FPUnit: 6 code (BP) slots and 2 literal slots
Hardware-Breakpoints: 6
Software-Breakpoints: 2048
Watchpoints:          4
JTAG speed: 2000 kHz
 
No Algorithm found for: 08000000H - 08000EE7H
Erase skipped!
Build target '按键中断'
linking...
Program Size: Code=3508 RO-data=268 RW-data=40 ZI-data=1632  
FromELF: creating hex file...
".\Obj\按键中断.axf" - 0 Error(s), 0 Warning(s).
Load "D:\\STM32工程文件\\实验三按键输入中断方式\\Project\\Obj\\按键中断.AXF" 
Set JLink Project File to "D:\STM32工程文件\实验三按键输入中断方式\Project\JLinkSettings.ini"
 
JLink info:
------------
DLL: V4.15n, compiled Jun 18 2010 19:55:09
Firmware: J-Link ARM V8 compiled Sep  2 2011 17:54:36
Hardware: V8.00
S/N : 99991999 
Feature(s) : RDI,FlashDL,FlashBP,JFlash,GDBFULL 
 
* JLink Info: TotalIRLen = 9, IRPrint = 0x0011
* JLink Info: Found Cortex-M3 r1p1, Little endian.
* JLink Info: TPIU fitted.
* JLink Info:   FPUnit: 6 code (BP) slots and 2 literal slots
ROMTableAddr = 0xE00FF003
 
Target info:
------------
Device: STM32F100RB
VTarget = 3.300V
State of Pins: 
TCK: 1, TDI: 0, TDO: 1, TMS: 0, TRES: 1, TRST: 1
* JLink Info: TotalIRLen = 9, IRPrint = 0x0011
* JLink Info: Found Cortex-M3 r1p1, Little endian.
* JLink Info: TPIU fitted.
* JLink Info:   FPUnit: 6 code (BP) slots and 2 literal slots
Hardware-Breakpoints: 6
Software-Breakpoints: 2048
Watchpoints:          4
JTAG speed: 2000 kHz
 
No Algorithm found for: 08000000H - 08000EE7H
Erase skipped!
Build target '按键中断'
linking...
Program Size: Code=3508 RO-data=268 RW-data=40 ZI-data=1632  
FromELF: creating hex file...
".\Obj\按键中断.axf" - 0 Error(s), 0 Warning(s).
Load "D:\\STM32工程文件\\实验三按键输入中断方式\\Project\\Obj\\按键中断.AXF" 
Set JLink Project File to "D:\STM32工程文件\实验三按键输入中断方式\Project\JLinkSettings.ini"
 
JLink info:
------------
DLL: V4.15n, compiled Jun 18 2010 19:55:09
Firmware: J-Link ARM V8 compiled Sep  2 2011 17:54:36
Hardware: V8.00
S/N : 99991999 
Feature(s) : RDI,FlashDL,FlashBP,JFlash,GDBFULL 
 
* JLink Info: TotalIRLen = 9, IRPrint = 0x0011
* JLink Info: Found Cortex-M3 r1p1, Little endian.
* JLink Info: TPIU fitted.
* JLink Info:   FPUnit: 6 code (BP) slots and 2 literal slots
ROMTableAddr = 0xE00FF003
 
Target info:
------------
Device: STM32F100RB
VTarget = 3.300V
State of Pins: 
TCK: 1, TDI: 0, TDO: 1, TMS: 0, TRES: 1, TRST: 1
* JLink Info: TotalIRLen = 9, IRPrint = 0x0011
* JLink Info: Found Cortex-M3 r1p1, Little endian.
* JLink Info: TPIU fitted.
* JLink Info:   FPUnit: 6 code (BP) slots and 2 literal slots
Hardware-Breakpoints: 6
Software-Breakpoints: 2048
Watchpoints:          4
JTAG speed: 2000 kHz
 
Erase Done.
Programming Done.
Verify OK.
* JLink Info: TotalIRLen = 9, IRPrint = 0x0011
* JLink Info: Found Cortex-M3 r1p1, Little endian.
* JLink Info: TPIU fitted.
* JLink Info:   FPUnit: 6 code (BP) slots and 2 literal slots
Application running ...
Build target '按键中断'
compiling LED.c...
..\User\bsp\LED.h(42): warning:  #1-D: last line of file ends without a newline
..\User\bsp\LED.h:                                                                                                        
..\User\bsp\LED.h:                                                                                                        ^
..\User\bsp\LED.h: ..\User\bsp\LED.c: 1 warning, 0 errors
linking...
Program Size: Code=3528 RO-data=268 RW-data=40 ZI-data=1632  
FromELF: creating hex file...
".\Obj\按键中断.axf" - 0 Error(s), 1 Warning(s).
Build target '按键中断'
compiling EXIT.c...
..\User\bsp\LED.h(42): warning:  #1-D: last line of file ends without a newline
..\User\bsp\LED.h:                                                                                                        
..\User\bsp\LED.h:                                                                                                        ^
..\User\bsp\LED.h: ..\User\bsp\EXIT.c: 1 warning, 0 errors
linking...
Program Size: Code=3508 RO-data=268 RW-data=40 ZI-data=1632  
FromELF: creating hex file...
".\Obj\按键中断.axf" - 0 Error(s), 1 Warning(s).
Load "D:\\STM32工程文件\\实验三按键输入中断方式\\Project\\Obj\\按键中断.AXF" 
Set JLink Project File to "D:\STM32工程文件\实验三按键输入中断方式\Project\JLinkSettings.ini"
 
JLink info:
------------
DLL: V4.15n, compiled Jun 18 2010 19:55:09
Firmware: J-Link ARM V8 compiled Sep  2 2011 17:54:36
Hardware: V8.00
S/N : 99991999 
Feature(s) : RDI,FlashDL,FlashBP,JFlash,GDBFULL 
 
* JLink Info: TotalIRLen = 9, IRPrint = 0x0011
* JLink Info: Found Cortex-M3 r1p1, Little endian.
* JLink Info: TPIU fitted.
* JLink Info:   FPUnit: 6 code (BP) slots and 2 literal slots
ROMTableAddr = 0xE00FF003
 
Target info:
------------
Device: STM32F100RB
VTarget = 3.300V
State of Pins: 
TCK: 1, TDI: 0, TDO: 1, TMS: 0, TRES: 1, TRST: 1
* JLink Info: TotalIRLen = 9, IRPrint = 0x0011
* JLink Info: Found Cortex-M3 r1p1, Little endian.
* JLink Info: TPIU fitted.
* JLink Info:   FPUnit: 6 code (BP) slots and 2 literal slots
Hardware-Breakpoints: 6
Software-Breakpoints: 2048
Watchpoints:          4
JTAG speed: 2000 kHz
 
Erase Done.
Programming Done.
Verify OK.
* JLink Info: TotalIRLen = 9, IRPrint = 0x0011
* JLink Info: Found Cortex-M3 r1p1, Little endian.
* JLink Info: TPIU fitted.
* JLink Info:   FPUnit: 6 code (BP) slots and 2 literal slots
Application running ...
Build target '按键中断'
compiling EXIT.c...
..\User\bsp\LED.h(42): warning:  #1-D: last line of file ends without a newline
..\User\bsp\LED.h:                                                                                                        
..\User\bsp\LED.h:                                                                                                        ^
..\User\bsp\LED.h: ..\User\bsp\EXIT.c: 1 warning, 0 errors
linking...
Program Size: Code=3508 RO-data=268 RW-data=40 ZI-data=1632  
FromELF: creating hex file...
".\Obj\按键中断.axf" - 0 Error(s), 1 Warning(s).
Build target '按键中断'
linking...
Program Size: Code=3508 RO-data=268 RW-data=40 ZI-data=1632  
FromELF: creating hex file...
".\Obj\按键中断.axf" - 0 Error(s), 0 Warning(s).
Load "D:\\STM32工程文件\\实验三按键输入中断方式\\Project\\Obj\\按键中断.AXF" 
Set JLink Project File to "D:\STM32工程文件\实验三按键输入中断方式\Project\JLinkSettings.ini"
 
JLink info:
------------
DLL: V4.15n, compiled Jun 18 2010 19:55:09
Firmware: J-Link ARM V8 compiled Sep  2 2011 17:54:36
Hardware: V8.00
S/N : 99991999 
Feature(s) : RDI,FlashDL,FlashBP,JFlash,GDBFULL 
 
* JLink Info: TotalIRLen = 9, IRPrint = 0x0011
* JLink Info: Found Cortex-M3 r1p1, Little endian.
* JLink Info: TPIU fitted.
* JLink Info:   FPUnit: 6 code (BP) slots and 2 literal slots
ROMTableAddr = 0xE00FF003
 
Target info:
------------
Device: STM32F100RB
VTarget = 3.300V
State of Pins: 
TCK: 1, TDI: 0, TDO: 1, TMS: 0, TRES: 1, TRST: 1
* JLink Info: TotalIRLen = 9, IRPrint = 0x0011
* JLink Info: Found Cortex-M3 r1p1, Little endian.
* JLink Info: TPIU fitted.
* JLink Info:   FPUnit: 6 code (BP) slots and 2 literal slots
Hardware-Breakpoints: 6
Software-Breakpoints: 2048
Watchpoints:          4
JTAG speed: 2000 kHz
 
Erase Done.
Programming Done.
Verify OK.
* JLink Info: TotalIRLen = 9, IRPrint = 0x0011
* JLink Info: Found Cortex-M3 r1p1, Little endian.
* JLink Info: TPIU fitted.
* JLink Info:   FPUnit: 6 code (BP) slots and 2 literal slots
Application running ...
Build target '按键中断'
compiling EXIT.c...
..\User\bsp\LED.h(42): warning:  #1-D: last line of file ends without a newline
..\User\bsp\LED.h:                                                                                                        
..\User\bsp\LED.h:                                                                                                        ^
..\User\bsp\LED.h: ..\User\bsp\EXIT.c: 1 warning, 0 errors
linking...
Program Size: Code=3528 RO-data=268 RW-data=40 ZI-data=1632  
FromELF: creating hex file...
".\Obj\按键中断.axf" - 0 Error(s), 1 Warning(s).
Build target '按键中断'
linking...
Program Size: Code=3528 RO-data=268 RW-data=40 ZI-data=1632  
FromELF: creating hex file...
".\Obj\按键中断.axf" - 0 Error(s), 0 Warning(s).
Load "D:\\STM32工程文件\\实验三按键输入中断方式\\Project\\Obj\\按键中断.AXF" 
Set JLink Project File to "D:\STM32工程文件\实验三按键输入中断方式\Project\JLinkSettings.ini"
 
JLink info:
------------
DLL: V4.15n, compiled Jun 18 2010 19:55:09
Firmware: J-Link ARM V8 compiled Sep  2 2011 17:54:36
Hardware: V8.00
S/N : 99991999 
Feature(s) : RDI,FlashDL,FlashBP,JFlash,GDBFULL 
 
* JLink Info: TotalIRLen = 9, IRPrint = 0x0011
* JLink Info: Found Cortex-M3 r1p1, Little endian.
* JLink Info: TPIU fitted.
* JLink Info:   FPUnit: 6 code (BP) slots and 2 literal slots
ROMTableAddr = 0xE00FF003
 
Target info:
------------
Device: STM32F100RB
VTarget = 3.300V
State of Pins: 
TCK: 1, TDI: 0, TDO: 1, TMS: 0, TRES: 1, TRST: 1
* JLink Info: TotalIRLen = 9, IRPrint = 0x0011
* JLink Info: Found Cortex-M3 r1p1, Little endian.
* JLink Info: TPIU fitted.
* JLink Info:   FPUnit: 6 code (BP) slots and 2 literal slots
Hardware-Breakpoints: 6
Software-Breakpoints: 2048
Watchpoints:          4
JTAG speed: 2000 kHz
 
Erase Done.
Programming Done.
Verify OK.
* JLink Info: TotalIRLen = 9, IRPrint = 0x0011
* JLink Info: Found Cortex-M3 r1p1, Little endian.
* JLink Info: TPIU fitted.
* JLink Info:   FPUnit: 6 code (BP) slots and 2 literal slots
Application running ...
Build target '按键中断'
compiling Application.c...
..\User\bsp\LED.h(42): warning:  #1-D: last line of file ends without a newline
..\User\bsp\LED.h:                                                                                                        
..\User\bsp\LED.h:                                                                                                        ^
..\User\Application.c(32): warning:  #1-D: last line of file ends without a newline
..\User\Application.c:   }
..\User\Application.c:    ^
..\User\Application.c: ..\User\Application.c: 2 warnings, 0 errors
compiling main.c...
..\User\bsp\LED.h(42): warning:  #1-D: last line of file ends without a newline
..\User\bsp\LED.h:                                                                                                        
..\User\bsp\LED.h:                                                                                                        ^
..\User\bsp\LED.h: ..\User\main.c: 1 warning, 0 errors
compiling stm32f10x_it.c...
..\User\bsp\LED.h(42): warning:  #1-D: last line of file ends without a newline
..\User\bsp\LED.h:                                                                                                        
..\User\bsp\LED.h:                                                                                                        ^
..\User\stm32f10x_it.c(190): warning:  #1-D: last line of file ends without a newline
..\User\stm32f10x_it.c:   }
..\User\stm32f10x_it.c:    ^
..\User\stm32f10x_it.c: ..\User\stm32f10x_it.c: 2 warnings, 0 errors
compiling LED.c...
..\User\bsp\LED.h(42): warning:  #1-D: last line of file ends without a newline
..\User\bsp\LED.h:                                                                                                        
..\User\bsp\LED.h:                                                                                                        ^
..\User\bsp\LED.h: ..\User\bsp\LED.c: 1 warning, 0 errors
compiling KEY.c...
..\User\bsp\LED.h(42): warning:  #1-D: last line of file ends without a newline
..\User\bsp\LED.h:                                                                                                        
..\User\bsp\LED.h:                                                                                                        ^
..\User\bsp\KEY.c(21): warning:  #1-D: last line of file ends without a newline
..\User\bsp\KEY.c:   }
..\User\bsp\KEY.c:    ^
..\User\bsp\KEY.c: ..\User\bsp\KEY.c: 2 warnings, 0 errors
compiling EXIT.c...
..\User\bsp\LED.h(42): warning:  #1-D: last line of file ends without a newline
..\User\bsp\LED.h:                                                                                                        
..\User\bsp\LED.h:                                                                                                        ^
..\User\bsp\LED.h: ..\User\bsp\EXIT.c: 1 warning, 0 errors
linking...
Program Size: Code=3528 RO-data=268 RW-data=40 ZI-data=1632  
FromELF: creating hex file...
".\Obj\按键中断.axf" - 0 Error(s), 9 Warning(s).
