<html>
<body>
<pre>
<h1>µVision Build Log</h1>
<h2>Project:</h2>
E:\STM32‘¥≥Ã–Ú\ARM—ßœ∞∞Â≤‚ ‘\Project\project.uvproj
Project File Date:  07/31/2013

<h2>Output:</h2>
Rebuild target 'GPIO'
compiling main.c...
compiling stm32f10x_it.c...
compiling system_stm32f10x.c...
compiling stm32f10x_gpio.c...
compiling stm32f10x_rcc.c...
compiling core_cm3.c...
assembling startup_stm32f10x_hd.s...
linking...
Program Size: Code=2740 RO-data=336 RW-data=40 ZI-data=1632  
FromELF: creating hex file...
".\Obj\project.axf" - 0 Errors, 0 Warning(s).
Load "E:\\STM32‘¥≥Ã–Ú\\ARM—ßœ∞∞Â≤‚ ‘\\Project\\Obj\\project.axf" 
Set JLink Project File to "E:\STM32‘¥≥Ã–Ú\ARM—ßœ∞∞Â≤‚ ‘\Project\JLinkSettings.ini"
* JLink Info: Device "STM32F103RC" selected (256 KB flash, 48 KB RAM).
 
JLink info:
------------
DLL: V4.68a, compiled Apr 12 2013 13:26:50
Firmware: J-Link ARM V8 compiled Nov 14 2012 22:34:52
Hardware: V8.00
S/N : 99999993 
Feature(s) : RDI,FlashDL,FlashBP,JFlash,GDBFULL 
 
* JLink Info: TotalIRLen = 9, IRPrint = 0x0011
* JLink Info: TotalIRLen = 9, IRPrint = 0x0011
* JLink Info: Found Cortex-M3 r1p1, Little endian.
* JLink Info: TPIU fitted.
* JLink Info: ETM fitted.
* JLink Info: FPUnit: 6 code (BP) slots and 2 literal slots
ROMTableAddr = 0xE00FF003
* JLink Info: Found Cortex-M3 r1p1, Little endian.
* JLink Info: TPIU fitted.
* JLink Info: ETM fitted.
* JLink Info: FPUnit: 6 code (BP) slots and 2 literal slots
 
Target info:
------------
Device: STM32F103RC
VTarget = 3.351V
State of Pins: 
TCK: 1, TDI: 0, TDO: 1, TMS: 0, TRES: 1, TRST: 1
Hardware-Breakpoints: 6
Software-Breakpoints: 8192
Watchpoints:          4
JTAG speed: 2000 kHz
 
Erase Done.
Programming Done.
Verify OK.
Build target 'GPIO'
compiling main.c...
compiling stm32f10x_it.c...
compiling system_stm32f10x.c...
compiling stm32f10x_gpio.c...
compiling stm32f10x_rcc.c...
compiling core_cm3.c...
assembling startup_stm32f10x_hd.s...
linking...
Program Size: Code=2736 RO-data=336 RW-data=40 ZI-data=1632  
FromELF: creating hex file...
".\Obj\project.axf" - 0 Errors, 0 Warning(s).
Load "E:\\STM32‘¥≥Ã–Ú\\ARM—ßœ∞∞Â≤‚ ‘\\Project\\Obj\\project.axf" 
Set JLink Project File to "E:\STM32‘¥≥Ã–Ú\ARM—ßœ∞∞Â≤‚ ‘\Project\JLinkSettings.ini"
* JLink Info: Device "STM32F103RC" selected (256 KB flash, 48 KB RAM).
 
JLink info:
------------
DLL: V4.68a, compiled Apr 12 2013 13:26:50
Firmware: J-Link ARM V8 compiled Nov 14 2012 22:34:52
Hardware: V8.00
S/N : 99999993 
Feature(s) : RDI,FlashDL,FlashBP,JFlash,GDBFULL 
 
* JLink Info: TotalIRLen = 9, IRPrint = 0x0011
* JLink Info: TotalIRLen = 9, IRPrint = 0x0011
* JLink Info: Found Cortex-M3 r1p1, Little endian.
* JLink Info: TPIU fitted.
* JLink Info: ETM fitted.
* JLink Info: FPUnit: 6 code (BP) slots and 2 literal slots
ROMTableAddr = 0xE00FF003
* JLink Info: Found Cortex-M3 r1p1, Little endian.
* JLink Info: TPIU fitted.
* JLink Info: ETM fitted.
* JLink Info: FPUnit: 6 code (BP) slots and 2 literal slots
 
Target info:
------------
Device: STM32F103RC
VTarget = 3.358V
State of Pins: 
TCK: 1, TDI: 0, TDO: 1, TMS: 0, TRES: 1, TRST: 1
Hardware-Breakpoints: 6
Software-Breakpoints: 8192
Watchpoints:          4
JTAG speed: 2000 kHz
 
Erase Done.
Programming Done.
Verify OK.
Build target 'GPIO'
compiling main.c...
linking...
Program Size: Code=2736 RO-data=336 RW-data=40 ZI-data=1632  
FromELF: creating hex file...
".\Obj\project.axf" - 0 Errors, 0 Warning(s).
Load "E:\\STM32‘¥≥Ã–Ú\\ARM—ßœ∞∞Â≤‚ ‘\\Project\\Obj\\project.axf" 
Set JLink Project File to "E:\STM32‘¥≥Ã–Ú\ARM—ßœ∞∞Â≤‚ ‘\Project\JLinkSettings.ini"
* JLink Info: Device "STM32F103RC" selected (256 KB flash, 48 KB RAM).
 
JLink info:
------------
DLL: V4.68a, compiled Apr 12 2013 13:26:50
Firmware: J-Link ARM V8 compiled Nov 14 2012 22:34:52
Hardware: V8.00
S/N : 99999993 
Feature(s) : RDI,FlashDL,FlashBP,JFlash,GDBFULL 
 
* JLink Info: TotalIRLen = 9, IRPrint = 0x0011
* JLink Info: TotalIRLen = 9, IRPrint = 0x0011
* JLink Info: Found Cortex-M3 r1p1, Little endian.
* JLink Info: TPIU fitted.
* JLink Info: ETM fitted.
* JLink Info: FPUnit: 6 code (BP) slots and 2 literal slots
ROMTableAddr = 0xE00FF003
* JLink Info: Found Cortex-M3 r1p1, Little endian.
* JLink Info: TPIU fitted.
* JLink Info: ETM fitted.
* JLink Info: FPUnit: 6 code (BP) slots and 2 literal slots
 
Target info:
------------
Device: STM32F103RC
VTarget = 3.351V
State of Pins: 
TCK: 1, TDI: 0, TDO: 1, TMS: 0, TRES: 1, TRST: 1
Hardware-Breakpoints: 6
Software-Breakpoints: 8192
Watchpoints:          4
JTAG speed: 2000 kHz
 
Erase Done.
Programming Done.
Verify OK.
* JLink Info: Found Cortex-M3 r1p1, Little endian.
* JLink Info: TPIU fitted.
* JLink Info: ETM fitted.
* JLink Info: FPUnit: 6 code (BP) slots and 2 literal slots
Application running ...
Build target 'GPIO'
linking...
Program Size: Code=2736 RO-data=336 RW-data=40 ZI-data=1632  
FromELF: creating hex file...
".\Obj\project.axf" - 0 Errors, 0 Warning(s).
Load "E:\\STM32‘¥≥Ã–Ú\\ARM—ßœ∞∞Â≤‚ ‘\\Project\\Obj\\project.axf" 
Set JLink Project File to "E:\STM32‘¥≥Ã–Ú\ARM—ßœ∞∞Â≤‚ ‘\Project\JLinkSettings.ini"
* JLink Info: Device "STM32F103RC" selected (256 KB flash, 48 KB RAM).
 
JLink info:
------------
DLL: V4.68a, compiled Apr 12 2013 13:26:50
Firmware: J-Link ARM V8 compiled Nov 14 2012 22:34:52
Hardware: V8.00
S/N : 99999993 
Feature(s) : RDI,FlashDL,FlashBP,JFlash,GDBFULL 
 
* JLink Info: TotalIRLen = 9, IRPrint = 0x0011
* JLink Info: TotalIRLen = 9, IRPrint = 0x0011
* JLink Info: Found Cortex-M3 r1p1, Little endian.
* JLink Info: TPIU fitted.
* JLink Info: ETM fitted.
* JLink Info: FPUnit: 6 code (BP) slots and 2 literal slots
ROMTableAddr = 0xE00FF003
* JLink Info: Found Cortex-M3 r1p1, Little endian.
* JLink Info: TPIU fitted.
* JLink Info: ETM fitted.
* JLink Info: FPUnit: 6 code (BP) slots and 2 literal slots
 
Target info:
------------
Device: STM32F103RC
VTarget = 3.358V
State of Pins: 
TCK: 1, TDI: 0, TDO: 1, TMS: 0, TRES: 1, TRST: 1
Hardware-Breakpoints: 6
Software-Breakpoints: 8192
Watchpoints:          4
JTAG speed: 2000 kHz
 
Erase Done.
Programming Done.
Verify OK.
* JLink Info: Found Cortex-M3 r1p1, Little endian.
* JLink Info: TPIU fitted.
* JLink Info: ETM fitted.
* JLink Info: FPUnit: 6 code (BP) slots and 2 literal slots
Application running ...
Build target 'GPIO'
compiling main.c...
linking...
Program Size: Code=2884 RO-data=336 RW-data=40 ZI-data=1632  
FromELF: creating hex file...
".\Obj\project.axf" - 0 Errors, 0 Warning(s).
Load "E:\\STM32‘¥≥Ã–Ú\\ARM—ßœ∞∞Â≤‚ ‘\\Project\\Obj\\project.axf" 
Set JLink Project File to "E:\STM32‘¥≥Ã–Ú\ARM—ßœ∞∞Â≤‚ ‘\Project\JLinkSettings.ini"
* JLink Info: Device "STM32F103RC" selected (256 KB flash, 48 KB RAM).
 
JLink info:
------------
DLL: V4.68a, compiled Apr 12 2013 13:26:50
Firmware: J-Link ARM V8 compiled Nov 14 2012 22:34:52
Hardware: V8.00
S/N : 99999993 
Feature(s) : RDI,FlashDL,FlashBP,JFlash,GDBFULL 
 
* JLink Info: TotalIRLen = 9, IRPrint = 0x0011
* JLink Info: TotalIRLen = 9, IRPrint = 0x0011
* JLink Info: Found Cortex-M3 r1p1, Little endian.
* JLink Info: TPIU fitted.
* JLink Info: ETM fitted.
* JLink Info: FPUnit: 6 code (BP) slots and 2 literal slots
ROMTableAddr = 0xE00FF003
* JLink Info: Found Cortex-M3 r1p1, Little endian.
* JLink Info: TPIU fitted.
* JLink Info: ETM fitted.
* JLink Info: FPUnit: 6 code (BP) slots and 2 literal slots
 
Target info:
------------
Device: STM32F103RC
VTarget = 3.351V
State of Pins: 
TCK: 1, TDI: 0, TDO: 1, TMS: 0, TRES: 1, TRST: 1
Hardware-Breakpoints: 6
Software-Breakpoints: 8192
Watchpoints:          4
JTAG speed: 2000 kHz
 
Erase Done.
Programming Done.
Verify OK.
* JLink Info: Found Cortex-M3 r1p1, Little endian.
* JLink Info: TPIU fitted.
* JLink Info: ETM fitted.
* JLink Info: FPUnit: 6 code (BP) slots and 2 literal slots
Application running ...
Load "E:\\STM32‘¥≥Ã–Ú\\ARM—ßœ∞∞Â≤‚ ‘\\Project\\Obj\\project.axf" 
Set JLink Project File to "E:\STM32‘¥≥Ã–Ú\ARM—ßœ∞∞Â≤‚ ‘\Project\JLinkSettings.ini"
* JLink Info: Device "STM32F103RC" selected (256 KB flash, 48 KB RAM).
 
JLink info:
------------
DLL: V4.68a, compiled Apr 12 2013 13:26:50
Firmware: J-Link ARM V8 compiled Nov 14 2012 22:34:52
Hardware: V8.00
S/N : 99999993 
Feature(s) : RDI,FlashDL,FlashBP,JFlash,GDBFULL 
 
* JLink Info: STM32F1xxx: Can not attach to CPU. Trying connect under reset.
**JLink Warning: RESET (pin 15) high, but should be low. Please check target hardware.
***JLink Error: Supply voltage too low (1 Volt is required, Measured: 0.6 Volt).
Please check target power.
Build target 'GPIO'
linking...
Program Size: Code=2884 RO-data=336 RW-data=40 ZI-data=1632  
FromELF: creating hex file...
".\Obj\project.axf" - 0 Errors, 0 Warning(s).
Load "E:\\STM32‘¥≥Ã–Ú\\ARM—ßœ∞∞Â≤‚ ‘\\Project\\Obj\\project.axf" 
Set JLink Project File to "E:\STM32‘¥≥Ã–Ú\ARM—ßœ∞∞Â≤‚ ‘\Project\JLinkSettings.ini"
* JLink Info: Device "STM32F103RC" selected (256 KB flash, 48 KB RAM).
 
JLink info:
------------
DLL: V4.68a, compiled Apr 12 2013 13:26:50
Firmware: J-Link ARM V8 compiled Nov 14 2012 22:34:52
Hardware: V8.00
S/N : 99999993 
Feature(s) : RDI,FlashDL,FlashBP,JFlash,GDBFULL 
 
* JLink Info: TotalIRLen = 9, IRPrint = 0x0011
* JLink Info: TotalIRLen = 9, IRPrint = 0x0011
* JLink Info: Found Cortex-M3 r1p1, Little endian.
* JLink Info: TPIU fitted.
* JLink Info: ETM fitted.
* JLink Info: FPUnit: 6 code (BP) slots and 2 literal slots
ROMTableAddr = 0xE00FF003
* JLink Info: Found Cortex-M3 r1p1, Little endian.
* JLink Info: TPIU fitted.
* JLink Info: ETM fitted.
* JLink Info: FPUnit: 6 code (BP) slots and 2 literal slots
 
Target info:
------------
Device: STM32F103RC
VTarget = 3.358V
State of Pins: 
TCK: 1, TDI: 0, TDO: 1, TMS: 0, TRES: 1, TRST: 1
Hardware-Breakpoints: 6
Software-Breakpoints: 8192
Watchpoints:          4
JTAG speed: 2000 kHz
 
Erase Done.
Programming Done.
Verify OK.
* JLink Info: Found Cortex-M3 r1p1, Little endian.
* JLink Info: TPIU fitted.
* JLink Info: ETM fitted.
* JLink Info: FPUnit: 6 code (BP) slots and 2 literal slots
Application running ...
Load "E:\\STM32‘¥≥Ã–Ú\\ARM—ßœ∞∞Â≤‚ ‘\\Project\\Obj\\project.axf" 
Set JLink Project File to "E:\STM32‘¥≥Ã–Ú\ARM—ßœ∞∞Â≤‚ ‘\Project\JLinkSettings.ini"
* JLink Info: Device "STM32F103RC" selected (256 KB flash, 48 KB RAM).
 
JLink info:
------------
DLL: V4.68a, compiled Apr 12 2013 13:26:50
Firmware: J-Link ARM V8 compiled Nov 14 2012 22:34:52
Hardware: V8.00
S/N : 99999993 
Feature(s) : RDI,FlashDL,FlashBP,JFlash,GDBFULL 
 
* JLink Info: Could not measure total IR len. TDO is constant high.
* JLink Info: STM32F1xxx: Can not attach to CPU. Trying connect under reset.
* JLink Info: Could not measure total IR len. TDO is constant high.
Rebuild target 'GPIO'
compiling main.c...
compiling stm32f10x_it.c...
compiling system_stm32f10x.c...
compiling stm32f10x_gpio.c...
compiling stm32f10x_rcc.c...
compiling core_cm3.c...
assembling startup_stm32f10x_hd.s...
linking...
Program Size: Code=2884 RO-data=336 RW-data=40 ZI-data=1632  
FromELF: creating hex file...
".\Obj\project.axf" - 0 Errors, 0 Warning(s).
Load "E:\\STM32‘¥≥Ã–Ú\\ARM—ßœ∞∞Â≤‚ ‘\\Project\\Obj\\project.axf" 
Set JLink Project File to "E:\STM32‘¥≥Ã–Ú\ARM—ßœ∞∞Â≤‚ ‘\Project\JLinkSettings.ini"
* JLink Info: Device "STM32F103RC" selected (256 KB flash, 48 KB RAM).
 
JLink info:
------------
DLL: V4.68a, compiled Apr 12 2013 13:26:50
Firmware: J-Link ARM V8 compiled Nov 14 2012 22:34:52
Hardware: V8.00
S/N : 99999993 
Feature(s) : RDI,FlashDL,FlashBP,JFlash,GDBFULL 
 
* JLink Info: Found SWD-DP with ID 0x1BA01477
* JLink Info: Found SWD-DP with ID 0x1BA01477
* JLink Info: TPIU fitted.
* JLink Info: ETM fitted.
* JLink Info: FPUnit: 6 code (BP) slots and 2 literal slots
* JLink Info: Found Cortex-M3 r1p1, Little endian.
ROMTableAddr = 0xE00FF003
 
Target info:
------------
Device: STM32F103RC
VTarget = 3.358V
State of Pins: 
TCK: 0, TDI: 1, TDO: 1, TMS: 1, TRES: 1, TRST: 1
Hardware-Breakpoints: 6
Software-Breakpoints: 8192
Watchpoints:          4
JTAG speed: 2000 kHz
 
Erase Done.
Programming Done.
Verify OK.
Application running ...
Build target 'GPIO'
linking...
Program Size: Code=2884 RO-data=336 RW-data=40 ZI-data=1632  
FromELF: creating hex file...
".\Obj\project.axf" - 0 Errors, 0 Warning(s).
Build target 'GPIO'
linking...
Program Size: Code=2884 RO-data=336 RW-data=40 ZI-data=1632  
FromELF: creating hex file...
".\Obj\project.axf" - 0 Errors, 0 Warning(s).
Load "E:\\STM32‘¥≥Ã–Ú\\ARM—ßœ∞∞Â≤‚ ‘\\Project\\Obj\\project.axf" 
Set JLink Project File to "E:\STM32‘¥≥Ã–Ú\ARM—ßœ∞∞Â≤‚ ‘\Project\JLinkSettings.ini"
* JLink Info: Device "STM32F103RC" selected (256 KB flash, 48 KB RAM).
 
JLink info:
------------
DLL: V4.68a, compiled Apr 12 2013 13:26:50
Firmware: J-Link ARM V8 compiled Nov 14 2012 22:34:52
Hardware: V8.00
S/N : 99999993 
Feature(s) : RDI,FlashDL,FlashBP,JFlash,GDBFULL 
 
* JLink Info: Found SWD-DP with ID 0x1BA01477
* JLink Info: Found SWD-DP with ID 0x1BA01477
* JLink Info: TPIU fitted.
* JLink Info: ETM fitted.
* JLink Info: FPUnit: 6 code (BP) slots and 2 literal slots
* JLink Info: Found Cortex-M3 r1p1, Little endian.
ROMTableAddr = 0xE00FF003
 
Target info:
------------
Device: STM32F103RC
VTarget = 3.358V
State of Pins: 
TCK: 0, TDI: 1, TDO: 1, TMS: 1, TRES: 1, TRST: 1
Hardware-Breakpoints: 6
Software-Breakpoints: 8192
Watchpoints:          4
JTAG speed: 2000 kHz
 
Erase Done.
Programming Done.
Verify OK.
Application running ...
Build target 'GPIO'
linking...
Program Size: Code=2884 RO-data=336 RW-data=40 ZI-data=1632  
FromELF: creating hex file...
".\Obj\project.axf" - 0 Errors, 0 Warning(s).
Load "E:\\STM32‘¥≥Ã–Ú\\ARM—ßœ∞∞Â≤‚ ‘\\Project\\Obj\\project.axf" 
Set JLink Project File to "E:\STM32‘¥≥Ã–Ú\ARM—ßœ∞∞Â≤‚ ‘\Project\JLinkSettings.ini"
* JLink Info: Device "STM32F103RC" selected (256 KB flash, 48 KB RAM).
 
JLink info:
------------
DLL: V4.68a, compiled Apr 12 2013 13:26:50
Firmware: J-Link ARM V8 compiled Nov 14 2012 22:34:52
Hardware: V8.00
S/N : 99999993 
Feature(s) : RDI,FlashDL,FlashBP,JFlash,GDBFULL 
 
* JLink Info: TotalIRLen = 9, IRPrint = 0x0011
* JLink Info: TotalIRLen = 9, IRPrint = 0x0011
* JLink Info: Found Cortex-M3 r1p1, Little endian.
* JLink Info: TPIU fitted.
* JLink Info: ETM fitted.
* JLink Info: FPUnit: 6 code (BP) slots and 2 literal slots
ROMTableAddr = 0xE00FF003
* JLink Info: Found Cortex-M3 r1p1, Little endian.
* JLink Info: TPIU fitted.
* JLink Info: ETM fitted.
* JLink Info: FPUnit: 6 code (BP) slots and 2 literal slots
 
Target info:
------------
Device: STM32F103RC
VTarget = 3.358V
State of Pins: 
TCK: 1, TDI: 0, TDO: 1, TMS: 0, TRES: 1, TRST: 1
Hardware-Breakpoints: 6
Software-Breakpoints: 8192
Watchpoints:          4
JTAG speed: 2000 kHz
 
Erase Done.
Programming Done.
Verify OK.
* JLink Info: Found Cortex-M3 r1p1, Little endian.
* JLink Info: TPIU fitted.
* JLink Info: ETM fitted.
* JLink Info: FPUnit: 6 code (BP) slots and 2 literal slots
Application running ...
