<html>
<body>
<pre>
<h1>µVision Build Log</h1>
<h2>Project:</h2>
E:\Git\Two-River-Cup\µ×°å³ÌÐò\Project\project.uvproj
Project File Date:  04/29/2015

<h2>Output:</h2>
Build target 'GPIO'
compiling jiaodu.c...
linking...
Program Size: Code=21400 RO-data=416 RW-data=500 ZI-data=1844  
FromELF: creating hex file...
".\Obj\project.axf" - 0 Error(s), 0 Warning(s).
Build target 'GPIO'
compiling jiaodu.c...
linking...
Program Size: Code=21400 RO-data=416 RW-data=500 ZI-data=1844  
FromELF: creating hex file...
".\Obj\project.axf" - 0 Error(s), 0 Warning(s).
Build target 'GPIO'
compiling main.c...
compiling delay.c...
compiling sys.c...
compiling Usart.c...
compiling MPU6050.c...
compiling jiaodu.c...
compiling encoder.c...
compiling pazzy.c...
compiling init.c...
compiling control.c...
linking...
Program Size: Code=21400 RO-data=416 RW-data=500 ZI-data=1844  
FromELF: creating hex file...
".\Obj\project.axf" - 0 Error(s), 0 Warning(s).
