ARM Linker, 4.1 [Build 791] [Standard]

==============================================================================

Section Cross References

    main.o(.text) refers to init.o(.text) for system_init
    main.o(.text) refers to jiaodu.o(.text) for upright_Adjust
    main.o(.text) refers to init.o(.data) for flag
    stm32f10x_it.o(.text) refers to stm32f10x_tim.o(.text) for TIM_GetITStatus
    stm32f10x_it.o(.text) refers to stm32f10x_usart.o(.text) for USART_SendData
    system_stm32f10x.o(.text) refers to system_stm32f10x.o(.data) for SystemCoreClock
    delay.o(.text) refers to delay.o(.data) for fac_us
    sys.o(.text) refers to sys.o(.emb_text) for WFI_SET
    usart.o(.text) refers (Special) to use_no_semi_2.o(.text) for __use_no_semihosting
    usart.o(.text) refers to stm32f10x_rcc.o(.text) for RCC_APB2PeriphClockCmd
    usart.o(.text) refers to stm32f10x_gpio.o(.text) for GPIO_Init
    usart.o(.text) refers to stm32f10x_usart.o(.text) for USART_ITConfig
    usart.o(.text) refers to usart.o(.bss) for temp_data
    usart.o(.text) refers to usart.o(.data) for data_i
    usart.o(.bss) refers (Special) to use_no_semi_2.o(.text) for __use_no_semihosting
    usart.o(.data) refers (Special) to use_no_semi_2.o(.text) for __use_no_semihosting
    mpu6050.o(.text) refers to stm32f10x_rcc.o(.text) for RCC_APB2PeriphClockCmd
    mpu6050.o(.text) refers to stm32f10x_gpio.o(.text) for GPIO_Init
    mpu6050.o(.text) refers to stm32f10x_i2c.o(.text) for I2C_Cmd
    mpu6050.o(.text) refers to delay.o(.text) for delay_ms
    jiaodu.o(.text) refers to faddsub_clz.o(x$fpl$fsub) for __aeabi_fsub
    jiaodu.o(.text) refers to fmul.o(x$fpl$fmul) for __aeabi_fmul
    jiaodu.o(.text) refers to faddsub_clz.o(x$fpl$fadd) for __aeabi_fadd
    jiaodu.o(.text) refers to fdiv.o(x$fpl$fdiv) for __aeabi_fdiv
    jiaodu.o(.text) refers to faddsub_clz.o(x$fpl$frsb) for __aeabi_frsub
    jiaodu.o(.text) refers to mpu6050.o(.text) for I2C_ReadBuffer
    jiaodu.o(.text) refers to fflt_clz.o(x$fpl$fflt) for __aeabi_i2f
    jiaodu.o(.text) refers to dflt_clz.o(x$fpl$dflt) for __aeabi_i2d
    jiaodu.o(.text) refers to sqrt.o(i.sqrt) for sqrt
    jiaodu.o(.text) refers to ddiv.o(x$fpl$ddiv) for __aeabi_ddiv
    jiaodu.o(.text) refers to acos.o(i.acos) for acos
    jiaodu.o(.text) refers to d2f.o(x$fpl$d2f) for __aeabi_d2f
    jiaodu.o(.text) refers to f2d.o(x$fpl$f2d) for __aeabi_f2d
    jiaodu.o(.text) refers to jiaodu.o(.bss) for ax_buf
    jiaodu.o(.text) refers to jiaodu.o(.data) for Accel_x
    jiaodu.o(.text) refers to dmul.o(x$fpl$dmul) for __aeabi_dmul
    jiaodu.o(.text) refers to daddsub_clz.o(x$fpl$drsb) for __aeabi_drsub
    jiaodu.o(.text) refers to daddsub_clz.o(x$fpl$dadd) for __aeabi_dadd
    jiaodu.o(.text) refers to encoder.o(.text) for Get_Speed_R
    jiaodu.o(.text) refers to drleqf.o(x$fpl$drleqf) for __aeabi_cdrcmple
    jiaodu.o(.text) refers to dleqf.o(x$fpl$dleqf) for __aeabi_cdcmple
    jiaodu.o(.text) refers to pazzy.o(.text) for Fuzzy
    jiaodu.o(.text) refers to ffix.o(x$fpl$ffix) for __aeabi_f2iz
    jiaodu.o(.text) refers to control.o(.data) for PWM_kongzhi
    encoder.o(.text) refers to stm32f10x_rcc.o(.text) for RCC_APB2PeriphClockCmd
    encoder.o(.text) refers to stm32f10x_gpio.o(.text) for GPIO_StructInit
    encoder.o(.text) refers to stm32f10x_tim.o(.text) for TIM_DeInit
    pazzy.o(.text) refers to fflt_clz.o(x$fpl$fflt) for __aeabi_i2f
    pazzy.o(.text) refers to fleqf.o(x$fpl$fleqf) for __aeabi_cfcmple
    pazzy.o(.text) refers to frleqf.o(x$fpl$frleqf) for __aeabi_cfrcmple
    pazzy.o(.text) refers to faddsub_clz.o(x$fpl$fsub) for __aeabi_fsub
    pazzy.o(.text) refers to fdiv.o(x$fpl$fdiv) for __aeabi_fdiv
    pazzy.o(.text) refers to fmul.o(x$fpl$fmul) for __aeabi_fmul
    pazzy.o(.text) refers to pazzy.o(.data) for PFF
    pazzy.o(.text) refers to faddsub_clz.o(x$fpl$fadd) for __aeabi_fadd
    pazzy.o(.text) refers to f2d.o(x$fpl$f2d) for __aeabi_f2d
    pazzy.o(.text) refers to ddiv.o(x$fpl$ddiv) for __aeabi_ddiv
    pazzy.o(.text) refers to d2f.o(x$fpl$d2f) for __aeabi_d2f
    init.o(.text) refers to misc.o(.text) for NVIC_SetVectorTable
    init.o(.text) refers to stm32f10x_rcc.o(.text) for RCC_APB1PeriphClockCmd
    init.o(.text) refers to stm32f10x_tim.o(.text) for TIM_TimeBaseInit
    init.o(.text) refers to stm32f10x_gpio.o(.text) for GPIO_Init
    init.o(.text) refers to sys.o(.text) for Stm32_Clock_Init
    init.o(.text) refers to delay.o(.text) for delay_init
    init.o(.text) refers to usart.o(.text) for Usart_Configuration
    init.o(.text) refers to mpu6050.o(.text) for I2C_Congiguration
    init.o(.text) refers to encoder.o(.text) for TIM_Init
    init.o(.text) refers to init.o(.data) for flag
    control.o(.text) refers to control.o(.data) for PWM_kongzhi
    stm32f10x_gpio.o(.text) refers to stm32f10x_rcc.o(.text) for RCC_APB2PeriphResetCmd
[...]
    ../../libinit.s                          0x00000000   Number         0  libshutdown.o ABSOLUTE
    ../../libinit.s                          0x00000000   Number         0  libinit2.o ABSOLUTE
    ../../libinit.s                          0x00000000   Number         0  libinit.o ABSOLUTE
    ../../libinit.s                          0x00000000   Number         0  libshutdown2.o ABSOLUTE
    ../../poly.c                             0x00000000   Number         0  poly.o ABSOLUTE
    ../../retnan.s                           0x00000000   Number         0  retnan.o ABSOLUTE
    ../../scalbn.s                           0x00000000   Number         0  scalbn.o ABSOLUTE
    ../../signal.c                           0x00000000   Number         0  defsig_cppl_inner.o ABSOLUTE
    ../../signal.c                           0x00000000   Number         0  defsig_pvfn_inner.o ABSOLUTE
    ../../signal.c                           0x00000000   Number         0  defsig_stak_inner.o ABSOLUTE
    ../../signal.c                           0x00000000   Number         0  defsig_rtmem_formal.o ABSOLUTE
    ../../signal.c                           0x00000000   Number         0  defsig_segv_inner.o ABSOLUTE
    ../../signal.c                           0x00000000   Number         0  defsig_exit.o ABSOLUTE
    ../../signal.c                           0x00000000   Number         0  defsig_rtmem_inner.o ABSOLUTE
    ../../signal.c                           0x00000000   Number         0  defsig_rtmem_outer.o ABSOLUTE
    ../../signal.c                           0x00000000   Number         0  __raise.o ABSOLUTE
    ../../signal.c                           0x00000000   Number         0  defsig_general.o ABSOLUTE
    ../../signal.c                           0x00000000   Number         0  defsig_abrt_inner.o ABSOLUTE
    ../../signal.c                           0x00000000   Number         0  defsig_fpe_inner.o ABSOLUTE
    ../../signal.c                           0x00000000   Number         0  defsig_rtred_inner.o ABSOLUTE
    ../../signal.c                           0x00000000   Number         0  defsig_other.o ABSOLUTE
    ../../signal.s                           0x00000000   Number         0  defsig.o ABSOLUTE
    ../../sqrt.c                             0x00000000   Number         0  sqrt.o ABSOLUTE
    ../../sqrt.c                             0x00000000   Number         0  sqrt_x.o ABSOLUTE
    ../../stdlib.c                           0x00000000   Number         0  exit.o ABSOLUTE
    ../../trapv.s                            0x00000000   Number         0  trapv.o ABSOLUTE
    ../../usenofp.s                          0x00000000   Number         0  usenofp.o ABSOLUTE
    ..\CMSIS\CM3\CoreSupport\core_cm3.c      0x00000000   Number         0  core_cm3.o ABSOLUTE
    ..\CMSIS\CM3\DeviceSupport\ST\STM32F10x\startup\arm\startup_stm32f10x_hd.s 0x00000000   Number         0  startup_stm32f10x_hd.o ABSOLUTE
    ..\STM32F10x_StdPeriph_Driver\src\misc.c 0x00000000   Number         0  misc.o ABSOLUTE
    ..\STM32F10x_StdPeriph_Driver\src\stm32f10x_flash.c 0x00000000   Number         0  stm32f10x_flash.o ABSOLUTE
    ..\STM32F10x_StdPeriph_Driver\src\stm32f10x_gpio.c 0x00000000   Number         0  stm32f10x_gpio.o ABSOLUTE
    ..\STM32F10x_StdPeriph_Driver\src\stm32f10x_i2c.c 0x00000000   Number         0  stm32f10x_i2c.o ABSOLUTE
    ..\STM32F10x_StdPeriph_Driver\src\stm32f10x_rcc.c 0x00000000   Number         0  stm32f10x_rcc.o ABSOLUTE
    ..\STM32F10x_StdPeriph_Driver\src\stm32f10x_tim.c 0x00000000   Number         0  stm32f10x_tim.o ABSOLUTE
    ..\STM32F10x_StdPeriph_Driver\src\stm32f10x_usart.c 0x00000000   Number         0  stm32f10x_usart.o ABSOLUTE
    ..\User\MPU6050.c                        0x00000000   Number         0  mpu6050.o ABSOLUTE
    ..\User\Usart.c                          0x00000000   Number         0  usart.o ABSOLUTE
    ..\User\control.c                        0x00000000   Number         0  control.o ABSOLUTE
    ..\User\delay.c                          0x00000000   Number         0  delay.o ABSOLUTE
    ..\User\encoder.c                        0x00000000   Number         0  encoder.o ABSOLUTE
    ..\User\init.c                           0x00000000   Number         0  init.o ABSOLUTE
    ..\User\jiaodu.c                         0x00000000   Number         0  jiaodu.o ABSOLUTE
    ..\User\main.c                           0x00000000   Number         0  main.o ABSOLUTE
    ..\User\pazzy.c                          0x00000000   Number         0  pazzy.o ABSOLUTE
    ..\User\stm32f10x_it.c                   0x00000000   Number         0  stm32f10x_it.o ABSOLUTE
    ..\User\sys.c                            0x00000000   Number         0  sys.o ABSOLUTE
    ..\User\system_stm32f10x.c               0x00000000   Number         0  system_stm32f10x.o ABSOLUTE
    ..\\CMSIS\\CM3\\CoreSupport\\core_cm3.c  0x00000000   Number         0  core_cm3.o ABSOLUTE
    ..\\User\\sys.c                          0x00000000   Number         0  sys.o ABSOLUTE
    dc.s                                     0x00000000   Number         0  dc.o ABSOLUTE
    RESET                                    0x08000000   Section      304  startup_stm32f10x_hd.o(RESET)
    !!!main                                  0x08000130   Section        8  __main.o(!!!main)
    !!!scatter                               0x08000138   Section       52  __scatter.o(!!!scatter)
    !!dczerorl2                              0x0800016c   Section       90  __dczerorl2.o(!!dczerorl2)
    !!handler_zi                             0x080001c8   Section       28  __scatter_zi.o(!!handler_zi)
    .ARM.Collect$$libinit$$00000000          0x080001e4   Section        6  libinit.o(.ARM.Collect$$libinit$$00000000)
    .ARM.Collect$$libinit$$00000006          0x080001ea   Section        0  libinit2.o(.ARM.Collect$$libinit$$00000006)
    .ARM.Collect$$libinit$$00000008          0x080001ea   Section        0  libinit2.o(.ARM.Collect$$libinit$$00000008)
    .ARM.Collect$$libinit$$0000000A          0x080001ea   Section        0  libinit2.o(.ARM.Collect$$libinit$$0000000A)
    .ARM.Collect$$libinit$$0000000D          0x080001ea   Section        0  libinit2.o(.ARM.Collect$$libinit$$0000000D)
    .ARM.Collect$$libinit$$0000000F          0x080001ea   Section        0  libinit2.o(.ARM.Collect$$libinit$$0000000F)
    .ARM.Collect$$libinit$$00000011          0x080001ea   Section        0  libinit2.o(.ARM.Collect$$libinit$$00000011)
    .ARM.Collect$$libinit$$00000013          0x080001ea   Section        0  libinit2.o(.ARM.Collect$$libinit$$00000013)
    .ARM.Collect$$libinit$$00000015          0x080001ea   Section        0  libinit2.o(.ARM.Collect$$libinit$$00000015)
    .ARM.Collect$$libinit$$00000017          0x080001ea   Section        0  libinit2.o(.ARM.Collect$$libinit$$00000017)
    .ARM.Collect$$libinit$$00000019          0x080001ea   Section        0  libinit2.o(.ARM.Collect$$libinit$$00000019)
    .ARM.Collect$$libinit$$0000001B          0x080001ea   Section        0  libinit2.o(.ARM.Collect$$libinit$$0000001B)
    .ARM.Collect$$libinit$$0000001D          0x080001ea   Section        0  libinit2.o(.ARM.Collect$$libinit$$0000001D)
    .ARM.Collect$$libinit$$0000001F          0x080001ea   Section        0  libinit2.o(.ARM.Collect$$libinit$$0000001F)
    .ARM.Collect$$libinit$$00000021          0x080001ea   Section        0  libinit2.o(.ARM.Collect$$libinit$$00000021)
    .ARM.Collect$$libinit$$00000028          0x080001ea   Section        0  libinit2.o(.ARM.Collect$$libinit$$00000028)
    .ARM.Collect$$libinit$$0000002A          0x080001ea   Section        0  libinit2.o(.ARM.Collect$$libinit$$0000002A)
    .ARM.Collect$$libinit$$0000002C          0x080001ea   Section        0  libinit2.o(.ARM.Collect$$libinit$$0000002C)
    .ARM.Collect$$libinit$$0000002E          0x080001ea   Section        0  libinit2.o(.ARM.Collect$$libinit$$0000002E)
    .ARM.Collect$$libinit$$0000002F          0x080001ea   Section        2  libinit2.o(.ARM.Collect$$libinit$$0000002F)
    .ARM.Collect$$libshutdown$$00000000      0x080001ec   Section        2  libshutdown.o(.ARM.Collect$$libshutdown$$00000000)
    .ARM.Collect$$libshutdown$$00000003      0x080001ee   Section        0  libshutdown2.o(.ARM.Collect$$libshutdown$$00000003)
    .ARM.Collect$$libshutdown$$00000006      0x080001ee   Section        0  libshutdown2.o(.ARM.Collect$$libshutdown$$00000006)
    .ARM.Collect$$libshutdown$$00000009      0x080001ee   Section        0  libshutdown2.o(.ARM.Collect$$libshutdown$$00000009)
    .ARM.Collect$$libshutdown$$0000000B      0x080001ee   Section        0  libshutdown2.o(.ARM.Collect$$libshutdown$$0000000B)
    .ARM.Collect$$libshutdown$$0000000E      0x080001ee   Section        0  libshutdown2.o(.ARM.Collect$$libshutdown$$0000000E)
    .ARM.Collect$$libshutdown$$0000000F      0x080001ee   Section        2  libshutdown2.o(.ARM.Collect$$libshutdown$$0000000F)
    .ARM.Collect$$rtentry$$00000000          0x080001f0   Section        0  rtentry.o(.ARM.Collect$$rtentry$$00000000)
    .ARM.Collect$$rtentry$$00000002          0x080001f0   Section        0  rtentry2.o(.ARM.Collect$$rtentry$$00000002)
    .ARM.Collect$$rtentry$$00000004          0x080001f0   Section        6  rtentry4.o(.ARM.Collect$$rtentry$$00000004)
    .ARM.Collect$$rtentry$$00000009          0x080001f6   Section        0  rtentry2.o(.ARM.Collect$$rtentry$$00000009)
    .ARM.Collect$$rtentry$$0000000A          0x080001f6   Section        4  rtentry2.o(.ARM.Collect$$rtentry$$0000000A)
    .ARM.Collect$$rtentry$$0000000C          0x080001fa   Section        0  rtentry2.o(.ARM.Collect$$rtentry$$0000000C)
    .ARM.Collect$$rtentry$$0000000D          0x080001fa   Section        8  rtentry2.o(.ARM.Collect$$rtentry$$0000000D)
    .ARM.Collect$$rtexit$$00000000           0x08000202   Section        2  rtexit.o(.ARM.Collect$$rtexit$$00000000)
    .ARM.Collect$$rtexit$$00000002           0x08000204   Section        0  rtexit2.o(.ARM.Collect$$rtexit$$00000002)
    .ARM.Collect$$rtexit$$00000003           0x08000204   Section        4  rtexit2.o(.ARM.Collect$$rtexit$$00000003)
    .ARM.Collect$$rtexit$$00000004           0x08000208   Section        6  rtexit2.o(.ARM.Collect$$rtexit$$00000004)
    .emb_text                                0x08000210   Section        2  sys.o(.emb_text)
    .text                                    0x08000214   Section        0  main.o(.text)
    .text                                    0x08000240   Section        0  stm32f10x_it.o(.text)
    .text                                    0x0800028c   Section        0  system_stm32f10x.o(.text)
    SetSysClockTo72                          0x0800028d   Thumb Code   200  system_stm32f10x.o(.text)
    SetSysClock                              0x08000355   Thumb Code     8  system_stm32f10x.o(.text)
    .text                                    0x0800046c   Section        0  delay.o(.text)
    .text                                    0x08000524   Section        0  sys.o(.text)
    .text                                    0x0800069c   Section        0  usart.o(.text)
    .text                                    0x080007f8   Section        0  mpu6050.o(.text)
    .text                                    0x08000b44   Section        0  jiaodu.o(.text)
    .text                                    0x08001370   Section        0  encoder.o(.text)
    .text                                    0x08001504   Section        0  pazzy.o(.text)
    .text                                    0x08001d48   Section        0  init.o(.text)
    .text                                    0x08002090   Section        0  stm32f10x_gpio.o(.text)
    .text                                    0x0800243c   Section        0  stm32f10x_rcc.o(.text)
    .text                                    0x08002850   Section        0  misc.o(.text)
    .text                                    0x08002950   Section        0  stm32f10x_tim.o(.text)
    TI4_Config                               0x08002e61   Thumb Code   138  stm32f10x_tim.o(.text)
    TI3_Config                               0x08002f01   Thumb Code   134  stm32f10x_tim.o(.text)
    TI2_Config                               0x08002fa1   Thumb Code   138  stm32f10x_tim.o(.text)
    TI1_Config                               0x08003041   Thumb Code   124  stm32f10x_tim.o(.text)
    .text                                    0x08003920   Section        0  stm32f10x_usart.o(.text)
    .text                                    0x08003dc8   Section        0  stm32f10x_i2c.o(.text)
    .text                                    0x08004234   Section       64  startup_stm32f10x_hd.o(.text)
    .text                                    0x08004274   Section        2  use_no_semi_2.o(.text)
    .text                                    0x08004276   Section        0  heapauxi.o(.text)
    .text                                    0x0800427c   Section        2  use_no_semi.o(.text)
    .text                                    0x0800427e   Section        0  _rserrno.o(.text)
    .text                                    0x08004294   Section        8  rt_errno_addr_intlibspace.o(.text)
    .text                                    0x0800429c   Section        8  libspace.o(.text)
    .text                                    0x080042a4   Section       74  sys_stackheap_outer.o(.text)
    .text                                    0x080042ee   Section        0  exit.o(.text)
    .text                                    0x080042fc   Section        8  rt_fp_status_addr_intlibspace.o(.text)
    i.__kernel_poly                          0x08004304   Section        0  poly.o(i.__kernel_poly)
    i.acos                                   0x080043b0   Section        0  acos.o(i.acos)
    i.sqrt                                   0x08004634   Section        0  sqrt.o(i.sqrt)
    x$fpl$d2f                                0x08004680   Section       98  d2f.o(x$fpl$d2f)
    x$fpl$dadd                               0x080046e4   Section      336  daddsub_clz.o(x$fpl$dadd)
    _dadd1                                   0x080046f5   Thumb Code     0  daddsub_clz.o(x$fpl$dadd)
    x$fpl$dcheck1                            0x08004834   Section       16  dcheck1.o(x$fpl$dcheck1)
    x$fpl$dcmpinf                            0x08004844   Section       24  dcmpi.o(x$fpl$dcmpinf)
    x$fpl$ddiv                               0x0800485c   Section      688  ddiv.o(x$fpl$ddiv)
    ddiv_entry                               0x08004863   Thumb Code     0  ddiv.o(x$fpl$ddiv)
    x$fpl$dflt                               0x08004b0c   Section       46  dflt_clz.o(x$fpl$dflt)
    x$fpl$dleqf                              0x08004b3c   Section      120  dleqf.o(x$fpl$dleqf)
    x$fpl$dmul                               0x08004bb4   Section      340  dmul.o(x$fpl$dmul)
    x$fpl$dnaninf                            0x08004d08   Section      156  dnaninf.o(x$fpl$dnaninf)
    x$fpl$dretinf                            0x08004da4   Section       12  dretinf.o(x$fpl$dretinf)
    x$fpl$drleqf                             0x08004db0   Section      108  drleqf.o(x$fpl$drleqf)
    x$fpl$drsb                               0x08004e1c   Section       22  daddsub_clz.o(x$fpl$drsb)
    x$fpl$dsqrt                              0x08004e34   Section      460  dsqrt_noumaal.o(x$fpl$dsqrt)
    x$fpl$dsub                               0x08005000   Section      468  daddsub_clz.o(x$fpl$dsub)
    _dsub1                                   0x08005011   Thumb Code     0  daddsub_clz.o(x$fpl$dsub)
    x$fpl$f2d                                0x080051d4   Section       86  f2d.o(x$fpl$f2d)
    x$fpl$fadd                               0x0800522c   Section      196  faddsub_clz.o(x$fpl$fadd)
    _fadd1                                   0x0800523b   Thumb Code     0  faddsub_clz.o(x$fpl$fadd)
    x$fpl$fcmpinf                            0x080052f0   Section       24  fcmpi.o(x$fpl$fcmpinf)
    x$fpl$fdiv                               0x08005308   Section      388  fdiv.o(x$fpl$fdiv)
    _fdiv1                                   0x08005309   Thumb Code     0  fdiv.o(x$fpl$fdiv)
    x$fpl$ffix                               0x0800548c   Section       54  ffix.o(x$fpl$ffix)
    x$fpl$fflt                               0x080054c4   Section       48  fflt_clz.o(x$fpl$fflt)
    x$fpl$fleqf                              0x080054f4   Section      104  fleqf.o(x$fpl$fleqf)
    x$fpl$fmul                               0x0800555c   Section      258  fmul.o(x$fpl$fmul)
    x$fpl$fnaninf                            0x0800565e   Section      140  fnaninf.o(x$fpl$fnaninf)
    x$fpl$fpinit                             0x080056ea   Section       14  fpinit.o(x$fpl$fpinit)
    x$fpl$fretinf                            0x080056f8   Section       10  fretinf.o(x$fpl$fretinf)
    x$fpl$frleqf                             0x08005702   Section       98  frleqf.o(x$fpl$frleqf)
    x$fpl$frsb                               0x08005764   Section       20  faddsub_clz.o(x$fpl$frsb)
    x$fpl$fsub                               0x08005778   Section      234  faddsub_clz.o(x$fpl$fsub)
    _fsub1                                   0x08005787   Thumb Code     0  faddsub_clz.o(x$fpl$fsub)
    x$fpl$retnan                             0x08005862   Section      100  retnan.o(x$fpl$retnan)
    x$fpl$scalbn                             0x080058c6   Section       92  scalbn.o(x$fpl$scalbn)
    x$fpl$trapveneer                         0x08005922   Section       48  trapv.o(x$fpl$trapveneer)
    x$fpl$usenofp                            0x08005952   Section        0  usenofp.o(x$fpl$usenofp)
    .constdata                               0x08005958   Section       80  acos.o(.constdata)
    pS                                       0x08005958   Data          48  acos.o(.constdata)
    qS                                       0x08005988   Data          32  acos.o(.constdata)
    .data                                    0x20000000   Section       20  system_stm32f10x.o(.data)
    .data                                    0x20000014   Section        4  delay.o(.data)
    fac_us                                   0x20000014   Data           1  delay.o(.data)
    fac_ms                                   0x20000016   Data           2  delay.o(.data)
    .data                                    0x20000018   Section        8  usart.o(.data)
    .data                                    0x20000020   Section      172  jiaodu.o(.data)
    DataBuffer                               0x20000040   Data           2  jiaodu.o(.data)
    x_DataBuffer                             0x20000042   Data           2  jiaodu.o(.data)
    y_DataBuffer                             0x20000044   Data           2  jiaodu.o(.data)
    z_DataBuffer                             0x20000046   Data           2  jiaodu.o(.data)
    P                                        0x20000048   Data          16  jiaodu.o(.data)
    q_bias                                   0x20000058   Data           4  jiaodu.o(.data)
    angle_err                                0x2000005c   Data           4  jiaodu.o(.data)
    PCt_0                                    0x20000060   Data           4  jiaodu.o(.data)
    PCt_1                                    0x20000064   Data           4  jiaodu.o(.data)
    K_1                                      0x20000068   Data           4  jiaodu.o(.data)
    t_0                                      0x2000006c   Data           4  jiaodu.o(.data)
    t_1                                      0x20000070   Data           4  jiaodu.o(.data)
    E                                        0x20000074   Data           4  jiaodu.o(.data)
    K_0                                      0x20000078   Data           4  jiaodu.o(.data)
    .data                                    0x200000cc   Section      256  pazzy.o(.data)
    .data                                    0x200001cc   Section        1  init.o(.data)
    .data                                    0x200001d0   Section        8  control.o(.data)
    .data                                    0x200001d8   Section       20  stm32f10x_rcc.o(.data)
    APBAHBPrescTable                         0x200001d8   Data          16  stm32f10x_rcc.o(.data)
    ADCPrescTable                            0x200001e8   Data           4  stm32f10x_rcc.o(.data)
    .bss                                     0x200001ec   Section       16  usart.o(.bss)
    .bss                                     0x200001fc   Section      176  jiaodu.o(.bss)
    Pdot                                     0x200001fc   Data          16  jiaodu.o(.bss)
    .bss                                     0x200002ac   Section       96  libspace.o(.bss)
    HEAP                                     0x20000310   Section      512  startup_stm32f10x_hd.o(HEAP)
    Heap_Mem                                 0x20000310   Data         512  startup_stm32f10x_hd.o(HEAP)
    STACK                                    0x20000510   Section     1024  startup_stm32f10x_hd.o(STACK)
    Stack_Mem                                0x20000510   Data        1024  startup_stm32f10x_hd.o(STACK)
    __initial_sp                             0x20000910   Data           0  startup_stm32f10x_hd.o(STACK)

    Global Symbols

    Symbol Name                              Value     Ov Type        Size  Object(Section)

    BuildAttributes$$THM_ISAv4$P$D$K$B$S$PE$A:L22UL41UL21$X:L11$S22US41US21$IEEE1$IW$USESV6$~STKCKD$USESV7$~SHL$OTIME$ROPI$IEEEJ$EBA8$UX$STANDARDLIB$REQ8$PRES8$EABIv2 0x00000000   Number         0  anon$$obj.o ABSOLUTE
    __ARM_use_no_argv                        0x00000000   Number         0  main.o ABSOLUTE
    __ARM_exceptions_init                     - Undefined Weak Reference
    __alloca_initialize                       - Undefined Weak Reference
    __cpp_initialize__aeabi_                  - Undefined Weak Reference
    __cxa_finalize                            - Undefined Weak Reference
    __rt_locale                               - Undefined Weak Reference
    __sigvec_lookup                           - Undefined Weak Reference
    _atexit_init                              - Undefined Weak Reference
    _call_atexit_fns                          - Undefined Weak Reference
    _clock_init                               - Undefined Weak Reference
    _fp_trap_init                             - Undefined Weak Reference
    _fp_trap_shutdown                         - Undefined Weak Reference
    _get_lc_collate                           - Undefined Weak Reference
    _get_lc_ctype                             - Undefined Weak Reference
    _get_lc_monetary                          - Undefined Weak Reference
    _get_lc_numeric                           - Undefined Weak Reference
    _get_lc_time                              - Undefined Weak Reference
    _getenv_init                              - Undefined Weak Reference
    _handle_redirection                       - Undefined Weak Reference
    _init_alloc                               - Undefined Weak Reference
    _init_user_alloc                          - Undefined Weak Reference
    _initio                                   - Undefined Weak Reference
    _rand_init                                - Undefined Weak Reference
    _signal_finish                            - Undefined Weak Reference
    _signal_init                              - Undefined Weak Reference
    _terminate_alloc                          - Undefined Weak Reference
    _terminate_user_alloc                     - Undefined Weak Reference
    _terminateio                              - Undefined Weak Reference
    __Vectors_Size                           0x00000130   Number         0  startup_stm32f10x_hd.o ABSOLUTE
    __Vectors                                0x08000000   Data           4  startup_stm32f10x_hd.o(RESET)
    __Vectors_End                            0x08000130   Data           0  startup_stm32f10x_hd.o(RESET)
    __main                                   0x08000131   Thumb Code     8  __main.o(!!!main)
    __scatterload                            0x08000139   Thumb Code     0  __scatter.o(!!!scatter)
    __scatterload_rt2                        0x08000139   Thumb Code    44  __scatter.o(!!!scatter)
    __scatterload_rt2_thumb_only             0x08000139   Thumb Code     0  __scatter.o(!!!scatter)
    __scatterload_null                       0x08000147   Thumb Code     0  __scatter.o(!!!scatter)
    __decompress                             0x0800016d   Thumb Code    90  __dczerorl2.o(!!dczerorl2)
    __decompress1                            0x0800016d   Thumb Code     0  __dczerorl2.o(!!dczerorl2)
    __scatterload_zeroinit                   0x080001c9   Thumb Code    28  __scatter_zi.o(!!handler_zi)
    __rt_lib_init                            0x080001e5   Thumb Code     0  libinit.o(.ARM.Collect$$libinit$$00000000)
    __rt_lib_init_alloca_1                   0x080001eb   Thumb Code     0  libinit2.o(.ARM.Collect$$libinit$$0000002A)
    __rt_lib_init_argv_1                     0x080001eb   Thumb Code     0  libinit2.o(.ARM.Collect$$libinit$$00000028)
    __rt_lib_init_atexit_1                   0x080001eb   Thumb Code     0  libinit2.o(.ARM.Collect$$libinit$$00000017)
    __rt_lib_init_clock_1                    0x080001eb   Thumb Code     0  libinit2.o(.ARM.Collect$$libinit$$0000001D)
    __rt_lib_init_cpp_1                      0x080001eb   Thumb Code     0  libinit2.o(.ARM.Collect$$libinit$$0000002E)
    __rt_lib_init_exceptions_1               0x080001eb   Thumb Code     0  libinit2.o(.ARM.Collect$$libinit$$0000002C)
    __rt_lib_init_fp_trap_1                  0x080001eb   Thumb Code     0  libinit2.o(.ARM.Collect$$libinit$$0000001B)
    __rt_lib_init_getenv_1                   0x080001eb   Thumb Code     0  libinit2.o(.ARM.Collect$$libinit$$0000001F)
    __rt_lib_init_heap_1                     0x080001eb   Thumb Code     0  libinit2.o(.ARM.Collect$$libinit$$00000006)
    __rt_lib_init_lc_collate_1               0x080001eb   Thumb Code     0  libinit2.o(.ARM.Collect$$libinit$$0000000D)
    __rt_lib_init_lc_ctype_1                 0x080001eb   Thumb Code     0  libinit2.o(.ARM.Collect$$libinit$$0000000F)
    __rt_lib_init_lc_monetary_1              0x080001eb   Thumb Code     0  libinit2.o(.ARM.Collect$$libinit$$00000011)
    __rt_lib_init_lc_numeric_1               0x080001eb   Thumb Code     0  libinit2.o(.ARM.Collect$$libinit$$00000013)
    __rt_lib_init_lc_time_1                  0x080001eb   Thumb Code     0  libinit2.o(.ARM.Collect$$libinit$$00000015)
    __rt_lib_init_rand_1                     0x080001eb   Thumb Code     0  libinit2.o(.ARM.Collect$$libinit$$0000000A)
    __rt_lib_init_return                     0x080001eb   Thumb Code     0  libinit2.o(.ARM.Collect$$libinit$$0000002F)
    __rt_lib_init_signal_1                   0x080001eb   Thumb Code     0  libinit2.o(.ARM.Collect$$libinit$$00000019)
    __rt_lib_init_stdio_1                    0x080001eb   Thumb Code     0  libinit2.o(.ARM.Collect$$libinit$$00000021)
    __rt_lib_init_user_alloc_1               0x080001eb   Thumb Code     0  libinit2.o(.ARM.Collect$$libinit$$00000008)
    __rt_lib_shutdown                        0x080001ed   Thumb Code     0  libshutdown.o(.ARM.Collect$$libshutdown$$00000000)
    __rt_lib_shutdown_fp_trap_1              0x080001ef   Thumb Code     0  libshutdown2.o(.ARM.Collect$$libshutdown$$00000006)
    __rt_lib_shutdown_heap_1                 0x080001ef   Thumb Code     0  libshutdown2.o(.ARM.Collect$$libshutdown$$0000000E)
    __rt_lib_shutdown_return                 0x080001ef   Thumb Code     0  libshutdown2.o(.ARM.Collect$$libshutdown$$0000000F)
    __rt_lib_shutdown_signal_1               0x080001ef   Thumb Code     0  libshutdown2.o(.ARM.Collect$$libshutdown$$00000009)
    __rt_lib_shutdown_stdio_1                0x080001ef   Thumb Code     0  libshutdown2.o(.ARM.Collect$$libshutdown$$00000003)
    __rt_lib_shutdown_user_alloc_1           0x080001ef   Thumb Code     0  libshutdown2.o(.ARM.Collect$$libshutdown$$0000000B)
    __rt_entry                               0x080001f1   Thumb Code     0  rtentry.o(.ARM.Collect$$rtentry$$00000000)
    __rt_entry_presh_1                       0x080001f1   Thumb Code     0  rtentry2.o(.ARM.Collect$$rtentry$$00000002)
    __rt_entry_sh                            0x080001f1   Thumb Code     0  rtentry4.o(.ARM.Collect$$rtentry$$00000004)
    __rt_entry_li                            0x080001f7   Thumb Code     0  rtentry2.o(.ARM.Collect$$rtentry$$0000000A)
    __rt_entry_postsh_1                      0x080001f7   Thumb Code     0  rtentry2.o(.ARM.Collect$$rtentry$$00000009)
    __rt_entry_main                          0x080001fb   Thumb Code     0  rtentry2.o(.ARM.Collect$$rtentry$$0000000D)
    __rt_entry_postli_1                      0x080001fb   Thumb Code     0  rtentry2.o(.ARM.Collect$$rtentry$$0000000C)
    __rt_exit                                0x08000203   Thumb Code     0  rtexit.o(.ARM.Collect$$rtexit$$00000000)
    __rt_exit_ls                             0x08000205   Thumb Code     0  rtexit2.o(.ARM.Collect$$rtexit$$00000003)
    __rt_exit_prels_1                        0x08000205   Thumb Code     0  rtexit2.o(.ARM.Collect$$rtexit$$00000002)
    __rt_exit_exit                           0x08000209   Thumb Code     0  rtexit2.o(.ARM.Collect$$rtexit$$00000004)
    WFI_SET                                  0x08000211   Thumb Code     2  sys.o(.emb_text)
    main                                     0x08000215   Thumb Code    34  main.o(.text)
    NMI_Handler                              0x08000241   Thumb Code     2  stm32f10x_it.o(.text)
    HardFault_Handler                        0x08000243   Thumb Code     4  stm32f10x_it.o(.text)
    MemManage_Handler                        0x08000247   Thumb Code     4  stm32f10x_it.o(.text)
    BusFault_Handler                         0x0800024b   Thumb Code     4  stm32f10x_it.o(.text)
    UsageFault_Handler                       0x0800024f   Thumb Code     4  stm32f10x_it.o(.text)
    SVC_Handler                              0x08000253   Thumb Code     2  stm32f10x_it.o(.text)
    DebugMon_Handler                         0x08000255   Thumb Code     2  stm32f10x_it.o(.text)
    PendSV_Handler                           0x08000257   Thumb Code     2  stm32f10x_it.o(.text)
    SysTick_Handler                          0x08000259   Thumb Code     2  stm32f10x_it.o(.text)
    TIM2_IRQHandler                          0x0800025b   Thumb Code    44  stm32f10x_it.o(.text)
    SystemInit                               0x0800035d   Thumb Code    82  system_stm32f10x.o(.text)
    SystemCoreClockUpdate                    0x080003af   Thumb Code   154  system_stm32f10x.o(.text)
    delay_init                               0x0800046d   Thumb Code    50  delay.o(.text)
    delay_us                                 0x0800049f   Thumb Code    62  delay.o(.text)
    delay_ms                                 0x080004dd   Thumb Code    62  delay.o(.text)
    MYRCC_DeInit                             0x08000525   Thumb Code    90  sys.o(.text)
    Sys_Standby                              0x0800057f   Thumb Code    64  sys.o(.text)
    Sys_Soft_Reset                           0x080005bf   Thumb Code     8  sys.o(.text)
    JTAG_Set                                 0x080005c7   Thumb Code    42  sys.o(.text)
    Stm32_Clock_Init                         0x080005f1   Thumb Code   134  sys.o(.text)
    Usart_Configuration                      0x0800069d   Thumb Code   174  usart.o(.text)
    _sys_exit                                0x0800074b   Thumb Code     6  usart.o(.text)
    fputc                                    0x08000751   Thumb Code    20  usart.o(.text)
    USART1_Putc                              0x08000765   Thumb Code    18  usart.o(.text)
    USART1_Send_Enter                        0x08000777   Thumb Code    16  usart.o(.text)
    USART1_Puts                              0x08000787   Thumb Code    30  usart.o(.text)
    USART1_IRQHandler                        0x080007a5   Thumb Code    62  usart.o(.text)
    I2C_Congiguration                        0x080007f9   Thumb Code   126  mpu6050.o(.text)
    I2C_WaitEepromStandbyState               0x08000877   Thumb Code    72  mpu6050.o(.text)
    I2C_WriteByte                            0x080008bf   Thumb Code   130  mpu6050.o(.text)
    MPU6050_Init                             0x08000941   Thumb Code    82  mpu6050.o(.text)
    I2C_ReadByte                             0x08000993   Thumb Code   194  mpu6050.o(.text)
    I2C_ReadBuffer                           0x08000a55   Thumb Code   216  mpu6050.o(.text)
    SpeedL                                   0x08000b45   Thumb Code    38  jiaodu.o(.text)
    SpeedR                                   0x08000b6b   Thumb Code    38  jiaodu.o(.text)
    acc_filter                               0x08000b91   Thumb Code   206  jiaodu.o(.text)
    Kalman_Filter                            0x08000c5f   Thumb Code   508  jiaodu.o(.text)
    Angle_Calculate                          0x08000e5b   Thumb Code   488  jiaodu.o(.text)
    pid_sudu                                 0x08001043   Thumb Code   554  jiaodu.o(.text)
    PWM_out                                  0x0800126d   Thumb Code    96  jiaodu.o(.text)
    upright_Adjust                           0x080012cd   Thumb Code    28  jiaodu.o(.text)
    TIM4_Mode_Config                         0x08001371   Thumb Code   160  encoder.o(.text)
    TIM2_Mode_Config                         0x08001411   Thumb Code   174  encoder.o(.text)
    TIM_Init                                 0x080014bf   Thumb Code    12  encoder.o(.text)
    Get_Speed_L                              0x080014cb   Thumb Code    20  encoder.o(.text)
    Get_Speed_R                              0x080014df   Thumb Code    20  encoder.o(.text)
    Fuzzy                                    0x08001505   Thumb Code  2114  pazzy.o(.text)
    NVIC_Configuration                       0x08001d49   Thumb Code   120  init.o(.text)
    Timer3_configuration                     0x08001dc1   Thumb Code   180  init.o(.text)
    GPIO_Configuration                       0x08001e75   Thumb Code   236  init.o(.text)
    TIM1_Configuration                       0x08001f61   Thumb Code    82  init.o(.text)
    system_init                              0x08001fb3   Thumb Code    72  init.o(.text)
    TIM2_Configuration                       0x08001ffb   Thumb Code    76  init.o(.text)
    TIM1_UP_IRQHandler                       0x08002047   Thumb Code    36  init.o(.text)
    GPIO_DeInit                              0x08002091   Thumb Code   172  stm32f10x_gpio.o(.text)
    GPIO_AFIODeInit                          0x0800213d   Thumb Code    20  stm32f10x_gpio.o(.text)
    GPIO_Init                                0x08002151   Thumb Code   292  stm32f10x_gpio.o(.text)
    GPIO_StructInit                          0x08002275   Thumb Code    20  stm32f10x_gpio.o(.text)
    GPIO_ReadInputDataBit                    0x08002289   Thumb Code    24  stm32f10x_gpio.o(.text)
    GPIO_ReadInputData                       0x080022a1   Thumb Code     8  stm32f10x_gpio.o(.text)
    GPIO_ReadOutputDataBit                   0x080022a9   Thumb Code    24  stm32f10x_gpio.o(.text)
    GPIO_ReadOutputData                      0x080022c1   Thumb Code     8  stm32f10x_gpio.o(.text)
    GPIO_SetBits                             0x080022c9   Thumb Code     4  stm32f10x_gpio.o(.text)
    GPIO_ResetBits                           0x080022cd   Thumb Code     4  stm32f10x_gpio.o(.text)
    GPIO_WriteBit                            0x080022d1   Thumb Code    10  stm32f10x_gpio.o(.text)
    GPIO_Write                               0x080022db   Thumb Code     4  stm32f10x_gpio.o(.text)
    GPIO_PinLockConfig                       0x080022df   Thumb Code    20  stm32f10x_gpio.o(.text)
    GPIO_EventOutputConfig                   0x080022f3   Thumb Code    32  stm32f10x_gpio.o(.text)
    GPIO_EventOutputCmd                      0x08002313   Thumb Code     6  stm32f10x_gpio.o(.text)
    GPIO_PinRemapConfig                      0x08002319   Thumb Code   156  stm32f10x_gpio.o(.text)
    GPIO_EXTILineConfig                      0x080023b5   Thumb Code    84  stm32f10x_gpio.o(.text)
    GPIO_ETH_MediaInterfaceConfig            0x08002409   Thumb Code     6  stm32f10x_gpio.o(.text)
    RCC_DeInit                               0x0800243d   Thumb Code    68  stm32f10x_rcc.o(.text)
    RCC_HSEConfig                            0x08002481   Thumb Code    70  stm32f10x_rcc.o(.text)
    RCC_GetFlagStatus                        0x080024c7   Thumb Code    68  stm32f10x_rcc.o(.text)
    RCC_WaitForHSEStartUp                    0x0800250b   Thumb Code    56  stm32f10x_rcc.o(.text)
    RCC_AdjustHSICalibrationValue            0x08002543   Thumb Code    22  stm32f10x_rcc.o(.text)
    RCC_HSICmd                               0x08002559   Thumb Code     6  stm32f10x_rcc.o(.text)
    RCC_PLLConfig                            0x0800255f   Thumb Code    28  stm32f10x_rcc.o(.text)
    RCC_PLLCmd                               0x0800257b   Thumb Code     6  stm32f10x_rcc.o(.text)
    RCC_SYSCLKConfig                         0x08002581   Thumb Code    22  stm32f10x_rcc.o(.text)
    RCC_GetSYSCLKSource                      0x08002597   Thumb Code    10  stm32f10x_rcc.o(.text)
    RCC_HCLKConfig                           0x080025a1   Thumb Code    22  stm32f10x_rcc.o(.text)
    RCC_PCLK1Config                          0x080025b7   Thumb Code    22  stm32f10x_rcc.o(.text)
    RCC_PCLK2Config                          0x080025cd   Thumb Code    22  stm32f10x_rcc.o(.text)
    RCC_ITConfig                             0x080025e3   Thumb Code    36  stm32f10x_rcc.o(.text)
    RCC_USBCLKConfig                         0x08002607   Thumb Code     6  stm32f10x_rcc.o(.text)
    RCC_ADCCLKConfig                         0x0800260d   Thumb Code    22  stm32f10x_rcc.o(.text)
    RCC_LSEConfig                            0x08002623   Thumb Code    50  stm32f10x_rcc.o(.text)
    RCC_LSICmd                               0x08002655   Thumb Code     6  stm32f10x_rcc.o(.text)
    RCC_RTCCLKConfig                         0x0800265b   Thumb Code    14  stm32f10x_rcc.o(.text)
    RCC_RTCCLKCmd                            0x08002669   Thumb Code     6  stm32f10x_rcc.o(.text)
    RCC_GetClocksFreq                        0x0800266f   Thumb Code   216  stm32f10x_rcc.o(.text)
    RCC_AHBPeriphClockCmd                    0x08002747   Thumb Code    30  stm32f10x_rcc.o(.text)
    RCC_APB2PeriphClockCmd                   0x08002765   Thumb Code    30  stm32f10x_rcc.o(.text)
    RCC_APB1PeriphClockCmd                   0x08002783   Thumb Code    30  stm32f10x_rcc.o(.text)
    RCC_APB2PeriphResetCmd                   0x080027a1   Thumb Code    30  stm32f10x_rcc.o(.text)
    RCC_APB1PeriphResetCmd                   0x080027bf   Thumb Code    30  stm32f10x_rcc.o(.text)
    RCC_BackupResetCmd                       0x080027dd   Thumb Code     6  stm32f10x_rcc.o(.text)
    RCC_ClockSecuritySystemCmd               0x080027e3   Thumb Code     6  stm32f10x_rcc.o(.text)
    RCC_MCOConfig                            0x080027e9   Thumb Code     6  stm32f10x_rcc.o(.text)
    RCC_ClearFlag                            0x080027ef   Thumb Code    14  stm32f10x_rcc.o(.text)
    RCC_GetITStatus                          0x080027fd   Thumb Code    26  stm32f10x_rcc.o(.text)
    RCC_ClearITPendingBit                    0x08002817   Thumb Code    58  stm32f10x_rcc.o(.text)
    NVIC_PriorityGroupConfig                 0x08002851   Thumb Code    12  misc.o(.text)
    NVIC_Init                                0x0800285d   Thumb Code   128  misc.o(.text)
    NVIC_SetVectorTable                      0x080028dd   Thumb Code    16  misc.o(.text)
    NVIC_SystemLPConfig                      0x080028ed   Thumb Code    30  misc.o(.text)
    SysTick_CLKSourceConfig                  0x0800290b   Thumb Code    40  misc.o(.text)
    TIM_DeInit                               0x08002951   Thumb Code   424  stm32f10x_tim.o(.text)
    TIM_TimeBaseInit                         0x08002af9   Thumb Code   134  stm32f10x_tim.o(.text)
    TIM_OC1Init                              0x08002b7f   Thumb Code   168  stm32f10x_tim.o(.text)
    TIM_OC2Init                              0x08002c27   Thumb Code   178  stm32f10x_tim.o(.text)
    TIM_OC3Init                              0x08002cd9   Thumb Code   240  stm32f10x_tim.o(.text)
    TIM_OC4Init                              0x08002dc9   Thumb Code   126  stm32f10x_tim.o(.text)
    TIM_SetIC4Prescaler                      0x08002e47   Thumb Code    26  stm32f10x_tim.o(.text)
    TIM_SetIC3Prescaler                      0x08002eeb   Thumb Code    22  stm32f10x_tim.o(.text)
    TIM_SetIC2Prescaler                      0x08002f87   Thumb Code    26  stm32f10x_tim.o(.text)
    TIM_SetIC1Prescaler                      0x0800302b   Thumb Code    22  stm32f10x_tim.o(.text)
    TIM_ICInit                               0x080030bd   Thumb Code   150  stm32f10x_tim.o(.text)
    TIM_PWMIConfig                           0x08003153   Thumb Code   136  stm32f10x_tim.o(.text)
    TIM_BDTRConfig                           0x080031db   Thumb Code    66  stm32f10x_tim.o(.text)
    TIM_TimeBaseStructInit                   0x0800321d   Thumb Code    20  stm32f10x_tim.o(.text)
    TIM_OCStructInit                         0x08003231   Thumb Code    22  stm32f10x_tim.o(.text)
    TIM_ICStructInit                         0x08003247   Thumb Code    24  stm32f10x_tim.o(.text)
    TIM_BDTRStructInit                       0x0800325f   Thumb Code    20  stm32f10x_tim.o(.text)
    TIM_Cmd                                  0x08003273   Thumb Code    26  stm32f10x_tim.o(.text)
    TIM_CtrlPWMOutputs                       0x0800328d   Thumb Code    30  stm32f10x_tim.o(.text)
    TIM_ITConfig                             0x080032ab   Thumb Code    30  stm32f10x_tim.o(.text)
    TIM_GenerateEvent                        0x080032c9   Thumb Code     4  stm32f10x_tim.o(.text)
    TIM_DMAConfig                            0x080032cd   Thumb Code    10  stm32f10x_tim.o(.text)
    TIM_DMACmd                               0x080032d7   Thumb Code    30  stm32f10x_tim.o(.text)
    TIM_InternalClockConfig                  0x080032f5   Thumb Code    14  stm32f10x_tim.o(.text)
    TIM_SelectInputTrigger                   0x08003303   Thumb Code    24  stm32f10x_tim.o(.text)
    TIM_ITRxExternalClockConfig              0x0800331b   Thumb Code    24  stm32f10x_tim.o(.text)
    TIM_TIxExternalClockConfig               0x08003333   Thumb Code    62  stm32f10x_tim.o(.text)
    TIM_ETRConfig                            0x08003371   Thumb Code    32  stm32f10x_tim.o(.text)
    TIM_ETRClockMode1Config                  0x08003391   Thumb Code    60  stm32f10x_tim.o(.text)
    TIM_ETRClockMode2Config                  0x080033cd   Thumb Code    32  stm32f10x_tim.o(.text)
    TIM_PrescalerConfig                      0x080033ed   Thumb Code     6  stm32f10x_tim.o(.text)
    TIM_CounterModeConfig                    0x080033f3   Thumb Code    24  stm32f10x_tim.o(.text)
    TIM_EncoderInterfaceConfig               0x0800340b   Thumb Code    78  stm32f10x_tim.o(.text)
    TIM_ForcedOC1Config                      0x08003459   Thumb Code    24  stm32f10x_tim.o(.text)
    TIM_ForcedOC2Config                      0x08003471   Thumb Code    28  stm32f10x_tim.o(.text)
    TIM_ForcedOC3Config                      0x0800348d   Thumb Code    24  stm32f10x_tim.o(.text)
    TIM_ForcedOC4Config                      0x080034a5   Thumb Code    28  stm32f10x_tim.o(.text)
    TIM_ARRPreloadConfig                     0x080034c1   Thumb Code    26  stm32f10x_tim.o(.text)
    TIM_SelectCOM                            0x080034db   Thumb Code    26  stm32f10x_tim.o(.text)
    TIM_SelectCCDMA                          0x080034f5   Thumb Code    26  stm32f10x_tim.o(.text)
    TIM_CCPreloadControl                     0x0800350f   Thumb Code    26  stm32f10x_tim.o(.text)
    TIM_OC1PreloadConfig                     0x08003529   Thumb Code    24  stm32f10x_tim.o(.text)
    TIM_OC2PreloadConfig                     0x08003541   Thumb Code    28  stm32f10x_tim.o(.text)
    TIM_OC3PreloadConfig                     0x0800355d   Thumb Code    24  stm32f10x_tim.o(.text)
    TIM_OC4PreloadConfig                     0x08003575   Thumb Code    28  stm32f10x_tim.o(.text)
    TIM_OC1FastConfig                        0x08003591   Thumb Code    24  stm32f10x_tim.o(.text)
    TIM_OC2FastConfig                        0x080035a9   Thumb Code    28  stm32f10x_tim.o(.text)
    TIM_OC3FastConfig                        0x080035c5   Thumb Code    24  stm32f10x_tim.o(.text)
    TIM_OC4FastConfig                        0x080035dd   Thumb Code    28  stm32f10x_tim.o(.text)
    TIM_ClearOC1Ref                          0x080035f9   Thumb Code    24  stm32f10x_tim.o(.text)
    TIM_ClearOC2Ref                          0x08003611   Thumb Code    24  stm32f10x_tim.o(.text)
    TIM_ClearOC3Ref                          0x08003629   Thumb Code    24  stm32f10x_tim.o(.text)
    TIM_ClearOC4Ref                          0x08003641   Thumb Code    24  stm32f10x_tim.o(.text)
    TIM_OC1PolarityConfig                    0x08003659   Thumb Code    24  stm32f10x_tim.o(.text)
    TIM_OC1NPolarityConfig                   0x08003671   Thumb Code    24  stm32f10x_tim.o(.text)
    TIM_OC2PolarityConfig                    0x08003689   Thumb Code    28  stm32f10x_tim.o(.text)
    TIM_OC2NPolarityConfig                   0x080036a5   Thumb Code    28  stm32f10x_tim.o(.text)
    TIM_OC3PolarityConfig                    0x080036c1   Thumb Code    28  stm32f10x_tim.o(.text)
    TIM_OC3NPolarityConfig                   0x080036dd   Thumb Code    28  stm32f10x_tim.o(.text)
    TIM_OC4PolarityConfig                    0x080036f9   Thumb Code    28  stm32f10x_tim.o(.text)
    TIM_CCxCmd                               0x08003715   Thumb Code    46  stm32f10x_tim.o(.text)
    TIM_CCxNCmd                              0x08003743   Thumb Code    46  stm32f10x_tim.o(.text)
    TIM_SelectOCxM                           0x08003771   Thumb Code   100  stm32f10x_tim.o(.text)
    TIM_UpdateDisableConfig                  0x080037d5   Thumb Code    26  stm32f10x_tim.o(.text)
    TIM_UpdateRequestConfig                  0x080037ef   Thumb Code    26  stm32f10x_tim.o(.text)
    TIM_SelectHallSensor                     0x08003809   Thumb Code    26  stm32f10x_tim.o(.text)
    TIM_SelectOnePulseMode                   0x08003823   Thumb Code    22  stm32f10x_tim.o(.text)
    TIM_SelectOutputTrigger                  0x08003839   Thumb Code    22  stm32f10x_tim.o(.text)
    TIM_SelectSlaveMode                      0x0800384f   Thumb Code    22  stm32f10x_tim.o(.text)
    TIM_SelectMasterSlaveMode                0x08003865   Thumb Code    22  stm32f10x_tim.o(.text)
    TIM_SetCounter                           0x0800387b   Thumb Code     4  stm32f10x_tim.o(.text)
    TIM_SetAutoreload                        0x0800387f   Thumb Code     4  stm32f10x_tim.o(.text)
    TIM_SetCompare1                          0x08003883   Thumb Code     4  stm32f10x_tim.o(.text)
    TIM_SetCompare2                          0x08003887   Thumb Code     4  stm32f10x_tim.o(.text)
    TIM_SetCompare3                          0x0800388b   Thumb Code     4  stm32f10x_tim.o(.text)
    TIM_SetCompare4                          0x0800388f   Thumb Code     6  stm32f10x_tim.o(.text)
    TIM_SetClockDivision                     0x08003895   Thumb Code    22  stm32f10x_tim.o(.text)
    TIM_GetCapture1                          0x080038ab   Thumb Code     6  stm32f10x_tim.o(.text)
    TIM_GetCapture2                          0x080038b1   Thumb Code     6  stm32f10x_tim.o(.text)
    TIM_GetCapture3                          0x080038b7   Thumb Code     6  stm32f10x_tim.o(.text)
    TIM_GetCapture4                          0x080038bd   Thumb Code     8  stm32f10x_tim.o(.text)
    TIM_GetCounter                           0x080038c5   Thumb Code     6  stm32f10x_tim.o(.text)
    TIM_GetPrescaler                         0x080038cb   Thumb Code     6  stm32f10x_tim.o(.text)
    TIM_GetFlagStatus                        0x080038d1   Thumb Code    24  stm32f10x_tim.o(.text)
    TIM_ClearFlag                            0x080038e9   Thumb Code     8  stm32f10x_tim.o(.text)
    TIM_GetITStatus                          0x080038f1   Thumb Code    40  stm32f10x_tim.o(.text)
    TIM_ClearITPendingBit                    0x08003919   Thumb Code     8  stm32f10x_tim.o(.text)
    USART_DeInit                             0x08003921   Thumb Code   134  stm32f10x_usart.o(.text)
    USART_Init                               0x080039a7   Thumb Code   250  stm32f10x_usart.o(.text)
    USART_StructInit                         0x08003aa1   Thumb Code    30  stm32f10x_usart.o(.text)
    USART_ClockInit                          0x08003abf   Thumb Code    46  stm32f10x_usart.o(.text)
    USART_ClockStructInit                    0x08003aed   Thumb Code    14  stm32f10x_usart.o(.text)
    USART_Cmd                                0x08003afb   Thumb Code    26  stm32f10x_usart.o(.text)
    USART_ITConfig                           0x08003b15   Thumb Code    88  stm32f10x_usart.o(.text)
    USART_DMACmd                             0x08003b6d   Thumb Code    30  stm32f10x_usart.o(.text)
    USART_SetAddress                         0x08003b8b   Thumb Code    22  stm32f10x_usart.o(.text)
    USART_WakeUpConfig                       0x08003ba1   Thumb Code    22  stm32f10x_usart.o(.text)
    USART_ReceiverWakeUpCmd                  0x08003bb7   Thumb Code    26  stm32f10x_usart.o(.text)
    USART_LINBreakDetectLengthConfig         0x08003bd1   Thumb Code    22  stm32f10x_usart.o(.text)
    USART_LINCmd                             0x08003be7   Thumb Code    26  stm32f10x_usart.o(.text)
    USART_SendData                           0x08003c01   Thumb Code     8  stm32f10x_usart.o(.text)
    USART_ReceiveData                        0x08003c09   Thumb Code    10  stm32f10x_usart.o(.text)
    USART_SendBreak                          0x08003c13   Thumb Code    10  stm32f10x_usart.o(.text)
    USART_SetGuardTime                       0x08003c1d   Thumb Code    16  stm32f10x_usart.o(.text)
    USART_SetPrescaler                       0x08003c2d   Thumb Code    18  stm32f10x_usart.o(.text)
    USART_SmartCardCmd                       0x08003c3f   Thumb Code    26  stm32f10x_usart.o(.text)
    USART_SmartCardNACKCmd                   0x08003c59   Thumb Code    26  stm32f10x_usart.o(.text)
    USART_HalfDuplexCmd                      0x08003c73   Thumb Code    26  stm32f10x_usart.o(.text)
    USART_OverSampling8Cmd                   0x08003c8d   Thumb Code    22  stm32f10x_usart.o(.text)
    USART_OneBitMethodCmd                    0x08003ca3   Thumb Code    26  stm32f10x_usart.o(.text)
    USART_IrDAConfig                         0x08003cbd   Thumb Code    22  stm32f10x_usart.o(.text)
    USART_IrDACmd                            0x08003cd3   Thumb Code    26  stm32f10x_usart.o(.text)
    USART_GetFlagStatus                      0x08003ced   Thumb Code    54  stm32f10x_usart.o(.text)
    USART_ClearFlag                          0x08003d23   Thumb Code    20  stm32f10x_usart.o(.text)
    USART_GetITStatus                        0x08003d37   Thumb Code   104  stm32f10x_usart.o(.text)
    USART_ClearITPendingBit                  0x08003d9f   Thumb Code    40  stm32f10x_usart.o(.text)
    I2C_DeInit                               0x08003dc9   Thumb Code    50  stm32f10x_i2c.o(.text)
    I2C_Init                                 0x08003dfb   Thumb Code   250  stm32f10x_i2c.o(.text)
    I2C_StructInit                           0x08003ef5   Thumb Code    34  stm32f10x_i2c.o(.text)
    I2C_Cmd                                  0x08003f17   Thumb Code    26  stm32f10x_i2c.o(.text)
    I2C_DMACmd                               0x08003f31   Thumb Code    26  stm32f10x_i2c.o(.text)
    I2C_DMALastTransferCmd                   0x08003f4b   Thumb Code    26  stm32f10x_i2c.o(.text)
    I2C_GenerateSTART                        0x08003f65   Thumb Code    26  stm32f10x_i2c.o(.text)
    I2C_GenerateSTOP                         0x08003f7f   Thumb Code    26  stm32f10x_i2c.o(.text)
    I2C_AcknowledgeConfig                    0x08003f99   Thumb Code    26  stm32f10x_i2c.o(.text)
    I2C_OwnAddress2Config                    0x08003fb3   Thumb Code    28  stm32f10x_i2c.o(.text)
    I2C_DualAddressCmd                       0x08003fcf   Thumb Code    26  stm32f10x_i2c.o(.text)
    I2C_GeneralCallCmd                       0x08003fe9   Thumb Code    26  stm32f10x_i2c.o(.text)
    I2C_ITConfig                             0x08004003   Thumb Code    30  stm32f10x_i2c.o(.text)
    I2C_SendData                             0x08004021   Thumb Code     4  stm32f10x_i2c.o(.text)
    I2C_ReceiveData                          0x08004025   Thumb Code     8  stm32f10x_i2c.o(.text)
    I2C_Send7bitAddress                      0x0800402d   Thumb Code    20  stm32f10x_i2c.o(.text)
    I2C_ReadRegister                         0x08004041   Thumb Code    14  stm32f10x_i2c.o(.text)
    I2C_SoftwareResetCmd                     0x0800404f   Thumb Code    22  stm32f10x_i2c.o(.text)
    I2C_NACKPositionConfig                   0x08004065   Thumb Code    30  stm32f10x_i2c.o(.text)
    I2C_SMBusAlertConfig                     0x08004083   Thumb Code    30  stm32f10x_i2c.o(.text)
    I2C_TransmitPEC                          0x080040a1   Thumb Code    26  stm32f10x_i2c.o(.text)
    I2C_PECPositionConfig                    0x080040bb   Thumb Code    30  stm32f10x_i2c.o(.text)
    I2C_CalculatePEC                         0x080040d9   Thumb Code    26  stm32f10x_i2c.o(.text)
    I2C_GetPEC                               0x080040f3   Thumb Code    10  stm32f10x_i2c.o(.text)
    I2C_ARPCmd                               0x080040fd   Thumb Code    26  stm32f10x_i2c.o(.text)
    I2C_StretchClockCmd                      0x08004117   Thumb Code    26  stm32f10x_i2c.o(.text)
    I2C_FastModeDutyCycleConfig              0x08004131   Thumb Code    30  stm32f10x_i2c.o(.text)
    I2C_CheckEvent                           0x0800414f   Thumb Code    50  stm32f10x_i2c.o(.text)
    I2C_GetLastEvent                         0x08004181   Thumb Code    30  stm32f10x_i2c.o(.text)
    I2C_GetFlagStatus                        0x0800419f   Thumb Code    72  stm32f10x_i2c.o(.text)
    I2C_ClearFlag                            0x080041e7   Thumb Code    16  stm32f10x_i2c.o(.text)
    I2C_GetITStatus                          0x080041f7   Thumb Code    44  stm32f10x_i2c.o(.text)
    I2C_ClearITPendingBit                    0x08004223   Thumb Code    16  stm32f10x_i2c.o(.text)
    Reset_Handler                            0x08004235   Thumb Code     8  startup_stm32f10x_hd.o(.text)
    ADC1_2_IRQHandler                        0x0800424f   Thumb Code     0  startup_stm32f10x_hd.o(.text)
    ADC3_IRQHandler                          0x0800424f   Thumb Code     0  startup_stm32f10x_hd.o(.text)
    CAN1_RX1_IRQHandler                      0x0800424f   Thumb Code     0  startup_stm32f10x_hd.o(.text)
    CAN1_SCE_IRQHandler                      0x0800424f   Thumb Code     0  startup_stm32f10x_hd.o(.text)
    DMA1_Channel1_IRQHandler                 0x0800424f   Thumb Code     0  startup_stm32f10x_hd.o(.text)
    DMA1_Channel2_IRQHandler                 0x0800424f   Thumb Code     0  startup_stm32f10x_hd.o(.text)
    DMA1_Channel3_IRQHandler                 0x0800424f   Thumb Code     0  startup_stm32f10x_hd.o(.text)
    DMA1_Channel4_IRQHandler                 0x0800424f   Thumb Code     0  startup_stm32f10x_hd.o(.text)
    DMA1_Channel5_IRQHandler                 0x0800424f   Thumb Code     0  startup_stm32f10x_hd.o(.text)
    DMA1_Channel6_IRQHandler                 0x0800424f   Thumb Code     0  startup_stm32f10x_hd.o(.text)
    DMA1_Channel7_IRQHandler                 0x0800424f   Thumb Code     0  startup_stm32f10x_hd.o(.text)
    DMA2_Channel1_IRQHandler                 0x0800424f   Thumb Code     0  startup_stm32f10x_hd.o(.text)
    DMA2_Channel2_IRQHandler                 0x0800424f   Thumb Code     0  startup_stm32f10x_hd.o(.text)
    DMA2_Channel3_IRQHandler                 0x0800424f   Thumb Code     0  startup_stm32f10x_hd.o(.text)
    DMA2_Channel4_5_IRQHandler               0x0800424f   Thumb Code     0  startup_stm32f10x_hd.o(.text)
    EXTI0_IRQHandler                         0x0800424f   Thumb Code     0  startup_stm32f10x_hd.o(.text)
    EXTI15_10_IRQHandler                     0x0800424f   Thumb Code     0  startup_stm32f10x_hd.o(.text)
    EXTI1_IRQHandler                         0x0800424f   Thumb Code     0  startup_stm32f10x_hd.o(.text)
    EXTI2_IRQHandler                         0x0800424f   Thumb Code     0  startup_stm32f10x_hd.o(.text)
    EXTI3_IRQHandler                         0x0800424f   Thumb Code     0  startup_stm32f10x_hd.o(.text)
    EXTI4_IRQHandler                         0x0800424f   Thumb Code     0  startup_stm32f10x_hd.o(.text)
    EXTI9_5_IRQHandler                       0x0800424f   Thumb Code     0  startup_stm32f10x_hd.o(.text)
    FLASH_IRQHandler                         0x0800424f   Thumb Code     0  startup_stm32f10x_hd.o(.text)
    FSMC_IRQHandler                          0x0800424f   Thumb Code     0  startup_stm32f10x_hd.o(.text)
    I2C1_ER_IRQHandler                       0x0800424f   Thumb Code     0  startup_stm32f10x_hd.o(.text)
    I2C1_EV_IRQHandler                       0x0800424f   Thumb Code     0  startup_stm32f10x_hd.o(.text)
    I2C2_ER_IRQHandler                       0x0800424f   Thumb Code     0  startup_stm32f10x_hd.o(.text)
    I2C2_EV_IRQHandler                       0x0800424f   Thumb Code     0  startup_stm32f10x_hd.o(.text)
    PVD_IRQHandler                           0x0800424f   Thumb Code     0  startup_stm32f10x_hd.o(.text)
    RCC_IRQHandler                           0x0800424f   Thumb Code     0  startup_stm32f10x_hd.o(.text)
    RTCAlarm_IRQHandler                      0x0800424f   Thumb Code     0  startup_stm32f10x_hd.o(.text)
    RTC_IRQHandler                           0x0800424f   Thumb Code     0  startup_stm32f10x_hd.o(.text)
    SDIO_IRQHandler                          0x0800424f   Thumb Code     0  startup_stm32f10x_hd.o(.text)
    SPI1_IRQHandler                          0x0800424f   Thumb Code     0  startup_stm32f10x_hd.o(.text)
    SPI2_IRQHandler                          0x0800424f   Thumb Code     0  startup_stm32f10x_hd.o(.text)
    SPI3_IRQHandler                          0x0800424f   Thumb Code     0  startup_stm32f10x_hd.o(.text)
    TAMPER_IRQHandler                        0x0800424f   Thumb Code     0  startup_stm32f10x_hd.o(.text)
    TIM1_BRK_IRQHandler                      0x0800424f   Thumb Code     0  startup_stm32f10x_hd.o(.text)
    TIM1_CC_IRQHandler                       0x0800424f   Thumb Code     0  startup_stm32f10x_hd.o(.text)
    TIM1_TRG_COM_IRQHandler                  0x0800424f   Thumb Code     0  startup_stm32f10x_hd.o(.text)
    TIM3_IRQHandler                          0x0800424f   Thumb Code     0  startup_stm32f10x_hd.o(.text)
    TIM4_IRQHandler                          0x0800424f   Thumb Code     0  startup_stm32f10x_hd.o(.text)
    TIM5_IRQHandler                          0x0800424f   Thumb Code     0  startup_stm32f10x_hd.o(.text)
    TIM6_IRQHandler                          0x0800424f   Thumb Code     0  startup_stm32f10x_hd.o(.text)
    TIM7_IRQHandler                          0x0800424f   Thumb Code     0  startup_stm32f10x_hd.o(.text)
    TIM8_BRK_IRQHandler                      0x0800424f   Thumb Code     0  startup_stm32f10x_hd.o(.text)
    TIM8_CC_IRQHandler                       0x0800424f   Thumb Code     0  startup_stm32f10x_hd.o(.text)
    TIM8_TRG_COM_IRQHandler                  0x0800424f   Thumb Code     0  startup_stm32f10x_hd.o(.text)
    TIM8_UP_IRQHandler                       0x0800424f   Thumb Code     0  startup_stm32f10x_hd.o(.text)
    UART4_IRQHandler                         0x0800424f   Thumb Code     0  startup_stm32f10x_hd.o(.text)
    UART5_IRQHandler                         0x0800424f   Thumb Code     0  startup_stm32f10x_hd.o(.text)
    USART2_IRQHandler                        0x0800424f   Thumb Code     0  startup_stm32f10x_hd.o(.text)
    USART3_IRQHandler                        0x0800424f   Thumb Code     0  startup_stm32f10x_hd.o(.text)
    USBWakeUp_IRQHandler                     0x0800424f   Thumb Code     0  startup_stm32f10x_hd.o(.text)
    USB_HP_CAN1_TX_IRQHandler                0x0800424f   Thumb Code     0  startup_stm32f10x_hd.o(.text)
    USB_LP_CAN1_RX0_IRQHandler               0x0800424f   Thumb Code     0  startup_stm32f10x_hd.o(.text)
    WWDG_IRQHandler                          0x0800424f   Thumb Code     0  startup_stm32f10x_hd.o(.text)
    __user_initial_stackheap                 0x08004251   Thumb Code     0  startup_stm32f10x_hd.o(.text)
    __use_no_semihosting                     0x08004275   Thumb Code     2  use_no_semi_2.o(.text)
    __use_two_region_memory                  0x08004277   Thumb Code     2  heapauxi.o(.text)
    __rt_heap_escrow$2region                 0x08004279   Thumb Code     2  heapauxi.o(.text)
    __rt_heap_expand$2region                 0x0800427b   Thumb Code     2  heapauxi.o(.text)
    __I$use$semihosting                      0x0800427d   Thumb Code     0  use_no_semi.o(.text)
    __use_no_semihosting_swi                 0x0800427d   Thumb Code     2  use_no_semi.o(.text)
    __read_errno                             0x0800427f   Thumb Code    10  _rserrno.o(.text)
    __set_errno                              0x08004289   Thumb Code    12  _rserrno.o(.text)
    __aeabi_errno_addr                       0x08004295   Thumb Code     8  rt_errno_addr_intlibspace.o(.text)
    __errno$intlibspace                      0x08004295   Thumb Code     0  rt_errno_addr_intlibspace.o(.text)
    __rt_errno_addr$intlibspace              0x08004295   Thumb Code     0  rt_errno_addr_intlibspace.o(.text)
    __user_libspace                          0x0800429d   Thumb Code     8  libspace.o(.text)
    __user_perproc_libspace                  0x0800429d   Thumb Code     0  libspace.o(.text)
    __user_perthread_libspace                0x0800429d   Thumb Code     0  libspace.o(.text)
    __user_setup_stackheap                   0x080042a5   Thumb Code    74  sys_stackheap_outer.o(.text)
    exit                                     0x080042ef   Thumb Code    12  exit.o(.text)
    __rt_fp_status_addr                      0x080042fd   Thumb Code     8  rt_fp_status_addr_intlibspace.o(.text)
    __kernel_poly                            0x08004305   Thumb Code   170  poly.o(i.__kernel_poly)
    acos                                     0x080043b1   Thumb Code   584  acos.o(i.acos)
    sqrt                                     0x08004635   Thumb Code    76  sqrt.o(i.sqrt)
    __aeabi_d2f                              0x08004681   Thumb Code     0  d2f.o(x$fpl$d2f)
    _d2f                                     0x08004681   Thumb Code    98  d2f.o(x$fpl$d2f)
    __aeabi_dadd                             0x080046e5   Thumb Code     0  daddsub_clz.o(x$fpl$dadd)
    _dadd                                    0x080046e5   Thumb Code   332  daddsub_clz.o(x$fpl$dadd)
    __fpl_dcheck_NaN1                        0x08004835   Thumb Code    10  dcheck1.o(x$fpl$dcheck1)
    __fpl_dcmp_Inf                           0x08004845   Thumb Code    24  dcmpi.o(x$fpl$dcmpinf)
    __aeabi_ddiv                             0x0800485d   Thumb Code     0  ddiv.o(x$fpl$ddiv)
    _ddiv                                    0x0800485d   Thumb Code   552  ddiv.o(x$fpl$ddiv)
    __aeabi_i2d                              0x08004b0d   Thumb Code     0  dflt_clz.o(x$fpl$dflt)
    _dflt                                    0x08004b0d   Thumb Code    46  dflt_clz.o(x$fpl$dflt)
    __aeabi_cdcmple                          0x08004b3d   Thumb Code     0  dleqf.o(x$fpl$dleqf)
    _dcmple                                  0x08004b3d   Thumb Code   120  dleqf.o(x$fpl$dleqf)
    __fpl_dcmple_InfNaN                      0x08004b9f   Thumb Code     0  dleqf.o(x$fpl$dleqf)
    __aeabi_dmul                             0x08004bb5   Thumb Code     0  dmul.o(x$fpl$dmul)
    _dmul                                    0x08004bb5   Thumb Code   332  dmul.o(x$fpl$dmul)
    __fpl_dnaninf                            0x08004d09   Thumb Code   156  dnaninf.o(x$fpl$dnaninf)
    __fpl_dretinf                            0x08004da5   Thumb Code    12  dretinf.o(x$fpl$dretinf)
    __aeabi_cdrcmple                         0x08004db1   Thumb Code     0  drleqf.o(x$fpl$drleqf)
    _drcmple                                 0x08004db1   Thumb Code   108  drleqf.o(x$fpl$drleqf)
    __aeabi_drsub                            0x08004e1d   Thumb Code     0  daddsub_clz.o(x$fpl$drsb)
    _drsb                                    0x08004e1d   Thumb Code    22  daddsub_clz.o(x$fpl$drsb)
    _dsqrt                                   0x08004e35   Thumb Code   456  dsqrt_noumaal.o(x$fpl$dsqrt)
    __aeabi_dsub                             0x08005001   Thumb Code     0  daddsub_clz.o(x$fpl$dsub)
    _dsub                                    0x08005001   Thumb Code   464  daddsub_clz.o(x$fpl$dsub)
    __aeabi_f2d                              0x080051d5   Thumb Code     0  f2d.o(x$fpl$f2d)
    _f2d                                     0x080051d5   Thumb Code    86  f2d.o(x$fpl$f2d)
    __aeabi_fadd                             0x0800522d   Thumb Code     0  faddsub_clz.o(x$fpl$fadd)
    _fadd                                    0x0800522d   Thumb Code   196  faddsub_clz.o(x$fpl$fadd)
    __fpl_fcmp_Inf                           0x080052f1   Thumb Code    24  fcmpi.o(x$fpl$fcmpinf)
    __aeabi_fdiv                             0x08005309   Thumb Code     0  fdiv.o(x$fpl$fdiv)
    _fdiv                                    0x08005309   Thumb Code   384  fdiv.o(x$fpl$fdiv)
    __aeabi_f2iz                             0x0800548d   Thumb Code     0  ffix.o(x$fpl$ffix)
    _ffix                                    0x0800548d   Thumb Code    54  ffix.o(x$fpl$ffix)
    __aeabi_i2f                              0x080054c5   Thumb Code     0  fflt_clz.o(x$fpl$fflt)
    _fflt                                    0x080054c5   Thumb Code    48  fflt_clz.o(x$fpl$fflt)
    __aeabi_cfcmple                          0x080054f5   Thumb Code     0  fleqf.o(x$fpl$fleqf)
    _fcmple                                  0x080054f5   Thumb Code   104  fleqf.o(x$fpl$fleqf)
    __fpl_fcmple_InfNaN                      0x08005547   Thumb Code     0  fleqf.o(x$fpl$fleqf)
    __aeabi_fmul                             0x0800555d   Thumb Code     0  fmul.o(x$fpl$fmul)
    _fmul                                    0x0800555d   Thumb Code   258  fmul.o(x$fpl$fmul)
    __fpl_fnaninf                            0x0800565f   Thumb Code   140  fnaninf.o(x$fpl$fnaninf)
    _fp_init                                 0x080056eb   Thumb Code    14  fpinit.o(x$fpl$fpinit)
    __fplib_config_pureend_doubles           0x080056f7   Thumb Code     0  fpinit.o(x$fpl$fpinit)
    __fpl_fretinf                            0x080056f9   Thumb Code    10  fretinf.o(x$fpl$fretinf)
    __aeabi_cfrcmple                         0x08005703   Thumb Code     0  frleqf.o(x$fpl$frleqf)
    _frcmple                                 0x08005703   Thumb Code    98  frleqf.o(x$fpl$frleqf)
    __aeabi_frsub                            0x08005765   Thumb Code     0  faddsub_clz.o(x$fpl$frsb)
    _frsb                                    0x08005765   Thumb Code    20  faddsub_clz.o(x$fpl$frsb)
    __aeabi_fsub                             0x08005779   Thumb Code     0  faddsub_clz.o(x$fpl$fsub)
    _fsub                                    0x08005779   Thumb Code   234  faddsub_clz.o(x$fpl$fsub)
    __fpl_return_NaN                         0x08005863   Thumb Code   100  retnan.o(x$fpl$retnan)
    __ARM_scalbn                             0x080058c7   Thumb Code    92  scalbn.o(x$fpl$scalbn)
    __fpl_cmpreturn                          0x08005923   Thumb Code    48  trapv.o(x$fpl$trapveneer)
    __I$use$fp                               0x08005953   Thumb Code     0  usenofp.o(x$fpl$usenofp)
    Region$$Table$$Base                      0x080059a8   Number         0  anon$$obj.o(Region$$Table)
    Region$$Table$$Limit                     0x080059c8   Number         0  anon$$obj.o(Region$$Table)
    SystemCoreClock                          0x20000000   Data           4  system_stm32f10x.o(.data)
    AHBPrescTable                            0x20000004   Data          16  system_stm32f10x.o(.data)
    data_i                                   0x20000018   Data           1  usart.o(.data)
    __stdout                                 0x2000001c   Data           4  usart.o(.data)
    g_fAngle                                 0x20000020   Data           4  jiaodu.o(.data)
    g_fAngle_Dot                             0x20000024   Data           4  jiaodu.o(.data)
    g_nStandCtrOut                           0x20000028   Data           2  jiaodu.o(.data)
    kp                                       0x2000002c   Data           4  jiaodu.o(.data)
    speedL                                   0x20000030   Data           4  jiaodu.o(.data)
    speedR                                   0x20000034   Data           4  jiaodu.o(.data)
    sudu_p                                   0x20000038   Data           4  jiaodu.o(.data)
    weizhi_p                                 0x2000003c   Data           4  jiaodu.o(.data)
    Accel_x                                  0x2000007c   Data           2  jiaodu.o(.data)
    Accel_y                                  0x2000007e   Data           2  jiaodu.o(.data)
    Accel_z                                  0x20000080   Data           2  jiaodu.o(.data)
    iGyro_y                                  0x20000082   Data           2  jiaodu.o(.data)
    Angle                                    0x20000084   Data           4  jiaodu.o(.data)
    Gyro_y                                   0x20000088   Data           4  jiaodu.o(.data)
    Angle_ax                                 0x2000008c   Data           4  jiaodu.o(.data)
    Angle_gy                                 0x20000090   Data           4  jiaodu.o(.data)
    Gyro                                     0x20000094   Data           4  jiaodu.o(.data)
    speedl                                   0x20000098   Data           4  jiaodu.o(.data)
    speedr                                   0x2000009c   Data           4  jiaodu.o(.data)
    jiaodu_PWM                               0x200000a0   Data           4  jiaodu.o(.data)
    speed_right                              0x200000a4   Data           4  jiaodu.o(.data)
    speed_left                               0x200000a8   Data           4  jiaodu.o(.data)
    RotateError                              0x200000ac   Data           4  jiaodu.o(.data)
    IRotateError                             0x200000b0   Data           4  jiaodu.o(.data)
    RotateCompen                             0x200000b4   Data           4  jiaodu.o(.data)
    fSpeed_Vechile                           0x200000b8   Data           4  jiaodu.o(.data)
    fSpeed_Vechile_F                         0x200000bc   Data           4  jiaodu.o(.data)
    fPosition                                0x200000c0   Data           8  jiaodu.o(.data)
    sudu_pwm                                 0x200000c8   Data           4  jiaodu.o(.data)
    PFF                                      0x200000cc   Data          16  pazzy.o(.data)
    DFF                                      0x200000dc   Data          16  pazzy.o(.data)
    UFF                                      0x200000ec   Data          28  pazzy.o(.data)
    rule                                     0x20000108   Data         196  pazzy.o(.data)
    flag                                     0x200001cc   Data           1  init.o(.data)
    PWM_kongzhi                              0x200001d0   Data           4  control.o(.data)
    zhuanwan_pwm                             0x200001d4   Data           4  control.o(.data)
    temp_data                                0x200001ec   Data          16  usart.o(.bss)
    gx_buf                                   0x2000020c   Data          32  jiaodu.o(.bss)
    ax_buf                                   0x2000022c   Data          32  jiaodu.o(.bss)
    ay_buf                                   0x2000024c   Data          32  jiaodu.o(.bss)
    az_buf                                   0x2000026c   Data          32  jiaodu.o(.bss)
    gy_buf                                   0x2000028c   Data          32  jiaodu.o(.bss)
    __libspace_start                         0x200002ac   Data          96  libspace.o(.bss)
    __temporary_stack_top$libspace           0x2000030c   Data           0  libspace.o(.bss)



==============================================================================

Memory Map of the image

  Image Entry point : 0x08000131

  Load Region LR_IROM1 (Base: 0x08000000, Size: 0x00005bb4, Max: 0x00040000, ABSOLUTE, COMPRESSED[0x00005a24])

    Execution Region ER_IROM1 (Base: 0x08000000, Size: 0x000059c8, Max: 0x00040000, ABSOLUTE)

    Base Addr    Size         Type   Attr      Idx    E Section Name        Object

    0x08000000   0x00000130   Data   RO          416    RESET               startup_stm32f10x_hd.o
    0x08000130   0x00000008   Code   RO          427  * !!!main             c_w.l(__main.o)
    0x08000138   0x00000034   Code   RO          686    !!!scatter          c_w.l(__scatter.o)
    0x0800016c   0x0000005a   Code   RO          684    !!dczerorl2         c_w.l(__dczerorl2.o)
    0x080001c6   0x00000002   PAD
    0x080001c8   0x0000001c   Code   RO          688    !!handler_zi        c_w.l(__scatter_zi.o)
    0x080001e4   0x00000006   Code   RO          557    .ARM.Collect$$libinit$$00000000  c_w.l(libinit.o)
    0x080001ea   0x00000000   Code   RO          564    .ARM.Collect$$libinit$$00000006  c_w.l(libinit2.o)
    0x080001ea   0x00000000   Code   RO          566    .ARM.Collect$$libinit$$00000008  c_w.l(libinit2.o)
    0x080001ea   0x00000000   Code   RO          568    .ARM.Collect$$libinit$$0000000A  c_w.l(libinit2.o)
    0x080001ea   0x00000000   Code   RO          571    .ARM.Collect$$libinit$$0000000D  c_w.l(libinit2.o)
    0x080001ea   0x00000000   Code   RO          573    .ARM.Collect$$libinit$$0000000F  c_w.l(libinit2.o)
    0x080001ea   0x00000000   Code   RO          575    .ARM.Collect$$libinit$$00000011  c_w.l(libinit2.o)
    0x080001ea   0x00000000   Code   RO          577    .ARM.Collect$$libinit$$00000013  c_w.l(libinit2.o)
    0x080001ea   0x00000000   Code   RO          579    .ARM.Collect$$libinit$$00000015  c_w.l(libinit2.o)
    0x080001ea   0x00000000   Code   RO          581    .ARM.Collect$$libinit$$00000017  c_w.l(libinit2.o)
    0x080001ea   0x00000000   Code   RO          583    .ARM.Collect$$libinit$$00000019  c_w.l(libinit2.o)
    0x080001ea   0x00000000   Code   RO          585    .ARM.Collect$$libinit$$0000001B  c_w.l(libinit2.o)
    0x080001ea   0x00000000   Code   RO          587    .ARM.Collect$$libinit$$0000001D  c_w.l(libinit2.o)
    0x080001ea   0x00000000   Code   RO          589    .ARM.Collect$$libinit$$0000001F  c_w.l(libinit2.o)
    0x080001ea   0x00000000   Code   RO          591    .ARM.Collect$$libinit$$00000021  c_w.l(libinit2.o)
    0x080001ea   0x00000000   Code   RO          595    .ARM.Collect$$libinit$$00000028  c_w.l(libinit2.o)
    0x080001ea   0x00000000   Code   RO          597    .ARM.Collect$$libinit$$0000002A  c_w.l(libinit2.o)
    0x080001ea   0x00000000   Code   RO          599    .ARM.Collect$$libinit$$0000002C  c_w.l(libinit2.o)
    0x080001ea   0x00000000   Code   RO          601    .ARM.Collect$$libinit$$0000002E  c_w.l(libinit2.o)
    0x080001ea   0x00000002   Code   RO          602    .ARM.Collect$$libinit$$0000002F  c_w.l(libinit2.o)
    0x080001ec   0x00000002   Code   RO          627    .ARM.Collect$$libshutdown$$00000000  c_w.l(libshutdown.o)
    0x080001ee   0x00000000   Code   RO          638    .ARM.Collect$$libshutdown$$00000003  c_w.l(libshutdown2.o)
    0x080001ee   0x00000000   Code   RO          641    .ARM.Collect$$libshutdown$$00000006  c_w.l(libshutdown2.o)
    0x080001ee   0x00000000   Code   RO          644    .ARM.Collect$$libshutdown$$00000009  c_w.l(libshutdown2.o)
    0x080001ee   0x00000000   Code   RO          646    .ARM.Collect$$libshutdown$$0000000B  c_w.l(libshutdown2.o)
    0x080001ee   0x00000000   Code   RO          649    .ARM.Collect$$libshutdown$$0000000E  c_w.l(libshutdown2.o)
    0x080001ee   0x00000002   Code   RO          650    .ARM.Collect$$libshutdown$$0000000F  c_w.l(libshutdown2.o)
    0x080001f0   0x00000000   Code   RO          501    .ARM.Collect$$rtentry$$00000000  c_w.l(rtentry.o)
    0x080001f0   0x00000000   Code   RO          524    .ARM.Collect$$rtentry$$00000002  c_w.l(rtentry2.o)
    0x080001f0   0x00000006   Code   RO          536    .ARM.Collect$$rtentry$$00000004  c_w.l(rtentry4.o)
    0x080001f6   0x00000000   Code   RO          526    .ARM.Collect$$rtentry$$00000009  c_w.l(rtentry2.o)
    0x080001f6   0x00000004   Code   RO          527    .ARM.Collect$$rtentry$$0000000A  c_w.l(rtentry2.o)
    0x080001fa   0x00000000   Code   RO          529    .ARM.Collect$$rtentry$$0000000C  c_w.l(rtentry2.o)
    0x080001fa   0x00000008   Code   RO          530    .ARM.Collect$$rtentry$$0000000D  c_w.l(rtentry2.o)
    0x08000202   0x00000002   Code   RO          560    .ARM.Collect$$rtexit$$00000000  c_w.l(rtexit.o)
    0x08000204   0x00000000   Code   RO          608    .ARM.Collect$$rtexit$$00000002  c_w.l(rtexit2.o)
    0x08000204   0x00000004   Code   RO          609    .ARM.Collect$$rtexit$$00000003  c_w.l(rtexit2.o)
    0x08000208   0x00000006   Code   RO          610    .ARM.Collect$$rtexit$$00000004  c_w.l(rtexit2.o)
    0x0800020e   0x00000002   PAD
    0x08000210   0x00000002   Code   RO          182    .emb_text           sys.o
    0x08000212   0x00000002   PAD
    0x08000214   0x0000002c   Code   RO            1    .text               main.o
    0x08000240   0x0000004c   Code   RO          135    .text               stm32f10x_it.o
    0x0800028c   0x000001e0   Code   RO          150    .text               system_stm32f10x.o
    0x0800046c   0x000000b8   Code   RO          168    .text               delay.o
    0x08000524   0x00000178   Code   RO          183    .text               sys.o
    0x0800069c   0x0000015c   Code   RO          199    .text               usart.o
    0x080007f8   0x0000034c   Code   RO          222    .text               mpu6050.o
    0x08000b44   0x0000082c   Code   RO          234    .text               jiaodu.o
    0x08001370   0x00000194   Code   RO          258    .text               encoder.o
    0x08001504   0x00000842   Code   RO          270    .text               pazzy.o
    0x08001d46   0x00000002   PAD
    0x08001d48   0x00000348   Code   RO          285    .text               init.o
    0x08002090   0x000003ac   Code   RO          318    .text               stm32f10x_gpio.o
    0x0800243c   0x00000414   Code   RO          330    .text               stm32f10x_rcc.o
    0x08002850   0x00000100   Code   RO          344    .text               misc.o
    0x08002950   0x00000fd0   Code   RO          356    .text               stm32f10x_tim.o
    0x08003920   0x000004a6   Code   RO          368    .text               stm32f10x_usart.o
    0x08003dc6   0x00000002   PAD
    0x08003dc8   0x0000046a   Code   RO          380    .text               stm32f10x_i2c.o
    0x08004232   0x00000002   PAD
    0x08004234   0x00000040   Code   RO          417    .text               startup_stm32f10x_hd.o
    0x08004274   0x00000002   Code   RO          423    .text               c_w.l(use_no_semi_2.o)
    0x08004276   0x00000006   Code   RO          425    .text               c_w.l(heapauxi.o)
    0x0800427c   0x00000002   Code   RO          499    .text               c_w.l(use_no_semi.o)
    0x0800427e   0x00000016   Code   RO          502    .text               c_w.l(_rserrno.o)
    0x08004294   0x00000008   Code   RO          541    .text               c_w.l(rt_errno_addr_intlibspace.o)
    0x0800429c   0x00000008   Code   RO          545    .text               c_w.l(libspace.o)
    0x080042a4   0x0000004a   Code   RO          548    .text               c_w.l(sys_stackheap_outer.o)
    0x080042ee   0x0000000c   Code   RO          550    .text               c_w.l(exit.o)
    0x080042fa   0x00000002   PAD
    0x080042fc   0x00000008   Code   RO          617    .text               c_w.l(rt_fp_status_addr_intlibspace.o)
    0x08004304   0x000000aa   Code   RO          521    i.__kernel_poly     m_ws.l(poly.o)
    0x080043ae   0x00000002   PAD
    0x080043b0   0x00000284   Code   RO          482    i.acos              m_ws.l(acos.o)
    0x08004634   0x0000004c   Code   RO          492    i.sqrt              m_ws.l(sqrt.o)
    0x08004680   0x00000062   Code   RO          429    x$fpl$d2f           fz_ws.l(d2f.o)
    0x080046e2   0x00000002   PAD
    0x080046e4   0x00000150   Code   RO          431    x$fpl$dadd          fz_ws.l(daddsub_clz.o)
    0x08004834   0x00000010   Code   RO          543    x$fpl$dcheck1       fz_ws.l(dcheck1.o)
    0x08004844   0x00000018   Code   RO          504    x$fpl$dcmpinf       fz_ws.l(dcmpi.o)
    0x0800485c   0x000002b0   Code   RO          438    x$fpl$ddiv          fz_ws.l(ddiv.o)
    0x08004b0c   0x0000002e   Code   RO          442    x$fpl$dflt          fz_ws.l(dflt_clz.o)
    0x08004b3a   0x00000002   PAD
    0x08004b3c   0x00000078   Code   RO          447    x$fpl$dleqf         fz_ws.l(dleqf.o)
    0x08004bb4   0x00000154   Code   RO          449    x$fpl$dmul          fz_ws.l(dmul.o)
    0x08004d08   0x0000009c   Code   RO          506    x$fpl$dnaninf       fz_ws.l(dnaninf.o)
    0x08004da4   0x0000000c   Code   RO          508    x$fpl$dretinf       fz_ws.l(dretinf.o)
    0x08004db0   0x0000006c   Code   RO          451    x$fpl$drleqf        fz_ws.l(drleqf.o)
    0x08004e1c   0x00000016   Code   RO          432    x$fpl$drsb          fz_ws.l(daddsub_clz.o)
    0x08004e32   0x00000002   PAD
    0x08004e34   0x000001cc   Code   RO          510    x$fpl$dsqrt         fz_ws.l(dsqrt_noumaal.o)
    0x08005000   0x000001d4   Code   RO          433    x$fpl$dsub          fz_ws.l(daddsub_clz.o)
    0x080051d4   0x00000056   Code   RO          453    x$fpl$f2d           fz_ws.l(f2d.o)
    0x0800522a   0x00000002   PAD
    0x0800522c   0x000000c4   Code   RO          455    x$fpl$fadd          fz_ws.l(faddsub_clz.o)
    0x080052f0   0x00000018   Code   RO          512    x$fpl$fcmpinf       fz_ws.l(fcmpi.o)
    0x08005308   0x00000184   Code   RO          462    x$fpl$fdiv          fz_ws.l(fdiv.o)
    0x0800548c   0x00000036   Code   RO          465    x$fpl$ffix          fz_ws.l(ffix.o)
    0x080054c2   0x00000002   PAD
    0x080054c4   0x00000030   Code   RO          470    x$fpl$fflt          fz_ws.l(fflt_clz.o)
    0x080054f4   0x00000068   Code   RO          475    x$fpl$fleqf         fz_ws.l(fleqf.o)
    0x0800555c   0x00000102   Code   RO          477    x$fpl$fmul          fz_ws.l(fmul.o)
    0x0800565e   0x0000008c   Code   RO          514    x$fpl$fnaninf       fz_ws.l(fnaninf.o)
    0x080056ea   0x0000000e   Code   RO          603    x$fpl$fpinit        fz_ws.l(fpinit.o)
    0x080056f8   0x0000000a   Code   RO          516    x$fpl$fretinf       fz_ws.l(fretinf.o)
    0x08005702   0x00000062   Code   RO          479    x$fpl$frleqf        fz_ws.l(frleqf.o)
    0x08005764   0x00000014   Code   RO          456    x$fpl$frsb          fz_ws.l(faddsub_clz.o)
    0x08005778   0x000000ea   Code   RO          457    x$fpl$fsub          fz_ws.l(faddsub_clz.o)
    0x08005862   0x00000064   Code   RO          558    x$fpl$retnan        fz_ws.l(retnan.o)
    0x080058c6   0x0000005c   Code   RO          518    x$fpl$scalbn        fz_ws.l(scalbn.o)
    0x08005922   0x00000030   Code   RO          605    x$fpl$trapveneer    fz_ws.l(trapv.o)
    0x08005952   0x00000000   Code   RO          520    x$fpl$usenofp       fz_ws.l(usenofp.o)
    0x08005952   0x00000006   PAD
    0x08005958   0x00000050   Data   RO          483    .constdata          m_ws.l(acos.o)
    0x080059a8   0x00000020   Data   RO          682    Region$$Table       anon$$obj.o


    Execution Region RW_IRAM1 (Base: 0x20000000, Size: 0x00000910, Max: 0x0000c000, ABSOLUTE, COMPRESSED[0x0000005c])

    Base Addr    Size         Type   Attr      Idx    E Section Name        Object

    0x20000000   0x00000014   Data   RW          151    .data               system_stm32f10x.o
    0x20000014   0x00000004   Data   RW          169    .data               delay.o
    0x20000018   0x00000008   Data   RW          201    .data               usart.o
    0x20000020   0x000000ac   Data   RW          236    .data               jiaodu.o
    0x200000cc   0x00000100   Data   RW          271    .data               pazzy.o
    0x200001cc   0x00000001   Data   RW          286    .data               init.o
    0x200001cd   0x00000003   PAD
    0x200001d0   0x00000008   Data   RW          304    .data               control.o
    0x200001d8   0x00000014   Data   RW          331    .data               stm32f10x_rcc.o
    0x200001ec   0x00000010   Zero   RW          200    .bss                usart.o
    0x200001fc   0x000000b0   Zero   RW          235    .bss                jiaodu.o
    0x200002ac   0x00000060   Zero   RW          546    .bss                c_w.l(libspace.o)
    0x2000030c   0x00000004   PAD
    0x20000310   0x00000200   Zero   RW          415    HEAP                startup_stm32f10x_hd.o
    0x20000510   0x00000400   Zero   RW          414    STACK               startup_stm32f10x_hd.o


==============================================================================

Image component sizes


      Code (inc. data)   RO Data    RW Data    ZI Data      Debug   Object Name

         0          0          0          8          0        279   control.o
       184         10          0          4          0       1027   delay.o
       404         18          0          0          0       1425   encoder.o
       840         38          0          1          0       2117   init.o
      2092        264          0        172        176       4692   jiaodu.o
        44         10          0          0          0     261267   main.o
       256         30          0          0          0       1881   misc.o
       844         24          0          0          0       2274   mpu6050.o
      2114         30          0        256          0       1995   pazzy.o
        64         26        304          0       1536        888   startup_stm32f10x_hd.o
       940         46          0          0          0       5853   stm32f10x_gpio.o
      1130         16          0          0          0       9335   stm32f10x_i2c.o
        76          6          0          0          0       1406   stm32f10x_it.o
      1044         52          0         20          0       9056   stm32f10x_rcc.o
      4048         86          0          0          0      23140   stm32f10x_tim.o
      1190         22          0          0          0       8576   stm32f10x_usart.o
       378         38          0          0          0       1532   sys.o
       480         36          0         20          0       1851   system_stm32f10x.o
       348         22          0          8         16       3361   usart.o

    ----------------------------------------------------------------------
     16484        774        336        492       1728     341955   Object Totals
         0          0         32          0          0          0   (incl. Generated)
         8          0          0          3          0          0   (incl. Padding)

    ----------------------------------------------------------------------

      Code (inc. data)   RO Data    RW Data    ZI Data      Debug   Library Member Name

        90          0          0          0          0          0   __dczerorl2.o
         8          0          0          0          0         68   __main.o
        52          8          0          0          0          0   __scatter.o
        28          0          0          0          0          0   __scatter_zi.o
        22          0          0          0          0        100   _rserrno.o
        12          0          0          0          0         72   exit.o
         6          0          0          0          0        152   heapauxi.o
         6          0          0          0          0          0   libinit.o
         2          0          0          0          0          0   libinit2.o
         2          0          0          0          0          0   libshutdown.o
         2          0          0          0          0          0   libshutdown2.o
         8          4          0          0         96         68   libspace.o
         8          4          0          0          0         68   rt_errno_addr_intlibspace.o
         8          4          0          0          0         68   rt_fp_status_addr_intlibspace.o
         0          0          0          0          0          0   rtentry.o
        12          0          0          0          0          0   rtentry2.o
         6          0          0          0          0          0   rtentry4.o
         2          0          0          0          0          0   rtexit.o
        10          0          0          0          0          0   rtexit2.o
        74          0          0          0          0         80   sys_stackheap_outer.o
         2          0          0          0          0         68   use_no_semi.o
         2          0          0          0          0         68   use_no_semi_2.o
        98          4          0          0          0         92   d2f.o
       826         16          0          0          0        356   daddsub_clz.o
        16          4          0          0          0         68   dcheck1.o
        24          0          0          0          0         68   dcmpi.o
       688        140          0          0          0        212   ddiv.o
        46          0          0          0          0         68   dflt_clz.o
       120          4          0          0          0         92   dleqf.o
       340         12          0          0          0        104   dmul.o
       156          4          0          0          0         92   dnaninf.o
        12          0          0          0          0         68   dretinf.o
       108          0          0          0          0         80   drleqf.o
       460         56          0          0          0        120   dsqrt_noumaal.o
        86          4          0          0          0         84   f2d.o
       450          8          0          0          0        236   faddsub_clz.o
        24          0          0          0          0         68   fcmpi.o
       388         76          0          0          0         96   fdiv.o
        54          4          0          0          0         84   ffix.o
        48          0          0          0          0         68   fflt_clz.o
       104          4          0          0          0         84   fleqf.o
       258          4          0          0          0         84   fmul.o
       140          4          0          0          0         84   fnaninf.o
        14          0          0          0          0         76   fpinit.o
        10          0          0          0          0         68   fretinf.o
        98          0          0          0          0         68   frleqf.o
       100          0          0          0          0         68   retnan.o
        92          0          0          0          0         68   scalbn.o
        48          0          0          0          0         68   trapv.o
         0          0          0          0          0          0   usenofp.o
       644         60         80          0          0        196   acos.o
       170          0          0          0          0         96   poly.o
        76          0          0          0          0         84   sqrt.o

    ----------------------------------------------------------------------
      6084        424         80          0        100       3912   Library Totals
        24          0          0          0          4          0   (incl. Padding)

    ----------------------------------------------------------------------

      Code (inc. data)   RO Data    RW Data    ZI Data      Debug   Library Name

       362         20          0          0         96        812   c_w.l
      4808        344          0          0          0       2724   fz_ws.l
       890         60         80          0          0        376   m_ws.l

    ----------------------------------------------------------------------
      6084        424         80          0        100       3912   Library Totals

    ----------------------------------------------------------------------

==============================================================================


      Code (inc. data)   RO Data    RW Data    ZI Data      Debug   

     22568       1198        416        492       1828     341967   Grand Totals
     22568       1198        416         92       1828     341967   ELF Image Totals (compressed)
     22568       1198        416         92          0          0   ROM Totals

==============================================================================

    Total RO  Size (Code + RO Data)                22984 (  22.45kB)
    Total RW  Size (RW Data + ZI Data)              2320 (   2.27kB)
    Total ROM Size (Code + RO Data + RW Data)      23076 (  22.54kB)

==============================================================================

