ARM Linker, 4.1 [Build 567] [Standard]

==============================================================================

Section Cross References

    application.o(.text) refers to exit.o(.text) for EXTI_Config
    application.o(.text) refers to ov7670.o(.text) for Read_Pic
    application.o(.text) refers to stm32f10x_usart.o(.text) for USART_SendData
    application.o(.text) refers to system_stm32f10x.o(.text) for SystemInit
    application.o(.text) refers to delay.o(.text) for delay_init
    application.o(.text) refers to led.o(.text) for LED_Init
    application.o(.text) refers to usart.o(.text) for USART_Config
    application.o(.text) refers to ov7670.o(.data) for OV_State
    application.o(.text) refers to ov7670.o(.data) for Curve_Value
    main.o(.text) refers to application.o(.text) for Board_Init
    stm32f10x_it.o(.text) refers to stm32f10x_exti.o(.text) for EXTI_GetITStatus
    stm32f10x_it.o(.text) refers to stm32f10x_gpio.o(.text) for GPIO_ResetBits
    stm32f10x_it.o(.text) refers to printf2.o(i.__0printf$2) for __2printf
    stm32f10x_it.o(.text) refers to exit.o(.text) for EXTI_Config
    stm32f10x_it.o(.text) refers to delay.o(.text) for delay_ms
    stm32f10x_it.o(.text) refers to stm32f10x_usart.o(.text) for USART_GetITStatus
    stm32f10x_it.o(.text) refers to ov7670.o(.data) for OV_State
    stm32f10x_it.o(.text) refers to ov7670.o(.data) for TrueLine
    stm32f10x_adc.o(.text) refers to stm32f10x_rcc.o(.text) for RCC_APB2PeriphResetCmd
    stm32f10x_gpio.o(.text) refers to stm32f10x_rcc.o(.text) for RCC_APB2PeriphResetCmd
    stm32f10x_i2c.o(.text) refers to stm32f10x_rcc.o(.text) for RCC_APB1PeriphResetCmd
    stm32f10x_pwr.o(.text) refers to stm32f10x_rcc.o(.text) for RCC_APB1PeriphResetCmd
    stm32f10x_rcc.o(.text) refers to stm32f10x_rcc.o(.data) for .data
    stm32f10x_spi.o(.text) refers to stm32f10x_rcc.o(.text) for RCC_APB2PeriphResetCmd
    stm32f10x_tim.o(.text) refers to stm32f10x_rcc.o(.text) for RCC_APB2PeriphResetCmd
    stm32f10x_usart.o(.text) refers to stm32f10x_rcc.o(.text) for RCC_APB2PeriphResetCmd
    stm32f10x_wwdg.o(.text) refers to stm32f10x_rcc.o(.text) for RCC_APB1PeriphResetCmd
    system_stm32f10x.o(.text) refers to system_stm32f10x.o(.data) for .data
    startup_stm32f10x_md.o(RESET) refers to startup_stm32f10x_md.o(STACK) for __initial_sp
    startup_stm32f10x_md.o(RESET) refers to startup_stm32f10x_md.o(.text) for Reset_Handler
    startup_stm32f10x_md.o(RESET) refers to stm32f10x_it.o(.text) for NMI_Handler
    startup_stm32f10x_md.o(.text) refers to system_stm32f10x.o(.text) for SystemInit
    startup_stm32f10x_md.o(.text) refers to entry.o(.ARM.Collect$$$$00000000) for __main
    ov7670.o(.text) refers to stm32f10x_rcc.o(.text) for RCC_APB2PeriphClockCmd
    ov7670.o(.text) refers to stm32f10x_gpio.o(.text) for GPIO_Init
    ov7670.o(.text) refers to delay.o(.text) for delay_ms
    ov7670.o(.text) refers to i2c.o(.text) for I2C_WriteByte
    ov7670.o(.text) refers to stm32f10x_exti.o(.text) for EXTI_ClearITPendingBit
    ov7670.o(.text) refers to exit.o(.text) for EXTI_Config
    ov7670.o(.text) refers to stm32f10x_usart.o(.text) for USART_ClearFlag
    ov7670.o(.text) refers to dfltui.o(.text) for __aeabi_ui2d
    ov7670.o(.text) refers to dadd.o(.text) for __aeabi_dadd
    ov7670.o(.text) refers to dmul.o(.text) for __aeabi_dmul
    ov7670.o(.text) refers to dflti.o(.text) for __aeabi_i2d
    ov7670.o(.text) refers to ddiv.o(.text) for __aeabi_ddiv
    ov7670.o(.text) refers to dfixi.o(.text) for __aeabi_d2iz
    ov7670.o(.text) refers to dscalb.o(.text) for __ARM_scalbn
    ov7670.o(.text) refers to ov7670.o(.data) for .data
    ov7670.o(.text) refers to ov7670.o(.bss) for .bss
    i2c.o(.text) refers to stm32f10x_rcc.o(.text) for RCC_APB2PeriphClockCmd
    i2c.o(.text) refers to stm32f10x_gpio.o(.text) for GPIO_Init
    i2c.o(.text) refers to delay.o(.text) for delay_us
    i2c.o(.text) refers to printf2.o(i.__0printf$2) for __2printf
    delay.o(.text) refers to delay.o(.data) for .data
    usart.o(.text) refers to stm32f10x_usart.o(.text) for USART_SendData
    usart.o(.text) refers to stm32f10x_rcc.o(.text) for RCC_APB2PeriphClockCmd
    usart.o(.text) refers to stm32f10x_gpio.o(.text) for GPIO_Init
    usart.o(.text) refers to misc.o(.text) for NVIC_SetVectorTable
    exit.o(.text) refers to stm32f10x_rcc.o(.text) for RCC_APB2PeriphClockCmd
    exit.o(.text) refers to misc.o(.text) for NVIC_PriorityGroupConfig
    exit.o(.text) refers to stm32f10x_gpio.o(.text) for GPIO_EXTILineConfig
    exit.o(.text) refers to stm32f10x_exti.o(.text) for EXTI_Init
    key.o(.text) refers to stm32f10x_rcc.o(.text) for RCC_APB2PeriphClockCmd
    key.o(.text) refers to stm32f10x_gpio.o(.text) for GPIO_Init
    led.o(.text) refers to stm32f10x_rcc.o(.text) for RCC_APB2PeriphClockCmd
    led.o(.text) refers to stm32f10x_gpio.o(.text) for GPIO_Init
    entry.o(.ARM.Collect$$$$00000000) refers (Special) to entry7.o(.ARM.Collect$$$$00000007) for _main_init
    entry.o(.ARM.Collect$$$$00000000) refers (Special) to entry5.o(.ARM.Collect$$$$00000004) for _main_scatterload
    entry.o(.ARM.Collect$$$$00000000) refers (Special) to entry2.o(.ARM.Collect$$$$00000001) for _main_stk
    printfb.o(i.__0fprintf$bare) refers to printfb.o(i._printf_core) for _printf_core
    printfb.o(i.__0fprintf$bare) refers to usart.o(.text) for fputc
    printfb.o(i.__0printf$bare) refers to printfb.o(i._printf_core) for _printf_core
    printfb.o(i.__0printf$bare) refers to usart.o(.text) for fputc
    printfb.o(i.__0printf$bare) refers to stdout.o(.data) for __stdout
    printfb.o(i.__0snprintf$bare) refers to printfb.o(i._printf_core) for _printf_core
    printfb.o(i.__0snprintf$bare) refers to printfb.o(i._snputc) for _snputc
    printfb.o(i.__0sprintf$bare) refers to printfb.o(i._printf_core) for _printf_core
    printfb.o(i.__0sprintf$bare) refers to printfb.o(i._sputc) for _sputc
    printfb.o(i.__0vfprintf$bare) refers to printfb.o(i._printf_core) for _printf_core
    printfb.o(i.__0vfprintf$bare) refers to usart.o(.text) for fputc
    printfb.o(i.__0vprintf$bare) refers to printfb.o(i._printf_core) for _printf_core
    printfb.o(i.__0vprintf$bare) refers to usart.o(.text) for fputc
    printfb.o(i.__0vprintf$bare) refers to stdout.o(.data) for __stdout
    printfb.o(i.__0vsnprintf$bare) refers to printfb.o(i._printf_core) for _printf_core
    printfb.o(i.__0vsnprintf$bare) refers to printfb.o(i._snputc) for _snputc
    printfb.o(i.__0vsprintf$bare) refers to printfb.o(i._printf_core) for _printf_core
    printfb.o(i.__0vsprintf$bare) refers to printfb.o(i._sputc) for _sputc
    printf0.o(i.__0fprintf$0) refers to printf0.o(i._printf_core) for _printf_core
    printf0.o(i.__0fprintf$0) refers to usart.o(.text) for fputc
    printf0.o(i.__0printf$0) refers to printf0.o(i._printf_core) for _printf_core
    printf0.o(i.__0printf$0) refers to usart.o(.text) for fputc
    printf0.o(i.__0printf$0) refers to stdout.o(.data) for __stdout
    printf0.o(i.__0snprintf$0) refers to printf0.o(i._printf_core) for _printf_core
    printf0.o(i.__0snprintf$0) refers to printf0.o(i._snputc) for _snputc
    printf0.o(i.__0sprintf$0) refers to printf0.o(i._printf_core) for _printf_core
    printf0.o(i.__0sprintf$0) refers to printf0.o(i._sputc) for _sputc
    printf0.o(i.__0vfprintf$0) refers to printf0.o(i._printf_core) for _printf_core
    printf0.o(i.__0vfprintf$0) refers to usart.o(.text) for fputc
    printf0.o(i.__0vprintf$0) refers to printf0.o(i._printf_core) for _printf_core
    printf0.o(i.__0vprintf$0) refers to usart.o(.text) for fputc
    printf0.o(i.__0vprintf$0) refers to stdout.o(.data) for __stdout
    printf0.o(i.__0vsnprintf$0) refers to printf0.o(i._printf_core) for _printf_core
    printf0.o(i.__0vsnprintf$0) refers to printf0.o(i._snputc) for _snputc
    printf0.o(i.__0vsprintf$0) refers to printf0.o(i._printf_core) for _printf_core
    printf0.o(i.__0vsprintf$0) refers to printf0.o(i._sputc) for _sputc
    printf1.o(i.__0fprintf$1) refers to printf1.o(i._printf_core) for _printf_core
    printf1.o(i.__0fprintf$1) refers to usart.o(.text) for fputc
    printf1.o(i.__0printf$1) refers to printf1.o(i._printf_core) for _printf_core
    printf1.o(i.__0printf$1) refers to usart.o(.text) for fputc
    printf1.o(i.__0printf$1) refers to stdout.o(.data) for __stdout
    printf1.o(i.__0snprintf$1) refers to printf1.o(i._printf_core) for _printf_core
    printf1.o(i.__0snprintf$1) refers to printf1.o(i._snputc) for _snputc
    printf1.o(i.__0sprintf$1) refers to printf1.o(i._printf_core) for _printf_core
    printf1.o(i.__0sprintf$1) refers to printf1.o(i._sputc) for _sputc
    printf1.o(i.__0vfprintf$1) refers to printf1.o(i._printf_core) for _printf_core
    printf1.o(i.__0vfprintf$1) refers to usart.o(.text) for fputc
    printf1.o(i.__0vprintf$1) refers to printf1.o(i._printf_core) for _printf_core
    printf1.o(i.__0vprintf$1) refers to usart.o(.text) for fputc
    printf1.o(i.__0vprintf$1) refers to stdout.o(.data) for __stdout
    printf1.o(i.__0vsnprintf$1) refers to printf1.o(i._printf_core) for _printf_core
    printf1.o(i.__0vsnprintf$1) refers to printf1.o(i._snputc) for _snputc
    printf1.o(i.__0vsprintf$1) refers to printf1.o(i._printf_core) for _printf_core
    printf1.o(i.__0vsprintf$1) refers to printf1.o(i._sputc) for _sputc
    printf1.o(i._printf_core) refers to uidiv.o(.text) for __aeabi_uidivmod
    printf2.o(i.__0fprintf$2) refers to printf2.o(i._printf_core) for _printf_core
    printf2.o(i.__0fprintf$2) refers to usart.o(.text) for fputc
    printf2.o(i.__0printf$2) refers to printf2.o(i._printf_core) for _printf_core
    printf2.o(i.__0printf$2) refers to usart.o(.text) for fputc
    printf2.o(i.__0printf$2) refers to stdout.o(.data) for __stdout
    printf2.o(i.__0snprintf$2) refers to printf2.o(i._printf_core) for _printf_core
    printf2.o(i.__0snprintf$2) refers to printf2.o(i._snputc) for _snputc
    printf2.o(i.__0sprintf$2) refers to printf2.o(i._printf_core) for _printf_core
    printf2.o(i.__0sprintf$2) refers to printf2.o(i._sputc) for _sputc
    printf2.o(i.__0vfprintf$2) refers to printf2.o(i._printf_core) for _printf_core
    printf2.o(i.__0vfprintf$2) refers to usart.o(.text) for fputc
    printf2.o(i.__0vprintf$2) refers to printf2.o(i._printf_core) for _printf_core
    printf2.o(i.__0vprintf$2) refers to usart.o(.text) for fputc
    printf2.o(i.__0vprintf$2) refers to stdout.o(.data) for __stdout
    printf2.o(i.__0vsnprintf$2) refers to printf2.o(i._printf_core) for _printf_core
    printf2.o(i.__0vsnprintf$2) refers to printf2.o(i._snputc) for _snputc
    printf2.o(i.__0vsprintf$2) refers to printf2.o(i._printf_core) for _printf_core
    printf2.o(i.__0vsprintf$2) refers to printf2.o(i._sputc) for _sputc
    printf3.o(i.__0fprintf$3) refers to printf3.o(i._printf_core) for _printf_core
    printf3.o(i.__0fprintf$3) refers to usart.o(.text) for fputc
    printf3.o(i.__0printf$3) refers to printf3.o(i._printf_core) for _printf_core
    printf3.o(i.__0printf$3) refers to usart.o(.text) for fputc
    printf3.o(i.__0printf$3) refers to stdout.o(.data) for __stdout
    printf3.o(i.__0snprintf$3) refers to printf3.o(i._printf_core) for _printf_core
    printf3.o(i.__0snprintf$3) refers to printf3.o(i._snputc) for _snputc
    printf3.o(i.__0sprintf$3) refers to printf3.o(i._printf_core) for _printf_core
    printf3.o(i.__0sprintf$3) refers to printf3.o(i._sputc) for _sputc
    printf3.o(i.__0vfprintf$3) refers to printf3.o(i._printf_core) for _printf_core
    printf3.o(i.__0vfprintf$3) refers to usart.o(.text) for fputc
    printf3.o(i.__0vprintf$3) refers to printf3.o(i._printf_core) for _printf_core
    printf3.o(i.__0vprintf$3) refers to usart.o(.text) for fputc
    printf3.o(i.__0vprintf$3) refers to stdout.o(.data) for __stdout
    printf3.o(i.__0vsnprintf$3) refers to printf3.o(i._printf_core) for _printf_core
    printf3.o(i.__0vsnprintf$3) refers to printf3.o(i._snputc) for _snputc
    printf3.o(i.__0vsprintf$3) refers to printf3.o(i._printf_core) for _printf_core
    printf3.o(i.__0vsprintf$3) refers to printf3.o(i._sputc) for _sputc
    printf3.o(i._printf_core) refers to uidiv.o(.text) for __aeabi_uidivmod
    printf4.o(i.__0fprintf$4) refers to printf4.o(i._printf_core) for _printf_core
    printf4.o(i.__0fprintf$4) refers to usart.o(.text) for fputc
    printf4.o(i.__0printf$4) refers to printf4.o(i._printf_core) for _printf_core
    printf4.o(i.__0printf$4) refers to usart.o(.text) for fputc
    printf4.o(i.__0printf$4) refers to stdout.o(.data) for __stdout
    printf4.o(i.__0snprintf$4) refers to printf4.o(i._printf_core) for _printf_core
    printf4.o(i.__0snprintf$4) refers to printf4.o(i._snputc) for _snputc
    printf4.o(i.__0sprintf$4) refers to printf4.o(i._printf_core) for _printf_core
    printf4.o(i.__0sprintf$4) refers to printf4.o(i._sputc) for _sputc
    printf4.o(i.__0vfprintf$4) refers to printf4.o(i._printf_core) for _printf_core
    printf4.o(i.__0vfprintf$4) refers to usart.o(.text) for fputc
    printf4.o(i.__0vprintf$4) refers to printf4.o(i._printf_core) for _printf_core
    printf4.o(i.__0vprintf$4) refers to usart.o(.text) for fputc
    printf4.o(i.__0vprintf$4) refers to stdout.o(.data) for __stdout
    printf4.o(i.__0vsnprintf$4) refers to printf4.o(i._printf_core) for _printf_core
    printf4.o(i.__0vsnprintf$4) refers to printf4.o(i._snputc) for _snputc
    printf4.o(i.__0vsprintf$4) refers to printf4.o(i._printf_core) for _printf_core
    printf4.o(i.__0vsprintf$4) refers to printf4.o(i._sputc) for _sputc
    printf4.o(i._printf_core) refers to uldiv.o(.text) for __aeabi_uldivmod
    printf5.o(i.__0fprintf$5) refers to printf5.o(i._printf_core) for _printf_core
    printf5.o(i.__0fprintf$5) refers to usart.o(.text) for fputc
    printf5.o(i.__0printf$5) refers to printf5.o(i._printf_core) for _printf_core
    printf5.o(i.__0printf$5) refers to usart.o(.text) for fputc
    printf5.o(i.__0printf$5) refers to stdout.o(.data) for __stdout
    printf5.o(i.__0snprintf$5) refers to printf5.o(i._printf_core) for _printf_core
    printf5.o(i.__0snprintf$5) refers to printf5.o(i._snputc) for _snputc
    printf5.o(i.__0sprintf$5) refers to printf5.o(i._printf_core) for _printf_core
    printf5.o(i.__0sprintf$5) refers to printf5.o(i._sputc) for _sputc
    printf5.o(i.__0vfprintf$5) refers to printf5.o(i._printf_core) for _printf_core
    printf5.o(i.__0vfprintf$5) refers to usart.o(.text) for fputc
    printf5.o(i.__0vprintf$5) refers to printf5.o(i._printf_core) for _printf_core
    printf5.o(i.__0vprintf$5) refers to usart.o(.text) for fputc
    printf5.o(i.__0vprintf$5) refers to stdout.o(.data) for __stdout
    printf5.o(i.__0vsnprintf$5) refers to printf5.o(i._printf_core) for _printf_core
    printf5.o(i.__0vsnprintf$5) refers to printf5.o(i._snputc) for _snputc
    printf5.o(i.__0vsprintf$5) refers to printf5.o(i._printf_core) for _printf_core
    printf5.o(i.__0vsprintf$5) refers to printf5.o(i._sputc) for _sputc
    printf5.o(i._printf_core) refers to uldiv.o(.text) for __aeabi_uldivmod
    printf6.o(i.__0fprintf$6) refers to printf6.o(i._printf_core) for _printf_core
    printf6.o(i.__0fprintf$6) refers to usart.o(.text) for fputc
    printf6.o(i.__0printf$6) refers to printf6.o(i._printf_core) for _printf_core
    printf6.o(i.__0printf$6) refers to usart.o(.text) for fputc
    printf6.o(i.__0printf$6) refers to stdout.o(.data) for __stdout
    printf6.o(i.__0snprintf$6) refers to printf6.o(i._printf_core) for _printf_core
    printf6.o(i.__0snprintf$6) refers to printf6.o(i._snputc) for _snputc
    printf6.o(i.__0sprintf$6) refers to printf6.o(i._printf_core) for _printf_core
    printf6.o(i.__0sprintf$6) refers to printf6.o(i._sputc) for _sputc
    printf6.o(i.__0vfprintf$6) refers to printf6.o(i._printf_core) for _printf_core
    printf6.o(i.__0vfprintf$6) refers to usart.o(.text) for fputc
    printf6.o(i.__0vprintf$6) refers to printf6.o(i._printf_core) for _printf_core
    printf6.o(i.__0vprintf$6) refers to usart.o(.text) for fputc
    printf6.o(i.__0vprintf$6) refers to stdout.o(.data) for __stdout
    printf6.o(i.__0vsnprintf$6) refers to printf6.o(i._printf_core) for _printf_core
    printf6.o(i.__0vsnprintf$6) refers to printf6.o(i._snputc) for _snputc
    printf6.o(i.__0vsprintf$6) refers to printf6.o(i._printf_core) for _printf_core
    printf6.o(i.__0vsprintf$6) refers to printf6.o(i._sputc) for _sputc
    printf6.o(i._printf_core) refers to printf6.o(i._printf_pre_padding) for _printf_pre_padding
    printf6.o(i._printf_core) refers to uidiv.o(.text) for __aeabi_uidivmod
    printf6.o(i._printf_core) refers to printf6.o(i._printf_post_padding) for _printf_post_padding
    printf7.o(i.__0fprintf$7) refers to printf7.o(i._printf_core) for _printf_core
    printf7.o(i.__0fprintf$7) refers to usart.o(.text) for fputc
    printf7.o(i.__0printf$7) refers to printf7.o(i._printf_core) for _printf_core
    printf7.o(i.__0printf$7) refers to usart.o(.text) for fputc
    printf7.o(i.__0printf$7) refers to stdout.o(.data) for __stdout
    printf7.o(i.__0snprintf$7) refers to printf7.o(i._printf_core) for _printf_core
    printf7.o(i.__0snprintf$7) refers to printf7.o(i._snputc) for _snputc
    printf7.o(i.__0sprintf$7) refers to printf7.o(i._printf_core) for _printf_core
    printf7.o(i.__0sprintf$7) refers to printf7.o(i._sputc) for _sputc
    printf7.o(i.__0vfprintf$7) refers to printf7.o(i._printf_core) for _printf_core
    printf7.o(i.__0vfprintf$7) refers to usart.o(.text) for fputc
    printf7.o(i.__0vprintf$7) refers to printf7.o(i._printf_core) for _printf_core
    printf7.o(i.__0vprintf$7) refers to usart.o(.text) for fputc
    printf7.o(i.__0vprintf$7) refers to stdout.o(.data) for __stdout
    printf7.o(i.__0vsnprintf$7) refers to printf7.o(i._printf_core) for _printf_core
    printf7.o(i.__0vsnprintf$7) refers to printf7.o(i._snputc) for _snputc
    printf7.o(i.__0vsprintf$7) refers to printf7.o(i._printf_core) for _printf_core
    printf7.o(i.__0vsprintf$7) refers to printf7.o(i._sputc) for _sputc
    printf7.o(i._printf_core) refers to printf7.o(i._printf_pre_padding) for _printf_pre_padding
    printf7.o(i._printf_core) refers to uldiv.o(.text) for __aeabi_uldivmod
    printf7.o(i._printf_core) refers to printf7.o(i._printf_post_padding) for _printf_post_padding
    printf8.o(i.__0fprintf$8) refers to printf8.o(i._printf_core) for _printf_core
    printf8.o(i.__0fprintf$8) refers to usart.o(.text) for fputc
    printf8.o(i.__0printf$8) refers to printf8.o(i._printf_core) for _printf_core
    printf8.o(i.__0printf$8) refers to usart.o(.text) for fputc
    printf8.o(i.__0printf$8) refers to stdout.o(.data) for __stdout
    printf8.o(i.__0snprintf$8) refers to printf8.o(i._printf_core) for _printf_core
    printf8.o(i.__0snprintf$8) refers to printf8.o(i._snputc) for _snputc
    printf8.o(i.__0sprintf$8) refers to printf8.o(i._printf_core) for _printf_core
    printf8.o(i.__0sprintf$8) refers to printf8.o(i._sputc) for _sputc
    printf8.o(i.__0vfprintf$8) refers to printf8.o(i._printf_core) for _printf_core
    printf8.o(i.__0vfprintf$8) refers to usart.o(.text) for fputc
    printf8.o(i.__0vprintf$8) refers to printf8.o(i._printf_core) for _printf_core
    printf8.o(i.__0vprintf$8) refers to usart.o(.text) for fputc
    printf8.o(i.__0vprintf$8) refers to stdout.o(.data) for __stdout
    printf8.o(i.__0vsnprintf$8) refers to printf8.o(i._printf_core) for _printf_core
    printf8.o(i.__0vsnprintf$8) refers to printf8.o(i._snputc) for _snputc
    printf8.o(i.__0vsprintf$8) refers to printf8.o(i._printf_core) for _printf_core
    printf8.o(i.__0vsprintf$8) refers to printf8.o(i._sputc) for _sputc
    printf8.o(i._printf_core) refers to printf8.o(i._printf_pre_padding) for _printf_pre_padding
    printf8.o(i._printf_core) refers to uldiv.o(.text) for __aeabi_uldivmod
    printf8.o(i._printf_core) refers to printf8.o(i._printf_post_padding) for _printf_post_padding
    printfa.o(i.__0fprintf) refers (Special) to iusefp.o(.text) for __I$use$fp
    printfa.o(i.__0fprintf) refers to printfa.o(i._printf_core) for _printf_core
    printfa.o(i.__0fprintf) refers to usart.o(.text) for fputc
    printfa.o(i.__0printf) refers (Special) to iusefp.o(.text) for __I$use$fp
    printfa.o(i.__0printf) refers to printfa.o(i._printf_core) for _printf_core
    printfa.o(i.__0printf) refers to usart.o(.text) for fputc
    printfa.o(i.__0printf) refers to stdout.o(.data) for __stdout
    printfa.o(i.__0snprintf) refers (Special) to iusefp.o(.text) for __I$use$fp
    printfa.o(i.__0snprintf) refers to printfa.o(i._printf_core) for _printf_core
    printfa.o(i.__0snprintf) refers to printfa.o(i._snputc) for _snputc
    printfa.o(i.__0sprintf) refers (Special) to iusefp.o(.text) for __I$use$fp
    printfa.o(i.__0sprintf) refers to printfa.o(i._printf_core) for _printf_core
    printfa.o(i.__0sprintf) refers to printfa.o(i._sputc) for _sputc
    printfa.o(i.__0vfprintf) refers (Special) to iusefp.o(.text) for __I$use$fp
    printfa.o(i.__0vfprintf) refers to printfa.o(i._printf_core) for _printf_core
    printfa.o(i.__0vfprintf) refers to usart.o(.text) for fputc
    printfa.o(i.__0vprintf) refers (Special) to iusefp.o(.text) for __I$use$fp
    printfa.o(i.__0vprintf) refers to printfa.o(i._printf_core) for _printf_core
    printfa.o(i.__0vprintf) refers to usart.o(.text) for fputc
    printfa.o(i.__0vprintf) refers to stdout.o(.data) for __stdout
    printfa.o(i.__0vsnprintf) refers (Special) to iusefp.o(.text) for __I$use$fp
    printfa.o(i.__0vsnprintf) refers to printfa.o(i._printf_core) for _printf_core
    printfa.o(i.__0vsnprintf) refers to printfa.o(i._snputc) for _snputc
    printfa.o(i.__0vsprintf) refers (Special) to iusefp.o(.text) for __I$use$fp
    printfa.o(i.__0vsprintf) refers to printfa.o(i._printf_core) for _printf_core
    printfa.o(i.__0vsprintf) refers to printfa.o(i._sputc) for _sputc
    printfa.o(i._fp_digits) refers (Special) to iusefp.o(.text) for __I$use$fp
    printfa.o(i._fp_digits) refers to dmul.o(.text) for __aeabi_dmul
    printfa.o(i._fp_digits) refers to ddiv.o(.text) for __aeabi_ddiv
    printfa.o(i._fp_digits) refers to cdrcmple.o(.text) for __aeabi_cdrcmple
    printfa.o(i._fp_digits) refers to dadd.o(.text) for __aeabi_dadd
    printfa.o(i._fp_digits) refers to dfixul.o(.text) for __aeabi_d2ulz
    printfa.o(i._fp_digits) refers to uldiv.o(.text) for __aeabi_uldivmod
    printfa.o(i._printf_core) refers (Special) to iusefp.o(.text) for __I$use$fp
    printfa.o(i._printf_core) refers to printfa.o(i._printf_pre_padding) for _printf_pre_padding
    printfa.o(i._printf_core) refers to uldiv.o(.text) for __aeabi_uldivmod
    printfa.o(i._printf_core) refers to printfa.o(i._printf_post_padding) for _printf_post_padding
    printfa.o(i._printf_core) refers to printfa.o(i._fp_digits) for _fp_digits
    printfa.o(i._printf_core) refers to uidiv.o(.text) for __aeabi_uidivmod
    printfa.o(i._printf_post_padding) refers (Special) to iusefp.o(.text) for __I$use$fp
    printfa.o(i._printf_pre_padding) refers (Special) to iusefp.o(.text) for __I$use$fp
    printfa.o(i._snputc) refers (Special) to iusefp.o(.text) for __I$use$fp
    printfa.o(i._sputc) refers (Special) to iusefp.o(.text) for __I$use$fp
    dadd.o(.text) refers (Special) to iusefp.o(.text) for __I$use$fp
    dadd.o(.text) refers to llshl.o(.text) for __aeabi_llsl
    dadd.o(.text) refers to llsshr.o(.text) for __aeabi_lasr
    dadd.o(.text) refers to depilogue.o(.text) for _double_epilogue
    dmul.o(.text) refers (Special) to iusefp.o(.text) for __I$use$fp
    dmul.o(.text) refers to depilogue.o(.text) for _double_epilogue
    ddiv.o(.text) refers (Special) to iusefp.o(.text) for __I$use$fp
    ddiv.o(.text) refers to depilogue.o(.text) for _double_round
    dscalb.o(.text) refers (Special) to iusefp.o(.text) for __I$use$fp
    dflti.o(.text) refers (Special) to iusefp.o(.text) for __I$use$fp
    dflti.o(.text) refers to depilogue.o(.text) for _double_epilogue
    dfltui.o(.text) refers (Special) to iusefp.o(.text) for __I$use$fp
    dfltui.o(.text) refers to depilogue.o(.text) for _double_epilogue
    dfixi.o(.text) refers (Special) to iusefp.o(.text) for __I$use$fp
    dfixi.o(.text) refers to llushr.o(.text) for __aeabi_llsr
    entry2.o(.ARM.Collect$$$$00000001) refers to entry2.o(.ARM.Collect$$$$00002712) for __lit__00000000
    entry2.o(.ARM.Collect$$$$00002712) refers to startup_stm32f10x_md.o(STACK) for __initial_sp
    entry2.o(__vectab_stack_and_reset_area) refers to startup_stm32f10x_md.o(STACK) for __initial_sp
    entry2.o(__vectab_stack_and_reset_area) refers to entry.o(.ARM.Collect$$$$00000000) for __main
    entry5.o(.ARM.Collect$$$$00000004) refers to init.o(.text) for __scatterload
    entry7.o(.ARM.Collect$$$$00000007) refers to main.o(.text) for main
    uldiv.o(.text) refers to llushr.o(.text) for __aeabi_llsr
    uldiv.o(.text) refers to llshl.o(.text) for __aeabi_llsl
    depilogue.o(.text) refers to llshl.o(.text) for __aeabi_llsl
    depilogue.o(.text) refers to llushr.o(.text) for __aeabi_llsr
    dfixul.o(.text) refers to llushr.o(.text) for __aeabi_llsr
    dfixul.o(.text) refers to llshl.o(.text) for __aeabi_llsl
    init.o(.text) refers to entry5.o(.ARM.Collect$$$$00000004) for __main_after_scatterload


==============================================================================

Removing Unused input sections from the image.

    Removing stm32f10x_adc.o(.text), (872 bytes).
    Removing stm32f10x_dma.o(.text), (488 bytes).
    Removing stm32f10x_flash.o(.text), (1180 bytes).
    Removing stm32f10x_fsmc.o(.text), (1194 bytes).
    Removing stm32f10x_i2c.o(.text), (848 bytes).
    Removing stm32f10x_pwr.o(.text), (184 bytes).
    Removing stm32f10x_rtc.o(.text), (284 bytes).
    Removing stm32f10x_sdio.o(.text), (440 bytes).
    Removing stm32f10x_spi.o(.text), (676 bytes).
    Removing stm32f10x_tim.o(.text), (2960 bytes).
    Removing stm32f10x_wwdg.o(.text), (120 bytes).
    Removing core_cm3.o(.emb_text), (32 bytes).
    Removing startup_stm32f10x_md.o(HEAP), (512 bytes).
    Removing ov7670.o(.bss), (6400 bytes).
    Removing ov7670.o(.bss), (6400 bytes).
    Removing ov7670.o(.bss), (160 bytes).
    Removing ov7670.o(.data), (1 bytes).
    Removing ov7670.o(.data), (4 bytes).
    Removing ov7670.o(.data), (4 bytes).
    Removing ov7670.o(.data), (4 bytes).
    Removing ov7670.o(.data), (4 bytes).
    Removing ov7670.o(.data), (4 bytes).
    Removing ov7670.o(.data), (4 bytes).
    Removing key.o(.text), (60 bytes).
    Removing dfixul.o(.text), (48 bytes).
    Removing cdrcmple.o(.text), (40 bytes).

26 unused section(s) (total 22923 bytes) removed from the image.

==============================================================================

Image Symbol Table

    Local Symbols

    Symbol Name                              Value     Ov Type        Size  Object(Section)

    ../../microlib/division.c                0x00000000   Number         0  uidiv.o ABSOLUTE
    ../../microlib/division.c                0x00000000   Number         0  uldiv.o ABSOLUTE
    ../../microlib/fpadd.c                   0x00000000   Number         0  dadd.o ABSOLUTE
    ../../microlib/fpdiv.c                   0x00000000   Number         0  ddiv.o ABSOLUTE
    ../../microlib/fpepilogue.c              0x00000000   Number         0  depilogue.o ABSOLUTE
    ../../microlib/fpfix.c                   0x00000000   Number         0  dfixul.o ABSOLUTE
    ../../microlib/fpfix.c                   0x00000000   Number         0  dfixi.o ABSOLUTE
    ../../microlib/fpflt.c                   0x00000000   Number         0  dfltui.o ABSOLUTE
    ../../microlib/fpflt.c                   0x00000000   Number         0  dflti.o ABSOLUTE
    ../../microlib/fpmul.c                   0x00000000   Number         0  dmul.o ABSOLUTE
    ../../microlib/fpscalb.c                 0x00000000   Number         0  dscalb.o ABSOLUTE
    ../../microlib/init/entry.s              0x00000000   Number         0  entry5.o ABSOLUTE
    ../../microlib/init/entry.s              0x00000000   Number         0  entry2.o ABSOLUTE
    ../../microlib/init/entry.s              0x00000000   Number         0  entry7.o ABSOLUTE
    ../../microlib/init/entry.s              0x00000000   Number         0  entry.o ABSOLUTE
    ../../microlib/longlong.c                0x00000000   Number         0  llshl.o ABSOLUTE
    ../../microlib/longlong.c                0x00000000   Number         0  llsshr.o ABSOLUTE
    ../../microlib/longlong.c                0x00000000   Number         0  llushr.o ABSOLUTE
    ../../microlib/printf/printf.c           0x00000000   Number         0  printf8.o ABSOLUTE
    ../../microlib/printf/printf.c           0x00000000   Number         0  printf7.o ABSOLUTE
    ../../microlib/printf/printf.c           0x00000000   Number         0  printf6.o ABSOLUTE
    ../../microlib/printf/printf.c           0x00000000   Number         0  printf5.o ABSOLUTE
    ../../microlib/printf/printf.c           0x00000000   Number         0  printfa.o ABSOLUTE
    ../../microlib/printf/printf.c           0x00000000   Number         0  printf4.o ABSOLUTE
    ../../microlib/printf/printf.c           0x00000000   Number         0  printf3.o ABSOLUTE
    ../../microlib/printf/printf.c           0x00000000   Number         0  printf2.o ABSOLUTE
    ../../microlib/printf/printf.c           0x00000000   Number         0  printf1.o ABSOLUTE
    ../../microlib/printf/printf.c           0x00000000   Number         0  printf0.o ABSOLUTE
    ../../microlib/printf/printf.c           0x00000000   Number         0  printfb.o ABSOLUTE
    ../../microlib/printf/stubs.s            0x00000000   Number         0  stubs.o ABSOLUTE
    ../../microlib/stdio/streams.c           0x00000000   Number         0  stdout.o ABSOLUTE
    ../../microlib/stubs.s                   0x00000000   Number         0  iusefp.o ABSOLUTE
    ..\..\Libraries\CMSIS\CM3\CoreSupport\core_cm3.c 0x00000000   Number         0  core_cm3.o ABSOLUTE
    ..\..\Libraries\CMSIS\CM3\DeviceSupport\ST\STM32F10x\startup\arm\startup_stm32f10x_md.s 0x00000000   Number         0  startup_stm32f10x_md.o ABSOLUTE
    ..\..\Libraries\CMSIS\CM3\DeviceSupport\ST\STM32F10x\system_stm32f10x.c 0x00000000   Number         0  system_stm32f10x.o ABSOLUTE
    ..\..\Libraries\STM32F10x_StdPeriph_Driver\src\misc.c 0x00000000   Number         0  misc.o ABSOLUTE
    ..\..\Libraries\STM32F10x_StdPeriph_Driver\src\stm32f10x_adc.c 0x00000000   Number         0  stm32f10x_adc.o ABSOLUTE
    ..\..\Libraries\STM32F10x_StdPeriph_Driver\src\stm32f10x_dma.c 0x00000000   Number         0  stm32f10x_dma.o ABSOLUTE
    ..\..\Libraries\STM32F10x_StdPeriph_Driver\src\stm32f10x_exti.c 0x00000000   Number         0  stm32f10x_exti.o ABSOLUTE
    ..\..\Libraries\STM32F10x_StdPeriph_Driver\src\stm32f10x_flash.c 0x00000000   Number         0  stm32f10x_flash.o ABSOLUTE
    ..\..\Libraries\STM32F10x_StdPeriph_Driver\src\stm32f10x_fsmc.c 0x00000000   Number         0  stm32f10x_fsmc.o ABSOLUTE
    ..\..\Libraries\STM32F10x_StdPeriph_Driver\src\stm32f10x_gpio.c 0x00000000   Number         0  stm32f10x_gpio.o ABSOLUTE
    ..\..\Libraries\STM32F10x_StdPeriph_Driver\src\stm32f10x_i2c.c 0x00000000   Number         0  stm32f10x_i2c.o ABSOLUTE
    ..\..\Libraries\STM32F10x_StdPeriph_Driver\src\stm32f10x_pwr.c 0x00000000   Number         0  stm32f10x_pwr.o ABSOLUTE
    ..\..\Libraries\STM32F10x_StdPeriph_Driver\src\stm32f10x_rcc.c 0x00000000   Number         0  stm32f10x_rcc.o ABSOLUTE
    ..\..\Libraries\STM32F10x_StdPeriph_Driver\src\stm32f10x_rtc.c 0x00000000   Number         0  stm32f10x_rtc.o ABSOLUTE
    ..\..\Libraries\STM32F10x_StdPeriph_Driver\src\stm32f10x_sdio.c 0x00000000   Number         0  stm32f10x_sdio.o ABSOLUTE
    ..\..\Libraries\STM32F10x_StdPeriph_Driver\src\stm32f10x_spi.c 0x00000000   Number         0  stm32f10x_spi.o ABSOLUTE
    ..\..\Libraries\STM32F10x_StdPeriph_Driver\src\stm32f10x_tim.c 0x00000000   Number         0  stm32f10x_tim.o ABSOLUTE
    ..\..\Libraries\STM32F10x_StdPeriph_Driver\src\stm32f10x_usart.c 0x00000000   Number         0  stm32f10x_usart.o ABSOLUTE
    ..\..\Libraries\STM32F10x_StdPeriph_Driver\src\stm32f10x_wwdg.c 0x00000000   Number         0  stm32f10x_wwdg.o ABSOLUTE
    ..\User\Application.c                    0x00000000   Number         0  application.o ABSOLUTE
    ..\User\bsp\EXIT.c                       0x00000000   Number         0  exit.o ABSOLUTE
    ..\User\bsp\I2C.c                        0x00000000   Number         0  i2c.o ABSOLUTE
    ..\User\bsp\KEY.c                        0x00000000   Number         0  key.o ABSOLUTE
    ..\User\bsp\LED.c                        0x00000000   Number         0  led.o ABSOLUTE
    ..\User\bsp\OV7670.c                     0x00000000   Number         0  ov7670.o ABSOLUTE
    ..\User\bsp\USART.c                      0x00000000   Number         0  usart.o ABSOLUTE
    ..\User\bsp\delay.c                      0x00000000   Number         0  delay.o ABSOLUTE
    ..\User\main.c                           0x00000000   Number         0  main.o ABSOLUTE
    ..\User\stm32f10x_it.c                   0x00000000   Number         0  stm32f10x_it.o ABSOLUTE
    ..\\..\\Libraries\\CMSIS\\CM3\\CoreSupport\\core_cm3.c 0x00000000   Number         0  core_cm3.o ABSOLUTE
    cdrcmple.s                               0x00000000   Number         0  cdrcmple.o ABSOLUTE
    dc.s                                     0x00000000   Number         0  dc.o ABSOLUTE
    handlers.s                               0x00000000   Number         0  handlers.o ABSOLUTE
    init.s                                   0x00000000   Number         0  init.o ABSOLUTE
    RESET                                    0x08000000   Section      236  startup_stm32f10x_md.o(RESET)
    .ARM.Collect$$$$00000000                 0x080000ec   Section        0  entry.o(.ARM.Collect$$$$00000000)
    .ARM.Collect$$$$00000001                 0x080000ec   Section        4  entry2.o(.ARM.Collect$$$$00000001)
    .ARM.Collect$$$$00000004                 0x080000f0   Section        4  entry5.o(.ARM.Collect$$$$00000004)
    .ARM.Collect$$$$00000007                 0x080000f4   Section        8  entry7.o(.ARM.Collect$$$$00000007)
    .ARM.Collect$$$$00002712                 0x080000fc   Section        4  entry2.o(.ARM.Collect$$$$00002712)
    __lit__00000000                          0x080000fc   Data           4  entry2.o(.ARM.Collect$$$$00002712)
    .text                                    0x08000100   Section        0  application.o(.text)
    .text                                    0x0800015c   Section        0  main.o(.text)
    .text                                    0x0800016c   Section        0  stm32f10x_it.o(.text)
    .text                                    0x08000334   Section        0  misc.o(.text)
    .text                                    0x080003f0   Section        0  stm32f10x_exti.o(.text)
    .text                                    0x080004e4   Section        0  stm32f10x_gpio.o(.text)
    .text                                    0x0800077c   Section        0  stm32f10x_rcc.o(.text)
    .text                                    0x08000a64   Section        0  stm32f10x_usart.o(.text)
    .text                                    0x08000df0   Section        0  system_stm32f10x.o(.text)
    SetSysClockTo72                          0x08000df1   Thumb Code   146  system_stm32f10x.o(.text)
    SetSysClock                              0x08000e83   Thumb Code     2  system_stm32f10x.o(.text)
    .text                                    0x08000f4c   Section       36  startup_stm32f10x_md.o(.text)
    .text                                    0x08000f70   Section        0  ov7670.o(.text)
    .text                                    0x08001c38   Section        0  i2c.o(.text)
    .text                                    0x08001fe0   Section        0  delay.o(.text)
    .text                                    0x0800204c   Section        0  usart.o(.text)
    .text                                    0x08002134   Section        0  exit.o(.text)
    .text                                    0x080021a8   Section        0  led.o(.text)
    .text                                    0x080021fc   Section        0  dadd.o(.text)
    .text                                    0x08002346   Section        0  dmul.o(.text)
    .text                                    0x08002428   Section        0  ddiv.o(.text)
    .text                                    0x08002506   Section        0  dscalb.o(.text)
    .text                                    0x08002534   Section        0  dflti.o(.text)
    .text                                    0x08002556   Section        0  dfltui.o(.text)
    .text                                    0x08002570   Section        0  dfixi.o(.text)
    .text                                    0x080025ae   Section        0  llshl.o(.text)
    .text                                    0x080025cc   Section        0  llushr.o(.text)
    .text                                    0x080025ec   Section        0  llsshr.o(.text)
    .text                                    0x08002610   Section        0  depilogue.o(.text)
    .text                                    0x08002610   Section        0  iusefp.o(.text)
    .text                                    0x080026d4   Section       36  init.o(.text)
    i.__0printf$2                            0x080026f8   Section        0  printf2.o(i.__0printf$2)
    i.__scatterload_copy                     0x08002718   Section       14  handlers.o(i.__scatterload_copy)
    i.__scatterload_null                     0x08002726   Section        2  handlers.o(i.__scatterload_null)
    i.__scatterload_zeroinit                 0x08002728   Section       14  handlers.o(i.__scatterload_zeroinit)
    i._printf_core                           0x08002736   Section        0  printf2.o(i._printf_core)
    _printf_core                             0x08002737   Thumb Code   206  printf2.o(i._printf_core)
    .data                                    0x20000000   Section       20  stm32f10x_rcc.o(.data)
    ADCPrescTable                            0x20000000   Data           4  stm32f10x_rcc.o(.data)
    APBAHBPrescTable                         0x20000004   Data          16  stm32f10x_rcc.o(.data)
    .data                                    0x20000014   Section       20  system_stm32f10x.o(.data)
    .data                                    0x20000028   Section        1  ov7670.o(.data)
    .data                                    0x2000002c   Section       48  ov7670.o(.data)
    .data                                    0x2000005c   Section        4  delay.o(.data)
    fac_us                                   0x2000005c   Data           1  delay.o(.data)
    fac_ms                                   0x2000005e   Data           2  delay.o(.data)
    .data                                    0x20000060   Section        4  stdout.o(.data)
    .bss                                     0x20000064   Section     6560  ov7670.o(.bss)
    STACK                                    0x20001a08   Section     1024  startup_stm32f10x_md.o(STACK)

    Global Symbols

    Symbol Name                              Value     Ov Type        Size  Object(Section)

    BuildAttributes$$THM_ISAv4$P$D$K$B$S$PE$A:L22UL41UL21$X:L11$S22US41US21$IEEE1$IW$USESV6$~STKCKD$USESV7$~SHL$OSPACE$ROPI$EBA8$MICROLIB$REQ8$PRES8$EABIv2 0x00000000   Number         0  anon$$obj.o ABSOLUTE
    __ARM_use_no_argv                        0x00000000   Number         0  main.o ABSOLUTE
    _printf_a                                0x00000000   Number         0  stubs.o ABSOLUTE
    _printf_c                                0x00000000   Number         0  stubs.o ABSOLUTE
    _printf_charcount                        0x00000000   Number         0  stubs.o ABSOLUTE
    _printf_d                                0x00000000   Number         0  stubs.o ABSOLUTE
    _printf_e                                0x00000000   Number         0  stubs.o ABSOLUTE
    _printf_f                                0x00000000   Number         0  stubs.o ABSOLUTE
    _printf_flags                            0x00000000   Number         0  stubs.o ABSOLUTE
    _printf_fp_dec                           0x00000000   Number         0  stubs.o ABSOLUTE
    _printf_fp_hex                           0x00000000   Number         0  stubs.o ABSOLUTE
    _printf_g                                0x00000000   Number         0  stubs.o ABSOLUTE
    _printf_i                                0x00000000   Number         0  stubs.o ABSOLUTE
    _printf_int_dec                          0x00000000   Number         0  stubs.o ABSOLUTE
    _printf_l                                0x00000000   Number         0  stubs.o ABSOLUTE
    _printf_lc                               0x00000000   Number         0  stubs.o ABSOLUTE
    _printf_ll                               0x00000000   Number         0  stubs.o ABSOLUTE
    _printf_lld                              0x00000000   Number         0  stubs.o ABSOLUTE
    _printf_lli                              0x00000000   Number         0  stubs.o ABSOLUTE
    _printf_llo                              0x00000000   Number         0  stubs.o ABSOLUTE
    _printf_llu                              0x00000000   Number         0  stubs.o ABSOLUTE
    _printf_llx                              0x00000000   Number         0  stubs.o ABSOLUTE
    _printf_longlong_dec                     0x00000000   Number         0  stubs.o ABSOLUTE
    _printf_longlong_hex                     0x00000000   Number         0  stubs.o ABSOLUTE
    _printf_longlong_oct                     0x00000000   Number         0  stubs.o ABSOLUTE
    _printf_ls                               0x00000000   Number         0  stubs.o ABSOLUTE
    _printf_mbtowc                           0x00000000   Number         0  stubs.o ABSOLUTE
    _printf_n                                0x00000000   Number         0  stubs.o ABSOLUTE
    _printf_o                                0x00000000   Number         0  stubs.o ABSOLUTE
    _printf_p                                0x00000000   Number         0  stubs.o ABSOLUTE
    _printf_percent                          0x00000000   Number         0  stubs.o ABSOLUTE
    _printf_pre_padding                      0x00000000   Number         0  stubs.o ABSOLUTE
    _printf_return_value                     0x00000000   Number         0  stubs.o ABSOLUTE
    _printf_s                                0x00000000   Number         0  stubs.o ABSOLUTE
    _printf_sizespec                         0x00000000   Number         0  stubs.o ABSOLUTE
    _printf_str                              0x00000000   Number         0  stubs.o ABSOLUTE
    _printf_truncate_signed                  0x00000000   Number         0  stubs.o ABSOLUTE
    _printf_truncate_unsigned                0x00000000   Number         0  stubs.o ABSOLUTE
    _printf_u                                0x00000000   Number         0  stubs.o ABSOLUTE
    _printf_wc                               0x00000000   Number         0  stubs.o ABSOLUTE
    _printf_wctomb                           0x00000000   Number         0  stubs.o ABSOLUTE
    _printf_widthprec                        0x00000000   Number         0  stubs.o ABSOLUTE
    _printf_x                                0x00000000   Number         0  stubs.o ABSOLUTE
    __decompress                              - Undefined Weak Reference
    __Vectors_Size                           0x000000ec   Number         0  startup_stm32f10x_md.o ABSOLUTE
    __Vectors                                0x08000000   Data           4  startup_stm32f10x_md.o(RESET)
    __Vectors_End                            0x080000ec   Data           0  startup_stm32f10x_md.o(RESET)
    __main                                   0x080000ed   Thumb Code     0  entry.o(.ARM.Collect$$$$00000000)
    _main_stk                                0x080000ed   Thumb Code     0  entry2.o(.ARM.Collect$$$$00000001)
    _main_scatterload                        0x080000f1   Thumb Code     0  entry5.o(.ARM.Collect$$$$00000004)
    __main_after_scatterload                 0x080000f5   Thumb Code     0  entry5.o(.ARM.Collect$$$$00000004)
    _main_init                               0x080000f5   Thumb Code     0  entry7.o(.ARM.Collect$$$$00000007)
    Application                              0x08000101   Thumb Code    48  application.o(.text)
    Board_Init                               0x08000131   Thumb Code    32  application.o(.text)
    main                                     0x0800015d   Thumb Code    14  main.o(.text)
    NMI_Handler                              0x0800016d   Thumb Code     2  stm32f10x_it.o(.text)
    HardFault_Handler                        0x0800016f   Thumb Code     2  stm32f10x_it.o(.text)
    MemManage_Handler                        0x08000171   Thumb Code     2  stm32f10x_it.o(.text)
    BusFault_Handler                         0x08000173   Thumb Code     2  stm32f10x_it.o(.text)
    UsageFault_Handler                       0x08000175   Thumb Code     2  stm32f10x_it.o(.text)
    SVC_Handler                              0x08000177   Thumb Code     2  stm32f10x_it.o(.text)
    DebugMon_Handler                         0x08000179   Thumb Code     2  stm32f10x_it.o(.text)
    PendSV_Handler                           0x0800017b   Thumb Code     2  stm32f10x_it.o(.text)
    SysTick_Handler                          0x0800017d   Thumb Code     2  stm32f10x_it.o(.text)
    EXTI15_10_IRQHandler                     0x0800017f   Thumb Code   100  stm32f10x_it.o(.text)
    EXTI0_IRQHandler                         0x080001e3   Thumb Code   198  stm32f10x_it.o(.text)
    EXTI4_IRQHandler                         0x080002a9   Thumb Code    24  stm32f10x_it.o(.text)
    USART1_IRQHandler                        0x080002c1   Thumb Code    38  stm32f10x_it.o(.text)
    NVIC_PriorityGroupConfig                 0x08000335   Thumb Code    10  misc.o(.text)
    NVIC_Init                                0x0800033f   Thumb Code    92  misc.o(.text)
    NVIC_SetVectorTable                      0x0800039b   Thumb Code    12  misc.o(.text)
    NVIC_SystemLPConfig                      0x080003a7   Thumb Code    30  misc.o(.text)
    SysTick_CLKSourceConfig                  0x080003c5   Thumb Code    28  misc.o(.text)
    EXTI_DeInit                              0x080003f1   Thumb Code    18  stm32f10x_exti.o(.text)
    EXTI_Init                                0x08000403   Thumb Code   128  stm32f10x_exti.o(.text)
    EXTI_StructInit                          0x08000483   Thumb Code    14  stm32f10x_exti.o(.text)
    EXTI_GenerateSWInterrupt                 0x08000491   Thumb Code    12  stm32f10x_exti.o(.text)
    EXTI_GetFlagStatus                       0x0800049d   Thumb Code    16  stm32f10x_exti.o(.text)
    EXTI_ClearFlag                           0x080004ad   Thumb Code     6  stm32f10x_exti.o(.text)
    EXTI_GetITStatus                         0x080004b3   Thumb Code    26  stm32f10x_exti.o(.text)
    EXTI_ClearITPendingBit                   0x080004cd   Thumb Code     6  stm32f10x_exti.o(.text)
    GPIO_DeInit                              0x080004e5   Thumb Code   188  stm32f10x_gpio.o(.text)
    GPIO_AFIODeInit                          0x080005a1   Thumb Code    22  stm32f10x_gpio.o(.text)
    GPIO_Init                                0x080005b7   Thumb Code   166  stm32f10x_gpio.o(.text)
    GPIO_StructInit                          0x0800065d   Thumb Code    16  stm32f10x_gpio.o(.text)
    GPIO_ReadInputDataBit                    0x0800066d   Thumb Code    14  stm32f10x_gpio.o(.text)
    GPIO_ReadInputData                       0x0800067b   Thumb Code     6  stm32f10x_gpio.o(.text)
    GPIO_ReadOutputDataBit                   0x08000681   Thumb Code    14  stm32f10x_gpio.o(.text)
    GPIO_ReadOutputData                      0x0800068f   Thumb Code     6  stm32f10x_gpio.o(.text)
    GPIO_SetBits                             0x08000695   Thumb Code     4  stm32f10x_gpio.o(.text)
    GPIO_ResetBits                           0x08000699   Thumb Code     4  stm32f10x_gpio.o(.text)
    GPIO_WriteBit                            0x0800069d   Thumb Code    10  stm32f10x_gpio.o(.text)
    GPIO_Write                               0x080006a7   Thumb Code     4  stm32f10x_gpio.o(.text)
    GPIO_PinLockConfig                       0x080006ab   Thumb Code    16  stm32f10x_gpio.o(.text)
    GPIO_EventOutputConfig                   0x080006bb   Thumb Code    22  stm32f10x_gpio.o(.text)
    GPIO_EventOutputCmd                      0x080006d1   Thumb Code     6  stm32f10x_gpio.o(.text)
    GPIO_PinRemapConfig                      0x080006d7   Thumb Code    86  stm32f10x_gpio.o(.text)
    GPIO_EXTILineConfig                      0x0800072d   Thumb Code    34  stm32f10x_gpio.o(.text)
    GPIO_ETH_MediaInterfaceConfig            0x0800074f   Thumb Code     6  stm32f10x_gpio.o(.text)
    RCC_DeInit                               0x0800077d   Thumb Code    50  stm32f10x_rcc.o(.text)
    RCC_HSEConfig                            0x080007af   Thumb Code    50  stm32f10x_rcc.o(.text)
    RCC_GetFlagStatus                        0x080007e1   Thumb Code    42  stm32f10x_rcc.o(.text)
    RCC_WaitForHSEStartUp                    0x0800080b   Thumb Code    40  stm32f10x_rcc.o(.text)
    RCC_AdjustHSICalibrationValue            0x08000833   Thumb Code    16  stm32f10x_rcc.o(.text)
    RCC_HSICmd                               0x08000843   Thumb Code     6  stm32f10x_rcc.o(.text)
    RCC_PLLConfig                            0x08000849   Thumb Code    16  stm32f10x_rcc.o(.text)
    RCC_PLLCmd                               0x08000859   Thumb Code     6  stm32f10x_rcc.o(.text)
    RCC_SYSCLKConfig                         0x0800085f   Thumb Code    14  stm32f10x_rcc.o(.text)
    RCC_GetSYSCLKSource                      0x0800086d   Thumb Code    10  stm32f10x_rcc.o(.text)
    RCC_HCLKConfig                           0x08000877   Thumb Code    14  stm32f10x_rcc.o(.text)
    RCC_PCLK1Config                          0x08000885   Thumb Code    14  stm32f10x_rcc.o(.text)
    RCC_PCLK2Config                          0x08000893   Thumb Code    16  stm32f10x_rcc.o(.text)
    RCC_ITConfig                             0x080008a3   Thumb Code    20  stm32f10x_rcc.o(.text)
    RCC_USBCLKConfig                         0x080008b7   Thumb Code     6  stm32f10x_rcc.o(.text)
    RCC_ADCCLKConfig                         0x080008bd   Thumb Code    14  stm32f10x_rcc.o(.text)
    RCC_LSEConfig                            0x080008cb   Thumb Code    34  stm32f10x_rcc.o(.text)
    RCC_LSICmd                               0x080008ed   Thumb Code     6  stm32f10x_rcc.o(.text)
    RCC_RTCCLKConfig                         0x080008f3   Thumb Code    10  stm32f10x_rcc.o(.text)
    RCC_RTCCLKCmd                            0x080008fd   Thumb Code     6  stm32f10x_rcc.o(.text)
    RCC_GetClocksFreq                        0x08000903   Thumb Code   152  stm32f10x_rcc.o(.text)
    RCC_AHBPeriphClockCmd                    0x0800099b   Thumb Code    20  stm32f10x_rcc.o(.text)
    RCC_APB2PeriphClockCmd                   0x080009af   Thumb Code    20  stm32f10x_rcc.o(.text)
    RCC_APB1PeriphClockCmd                   0x080009c3   Thumb Code    20  stm32f10x_rcc.o(.text)
    RCC_APB2PeriphResetCmd                   0x080009d7   Thumb Code    20  stm32f10x_rcc.o(.text)
    RCC_APB1PeriphResetCmd                   0x080009eb   Thumb Code    20  stm32f10x_rcc.o(.text)
    RCC_BackupResetCmd                       0x080009ff   Thumb Code     6  stm32f10x_rcc.o(.text)
    RCC_ClockSecuritySystemCmd               0x08000a05   Thumb Code     6  stm32f10x_rcc.o(.text)
    RCC_MCOConfig                            0x08000a0b   Thumb Code     6  stm32f10x_rcc.o(.text)
    RCC_ClearFlag                            0x08000a11   Thumb Code    12  stm32f10x_rcc.o(.text)
    RCC_GetITStatus                          0x08000a1d   Thumb Code    16  stm32f10x_rcc.o(.text)
    RCC_ClearITPendingBit                    0x08000a2d   Thumb Code     6  stm32f10x_rcc.o(.text)
    USART_DeInit                             0x08000a65   Thumb Code   144  stm32f10x_usart.o(.text)
    USART_Init                               0x08000af5   Thumb Code   184  stm32f10x_usart.o(.text)
    USART_StructInit                         0x08000bad   Thumb Code    22  stm32f10x_usart.o(.text)
    USART_ClockInit                          0x08000bc3   Thumb Code    30  stm32f10x_usart.o(.text)
    USART_ClockStructInit                    0x08000be1   Thumb Code    12  stm32f10x_usart.o(.text)
    USART_Cmd                                0x08000bed   Thumb Code    22  stm32f10x_usart.o(.text)
    USART_ITConfig                           0x08000c03   Thumb Code    54  stm32f10x_usart.o(.text)
    USART_DMACmd                             0x08000c39   Thumb Code    18  stm32f10x_usart.o(.text)
    USART_SetAddress                         0x08000c4b   Thumb Code    16  stm32f10x_usart.o(.text)
    USART_WakeUpConfig                       0x08000c5b   Thumb Code    16  stm32f10x_usart.o(.text)
    USART_ReceiverWakeUpCmd                  0x08000c6b   Thumb Code    22  stm32f10x_usart.o(.text)
    USART_LINBreakDetectLengthConfig         0x08000c81   Thumb Code    16  stm32f10x_usart.o(.text)
    USART_LINCmd                             0x08000c91   Thumb Code    22  stm32f10x_usart.o(.text)
    USART_SendData                           0x08000ca7   Thumb Code     8  stm32f10x_usart.o(.text)
    USART_ReceiveData                        0x08000caf   Thumb Code     8  stm32f10x_usart.o(.text)
    USART_SendBreak                          0x08000cb7   Thumb Code    10  stm32f10x_usart.o(.text)
    USART_SetGuardTime                       0x08000cc1   Thumb Code    16  stm32f10x_usart.o(.text)
    USART_SetPrescaler                       0x08000cd1   Thumb Code    16  stm32f10x_usart.o(.text)
    USART_SmartCardCmd                       0x08000ce1   Thumb Code    22  stm32f10x_usart.o(.text)
    USART_SmartCardNACKCmd                   0x08000cf7   Thumb Code    22  stm32f10x_usart.o(.text)
    USART_HalfDuplexCmd                      0x08000d0d   Thumb Code    22  stm32f10x_usart.o(.text)
    USART_OverSampling8Cmd                   0x08000d23   Thumb Code    22  stm32f10x_usart.o(.text)
    USART_OneBitMethodCmd                    0x08000d39   Thumb Code    22  stm32f10x_usart.o(.text)
    USART_IrDAConfig                         0x08000d4f   Thumb Code    16  stm32f10x_usart.o(.text)
    USART_IrDACmd                            0x08000d5f   Thumb Code    22  stm32f10x_usart.o(.text)
    USART_GetFlagStatus                      0x08000d75   Thumb Code    14  stm32f10x_usart.o(.text)
    USART_ClearFlag                          0x08000d83   Thumb Code     8  stm32f10x_usart.o(.text)
    USART_GetITStatus                        0x08000d8b   Thumb Code    64  stm32f10x_usart.o(.text)
    USART_ClearITPendingBit                  0x08000dcb   Thumb Code    16  stm32f10x_usart.o(.text)
    SystemInit                               0x08000e85   Thumb Code    64  system_stm32f10x.o(.text)
    SystemCoreClockUpdate                    0x08000ec5   Thumb Code   104  system_stm32f10x.o(.text)
    Reset_Handler                            0x08000f4d   Thumb Code     8  startup_stm32f10x_md.o(.text)
    ADC1_2_IRQHandler                        0x08000f67   Thumb Code     0  startup_stm32f10x_md.o(.text)
    CAN1_RX1_IRQHandler                      0x08000f67   Thumb Code     0  startup_stm32f10x_md.o(.text)
    CAN1_SCE_IRQHandler                      0x08000f67   Thumb Code     0  startup_stm32f10x_md.o(.text)
    DMA1_Channel1_IRQHandler                 0x08000f67   Thumb Code     0  startup_stm32f10x_md.o(.text)
    DMA1_Channel2_IRQHandler                 0x08000f67   Thumb Code     0  startup_stm32f10x_md.o(.text)
    DMA1_Channel3_IRQHandler                 0x08000f67   Thumb Code     0  startup_stm32f10x_md.o(.text)
    DMA1_Channel4_IRQHandler                 0x08000f67   Thumb Code     0  startup_stm32f10x_md.o(.text)
    DMA1_Channel5_IRQHandler                 0x08000f67   Thumb Code     0  startup_stm32f10x_md.o(.text)
    DMA1_Channel6_IRQHandler                 0x08000f67   Thumb Code     0  startup_stm32f10x_md.o(.text)
    DMA1_Channel7_IRQHandler                 0x08000f67   Thumb Code     0  startup_stm32f10x_md.o(.text)
    EXTI1_IRQHandler                         0x08000f67   Thumb Code     0  startup_stm32f10x_md.o(.text)
    EXTI2_IRQHandler                         0x08000f67   Thumb Code     0  startup_stm32f10x_md.o(.text)
    EXTI3_IRQHandler                         0x08000f67   Thumb Code     0  startup_stm32f10x_md.o(.text)
    EXTI9_5_IRQHandler                       0x08000f67   Thumb Code     0  startup_stm32f10x_md.o(.text)
    FLASH_IRQHandler                         0x08000f67   Thumb Code     0  startup_stm32f10x_md.o(.text)
    I2C1_ER_IRQHandler                       0x08000f67   Thumb Code     0  startup_stm32f10x_md.o(.text)
    I2C1_EV_IRQHandler                       0x08000f67   Thumb Code     0  startup_stm32f10x_md.o(.text)
    I2C2_ER_IRQHandler                       0x08000f67   Thumb Code     0  startup_stm32f10x_md.o(.text)
    I2C2_EV_IRQHandler                       0x08000f67   Thumb Code     0  startup_stm32f10x_md.o(.text)
    PVD_IRQHandler                           0x08000f67   Thumb Code     0  startup_stm32f10x_md.o(.text)
    RCC_IRQHandler                           0x08000f67   Thumb Code     0  startup_stm32f10x_md.o(.text)
    RTCAlarm_IRQHandler                      0x08000f67   Thumb Code     0  startup_stm32f10x_md.o(.text)
    RTC_IRQHandler                           0x08000f67   Thumb Code     0  startup_stm32f10x_md.o(.text)
    SPI1_IRQHandler                          0x08000f67   Thumb Code     0  startup_stm32f10x_md.o(.text)
    SPI2_IRQHandler                          0x08000f67   Thumb Code     0  startup_stm32f10x_md.o(.text)
    TAMPER_IRQHandler                        0x08000f67   Thumb Code     0  startup_stm32f10x_md.o(.text)
    TIM1_BRK_IRQHandler                      0x08000f67   Thumb Code     0  startup_stm32f10x_md.o(.text)
    TIM1_CC_IRQHandler                       0x08000f67   Thumb Code     0  startup_stm32f10x_md.o(.text)
    TIM1_TRG_COM_IRQHandler                  0x08000f67   Thumb Code     0  startup_stm32f10x_md.o(.text)
    TIM1_UP_IRQHandler                       0x08000f67   Thumb Code     0  startup_stm32f10x_md.o(.text)
    TIM2_IRQHandler                          0x08000f67   Thumb Code     0  startup_stm32f10x_md.o(.text)
    TIM3_IRQHandler                          0x08000f67   Thumb Code     0  startup_stm32f10x_md.o(.text)
    TIM4_IRQHandler                          0x08000f67   Thumb Code     0  startup_stm32f10x_md.o(.text)
    USART2_IRQHandler                        0x08000f67   Thumb Code     0  startup_stm32f10x_md.o(.text)
    USART3_IRQHandler                        0x08000f67   Thumb Code     0  startup_stm32f10x_md.o(.text)
    USBWakeUp_IRQHandler                     0x08000f67   Thumb Code     0  startup_stm32f10x_md.o(.text)
    USB_HP_CAN1_TX_IRQHandler                0x08000f67   Thumb Code     0  startup_stm32f10x_md.o(.text)
    USB_LP_CAN1_RX0_IRQHandler               0x08000f67   Thumb Code     0  startup_stm32f10x_md.o(.text)
    WWDG_IRQHandler                          0x08000f67   Thumb Code     0  startup_stm32f10x_md.o(.text)
    Data_Bus_Config                          0x08000f71   Thumb Code   268  ov7670.o(.text)
    OV7670_Register_Init                     0x0800107d   Thumb Code  1440  ov7670.o(.text)
    OV7670_Init                              0x0800161d   Thumb Code    30  ov7670.o(.text)
    Read_Pic                                 0x0800163b   Thumb Code   222  ov7670.o(.text)
    Send_Pic                                 0x08001719   Thumb Code   158  ov7670.o(.text)
    Display_MidLine                          0x080017b7   Thumb Code    34  ov7670.o(.text)
    Abs8                                     0x080017d9   Thumb Code    10  ov7670.o(.text)
    Curve                                    0x080017e3   Thumb Code    64  ov7670.o(.text)
    Least_Squares                            0x08001823   Thumb Code   368  ov7670.o(.text)
    SmoothMid                                0x08001993   Thumb Code   166  ov7670.o(.text)
    Get_MidLine                              0x08001a39   Thumb Code   196  ov7670.o(.text)
    Get_GrayValue                            0x08001afd   Thumb Code   142  ov7670.o(.text)
    TwoValue_Process                         0x08001b8b   Thumb Code   116  ov7670.o(.text)
    PIC_Process                              0x08001bff   Thumb Code    50  ov7670.o(.text)
    I2C_Configuration                        0x08001c39   Thumb Code    80  i2c.o(.text)
    I2C_Start                                0x08001c89   Thumb Code    70  i2c.o(.text)
    I2C_Stop                                 0x08001ccf   Thumb Code    54  i2c.o(.text)
    I2C_SendByte                             0x08001d05   Thumb Code   110  i2c.o(.text)
    I2C_ReadByte                             0x08001d73   Thumb Code    84  i2c.o(.text)
    I2C_WaitAck                              0x08001dc7   Thumb Code    74  i2c.o(.text)
    I2C_Ack                                  0x08001e11   Thumb Code    68  i2c.o(.text)
    I2C_NAck                                 0x08001e55   Thumb Code    70  i2c.o(.text)
    I2C_WriteByte                            0x08001e9b   Thumb Code   114  i2c.o(.text)
    I2C_ReadOneByte                          0x08001f0d   Thumb Code   144  i2c.o(.text)
    delay_init                               0x08001fe1   Thumb Code    28  delay.o(.text)
    delay_ms                                 0x08001ffd   Thumb Code    40  delay.o(.text)
    delay_us                                 0x08002025   Thumb Code    34  delay.o(.text)
    fputc                                    0x0800204d   Thumb Code    30  usart.o(.text)
    USART_Config                             0x0800206b   Thumb Code   142  usart.o(.text)
    NVIC_Config                              0x080020f9   Thumb Code    50  usart.o(.text)
    EXTI_Config                              0x08002135   Thumb Code   110  exit.o(.text)
    LED_Init                                 0x080021a9   Thumb Code    80  led.o(.text)
    __aeabi_dadd                             0x080021fd   Thumb Code   318  dadd.o(.text)
    __aeabi_dsub                             0x0800233b   Thumb Code     6  dadd.o(.text)
    __aeabi_drsub                            0x08002341   Thumb Code     6  dadd.o(.text)
    __aeabi_dmul                             0x08002347   Thumb Code   226  dmul.o(.text)
    __aeabi_ddiv                             0x08002429   Thumb Code   222  ddiv.o(.text)
    __ARM_scalbn                             0x08002507   Thumb Code    46  dscalb.o(.text)
    scalbn                                   0x08002507   Thumb Code     0  dscalb.o(.text)
    __aeabi_i2d                              0x08002535   Thumb Code    34  dflti.o(.text)
    __aeabi_ui2d                             0x08002557   Thumb Code    26  dfltui.o(.text)
    __aeabi_d2iz                             0x08002571   Thumb Code    62  dfixi.o(.text)
    __aeabi_llsl                             0x080025af   Thumb Code    30  llshl.o(.text)
    _ll_shift_l                              0x080025af   Thumb Code     0  llshl.o(.text)
    __aeabi_llsr                             0x080025cd   Thumb Code    32  llushr.o(.text)
    _ll_ushift_r                             0x080025cd   Thumb Code     0  llushr.o(.text)
    __aeabi_lasr                             0x080025ed   Thumb Code    36  llsshr.o(.text)
    _ll_sshift_r                             0x080025ed   Thumb Code     0  llsshr.o(.text)
    __I$use$fp                               0x08002611   Thumb Code     0  iusefp.o(.text)
    _double_round                            0x08002611   Thumb Code    26  depilogue.o(.text)
    _double_epilogue                         0x0800262b   Thumb Code   168  depilogue.o(.text)
    __scatterload                            0x080026d5   Thumb Code    28  init.o(.text)
    __scatterload_rt2                        0x080026d5   Thumb Code     0  init.o(.text)
    __0printf$2                              0x080026f9   Thumb Code    22  printf2.o(i.__0printf$2)
    __1printf$2                              0x080026f9   Thumb Code     0  printf2.o(i.__0printf$2)
    __2printf                                0x080026f9   Thumb Code     0  printf2.o(i.__0printf$2)
    __scatterload_copy                       0x08002719   Thumb Code    14  handlers.o(i.__scatterload_copy)
    __scatterload_null                       0x08002727   Thumb Code     2  handlers.o(i.__scatterload_null)
    __scatterload_zeroinit                   0x08002729   Thumb Code    14  handlers.o(i.__scatterload_zeroinit)
    Region$$Table$$Base                      0x08002804   Number         0  anon$$obj.o(Region$$Table)
    Region$$Table$$Limit                     0x08002824   Number         0  anon$$obj.o(Region$$Table)
    SystemCoreClock                          0x20000014   Data           4  system_stm32f10x.o(.data)
    AHBPrescTable                            0x20000018   Data          16  system_stm32f10x.o(.data)
    OV_State                                 0x20000028   Data           1  ov7670.o(.data)
    Curve_Value                              0x2000002c   Data           1  ov7670.o(.data)
    TrueLine                                 0x2000002e   Data           2  ov7670.o(.data)
    Threshold                                0x20000030   Data           4  ov7670.o(.data)
    y                                        0x20000034   Data          40  ov7670.o(.data)
    __stdout                                 0x20000060   Data           4  stdout.o(.data)
    Mid_Line                                 0x20000064   Data         160  ov7670.o(.bss)
    PIC                                      0x20000104   Data        6400  ov7670.o(.bss)
    __initial_sp                             0x20001e08   Data           0  startup_stm32f10x_md.o(STACK)



==============================================================================

Memory Map of the image

  Image Entry point : 0x080000ed

  Load Region LR_IROM1 (Base: 0x08000000, Size: 0x00002888, Max: 0x00020000, ABSOLUTE)

    Execution Region ER_IROM1 (Base: 0x08000000, Size: 0x00002824, Max: 0x00020000, ABSOLUTE)

    Base Addr    Size         Type   Attr      Idx    E Section Name        Object

    0x08000000   0x000000ec   Data   RO          385    RESET               startup_stm32f10x_md.o
    0x080000ec   0x00000000   Code   RO          498  * .ARM.Collect$$$$00000000  mc_w.l(entry.o)
    0x080000ec   0x00000004   Code   RO          776    .ARM.Collect$$$$00000001  mc_w.l(entry2.o)
    0x080000f0   0x00000004   Code   RO          779    .ARM.Collect$$$$00000004  mc_w.l(entry5.o)
    0x080000f4   0x00000008   Code   RO          780    .ARM.Collect$$$$00000007  mc_w.l(entry7.o)
    0x080000fc   0x00000004   Code   RO          777    .ARM.Collect$$$$00002712  mc_w.l(entry2.o)
    0x08000100   0x0000005c   Code   RO            1    .text               application.o
    0x0800015c   0x0000000e   Code   RO          133    .text               main.o
    0x0800016a   0x00000002   PAD
    0x0800016c   0x000001c8   Code   RO          145    .text               stm32f10x_it.o
    0x08000334   0x000000bc   Code   RO          160    .text               misc.o
    0x080003f0   0x000000f4   Code   RO          196    .text               stm32f10x_exti.o
    0x080004e4   0x00000298   Code   RO          232    .text               stm32f10x_gpio.o
    0x0800077c   0x000002e8   Code   RO          268    .text               stm32f10x_rcc.o
    0x08000a64   0x0000038c   Code   RO          330    .text               stm32f10x_usart.o
    0x08000df0   0x0000015c   Code   RO          365    .text               system_stm32f10x.o
    0x08000f4c   0x00000024   Code   RO          386    .text               startup_stm32f10x_md.o
    0x08000f70   0x00000cc8   Code   RO          390    .text               ov7670.o
    0x08001c38   0x000003a8   Code   RO          421    .text               i2c.o
    0x08001fe0   0x0000006c   Code   RO          433    .text               delay.o
    0x0800204c   0x000000e8   Code   RO          450    .text               usart.o
    0x08002134   0x00000074   Code   RO          462    .text               exit.o
    0x080021a8   0x00000054   Code   RO          486    .text               led.o
    0x080021fc   0x0000014a   Code   RO          762    .text               mf_w.l(dadd.o)
    0x08002346   0x000000e2   Code   RO          764    .text               mf_w.l(dmul.o)
    0x08002428   0x000000de   Code   RO          766    .text               mf_w.l(ddiv.o)
    0x08002506   0x0000002e   Code   RO          768    .text               mf_w.l(dscalb.o)
    0x08002534   0x00000022   Code   RO          770    .text               mf_w.l(dflti.o)
    0x08002556   0x0000001a   Code   RO          772    .text               mf_w.l(dfltui.o)
    0x08002570   0x0000003e   Code   RO          774    .text               mf_w.l(dfixi.o)
    0x080025ae   0x0000001e   Code   RO          786    .text               mc_w.l(llshl.o)
    0x080025cc   0x00000020   Code   RO          788    .text               mc_w.l(llushr.o)
    0x080025ec   0x00000024   Code   RO          790    .text               mc_w.l(llsshr.o)
    0x08002610   0x00000000   Code   RO          792    .text               mc_w.l(iusefp.o)
    0x08002610   0x000000c2   Code   RO          793    .text               mf_w.l(depilogue.o)
    0x080026d2   0x00000002   PAD
    0x080026d4   0x00000024   Code   RO          799    .text               mc_w.l(init.o)
    0x080026f8   0x00000020   Code   RO          568    i.__0printf$2       mc_w.l(printf2.o)
    0x08002718   0x0000000e   Code   RO          803    i.__scatterload_copy  mc_w.l(handlers.o)
    0x08002726   0x00000002   Code   RO          804    i.__scatterload_null  mc_w.l(handlers.o)
    0x08002728   0x0000000e   Code   RO          805    i.__scatterload_zeroinit  mc_w.l(handlers.o)
    0x08002736   0x000000ce   Code   RO          575    i._printf_core      mc_w.l(printf2.o)
    0x08002804   0x00000020   Data   RO          801    Region$$Table       anon$$obj.o


    Execution Region RW_IRAM1 (Base: 0x20000000, Size: 0x00001e08, Max: 0x00005000, ABSOLUTE)

    Base Addr    Size         Type   Attr      Idx    E Section Name        Object

    0x20000000   0x00000014   Data   RW          269    .data               stm32f10x_rcc.o
    0x20000014   0x00000014   Data   RW          366    .data               system_stm32f10x.o
    0x20000028   0x00000001   Data   RW          395    .data               ov7670.o
    0x20000029   0x00000003   PAD
    0x2000002c   0x00000030   Data   RW          397    .data               ov7670.o
    0x2000005c   0x00000004   Data   RW          434    .data               delay.o
    0x20000060   0x00000004   Data   RW          781    .data               mc_w.l(stdout.o)
    0x20000064   0x000019a0   Zero   RW          391    .bss                ov7670.o
    0x20001a04   0x00000004   PAD
    0x20001a08   0x00000400   Zero   RW          383    STACK               startup_stm32f10x_md.o


==============================================================================

Image component sizes


      Code (inc. data)   RO Data    RW Data    ZI Data      Debug   Object Name

        92         12          0          0          0     234893   application.o
         0          0          0          0          0         32   core_cm3.o
       108          6          0          4          0        919   delay.o
       116          6          0          0          0        626   exit.o
       936         68          0          0          0       2672   i2c.o
        84          4          0          0          0        463   led.o
        14          0          0          0          0        407   main.o
       188         16          0          0          0       1977   misc.o
      3272         42          0         49       6560       9222   ov7670.o
        36          8        236          0       1024        860   startup_stm32f10x_md.o
       244         18          0          0          0       2479   stm32f10x_exti.o
       664         40          0          0          0       6233   stm32f10x_gpio.o
       456         78          0          0          0       2115   stm32f10x_it.o
       744         50          0         20          0       9324   stm32f10x_rcc.o
       908         22          0          0          0       9116   stm32f10x_usart.o
       348         32          0         20          0       1995   system_stm32f10x.o
       232         10          0          0          0        965   usart.o

    ----------------------------------------------------------------------
      8444        412        268         96       7588     284298   Object Totals
         0          0         32          0          0          0   (incl. Generated)
         2          0          0          3          4          2   (incl. Padding)

    ----------------------------------------------------------------------

      Code (inc. data)   RO Data    RW Data    ZI Data      Debug   Library Member Name

         0          0          0          0          0          0   entry.o
         8          4          0          0          0          0   entry2.o
         4          0          0          0          0          0   entry5.o
         8          4          0          0          0          0   entry7.o
        30          0          0          0          0          0   handlers.o
        36          8          0          0          0         68   init.o
         0          0          0          0          0          0   iusefp.o
        30          0          0          0          0         68   llshl.o
        36          0          0          0          0         68   llsshr.o
        32          0          0          0          0         68   llushr.o
       238         10          0          0          0        176   printf2.o
         0          0          0          4          0          0   stdout.o
       330          0          0          0          0        148   dadd.o
       222          0          0          0          0        100   ddiv.o
       194          0          0          0          0        184   depilogue.o
        62          0          0          0          0         80   dfixi.o
        34          0          0          0          0         76   dflti.o
        26          0          0          0          0         76   dfltui.o
       226          0          0          0          0         96   dmul.o
        46          0          0          0          0         80   dscalb.o

    ----------------------------------------------------------------------
      1564         26          0          4          0       1288   Library Totals
         2          0          0          0          0          0   (incl. Padding)

    ----------------------------------------------------------------------

      Code (inc. data)   RO Data    RW Data    ZI Data      Debug   Library Name

       422         26          0          4          0        448   mc_w.l
      1140          0          0          0          0        840   mf_w.l

    ----------------------------------------------------------------------
      1564         26          0          4          0       1288   Library Totals

    ----------------------------------------------------------------------

==============================================================================


      Code (inc. data)   RO Data    RW Data    ZI Data      Debug   

     10008        438        268        100       7588     283508   Grand Totals
     10008        438        268        100       7588     283508   ELF Image Totals
     10008        438        268        100          0          0   ROM Totals

==============================================================================

    Total RO  Size (Code + RO Data)                10276 (  10.04kB)
    Total RW  Size (RW Data + ZI Data)              7688 (   7.51kB)
    Total ROM Size (Code + RO Data + RW Data)      10376 (  10.13kB)

==============================================================================

